Archive member included because of file (symbol)

.\CortexM3\ARM_GCC_493\Debug\Design01.a(cyfitter_cfg.o)
                              .\CortexM3\ARM_GCC_493\Debug\Cm3Start.o (cyfitter_cfg)
.\CortexM3\ARM_GCC_493\Debug\Design01.a(CyBootAsmGnu.o)
                              .\CortexM3\ARM_GCC_493\Debug\Design01.a(cyfitter_cfg.o) (CyDelayCycles)
.\CortexM3\ARM_GCC_493\Debug\Design01.a(CyDmac.o)
                              .\CortexM3\ARM_GCC_493\Debug\Cm3Start.o (CyDmacConfigure)
.\CortexM3\ARM_GCC_493\Debug\Design01.a(CyLib.o)
                              .\CortexM3\ARM_GCC_493\Debug\Cm3Start.o (CyHalt)
.\CortexM3\ARM_GCC_493\Debug\Design01.a(cyPm.o)
                              .\CortexM3\ARM_GCC_493\Debug\Design01.a(CyLib.o) (CyPmReadStatus)
.\CortexM3\ARM_GCC_493\Debug\Design01.a(LED.o)
                              .\CortexM3\ARM_GCC_493\Debug\main.o (LED_Write)
.\CortexM3\ARM_GCC_493\Debug\Design01.a(ADC_SAR_1.o)
                              .\CortexM3\ARM_GCC_493\Debug\main.o (ADC_SAR_1_Enable)
.\CortexM3\ARM_GCC_493\Debug\Design01.a(ADC_SAR_1_INT.o)
                              .\CortexM3\ARM_GCC_493\Debug\Design01.a(ADC_SAR_1.o) (ADC_SAR_1_ISR)
.\CortexM3\ARM_GCC_493\Debug\Design01.a(ADC_SAR_1_IRQ.o)
                              .\CortexM3\ARM_GCC_493\Debug\main.o (ADC_SAR_1_IRQ_Enable)
.\CortexM3\ARM_GCC_493\Debug\Design01.a(ADC_SAR_1_theACLK.o)
                              .\CortexM3\ARM_GCC_493\Debug\Design01.a(ADC_SAR_1.o) (ADC_SAR_1_theACLK_SetModeRegister)
.\CortexM3\ARM_GCC_493\Debug\Design01.a(PWM_1.o)
                              .\CortexM3\ARM_GCC_493\Debug\main.o (PWM_1_WriteCompare1)
.\CortexM3\ARM_GCC_493\Debug\Design01.a(PWM_2.o)
                              .\CortexM3\ARM_GCC_493\Debug\main.o (PWM_2_WriteCompare1)
.\CortexM3\ARM_GCC_493\Debug\Design01.a(Timer_1.o)
                              .\CortexM3\ARM_GCC_493\Debug\main.o (Timer_1_Enable)
.\CortexM3\ARM_GCC_493\Debug\Design01.a(isr_1.o)
                              .\CortexM3\ARM_GCC_493\Debug\main.o (isr_1_StartEx)
.\CortexM3\ARM_GCC_493\Debug\Design01.a(QuadDec_1.o)
                              .\CortexM3\ARM_GCC_493\Debug\main.o (QuadDec_1_GetCounter)
.\CortexM3\ARM_GCC_493\Debug\Design01.a(QuadDec_2.o)
                              .\CortexM3\ARM_GCC_493\Debug\main.o (QuadDec_2_GetCounter)
.\CortexM3\ARM_GCC_493\Debug\Design01.a(QuadDec_1_Cnt8.o)
                              .\CortexM3\ARM_GCC_493\Debug\Design01.a(QuadDec_1.o) (QuadDec_1_Cnt8_Stop)
.\CortexM3\ARM_GCC_493\Debug\Design01.a(QuadDec_2_Cnt8.o)
                              .\CortexM3\ARM_GCC_493\Debug\Design01.a(QuadDec_2.o) (QuadDec_2_Cnt8_Stop)
.\CortexM3\ARM_GCC_493\Debug\Design01.a(ADC_SAR_Seq_1.o)
                              .\CortexM3\ARM_GCC_493\Debug\main.o (ADC_SAR_Seq_1_Start)
.\CortexM3\ARM_GCC_493\Debug\Design01.a(ADC_SAR_Seq_1_INT.o)
                              .\CortexM3\ARM_GCC_493\Debug\Design01.a(ADC_SAR_Seq_1.o) (ADC_SAR_Seq_1_ISR)
.\CortexM3\ARM_GCC_493\Debug\Design01.a(ADC_SAR_Seq_1_SAR.o)
                              .\CortexM3\ARM_GCC_493\Debug\Design01.a(ADC_SAR_Seq_1.o) (ADC_SAR_Seq_1_SAR_shift)
.\CortexM3\ARM_GCC_493\Debug\Design01.a(ADC_SAR_Seq_1_TempBuf_dma.o)
                              .\CortexM3\ARM_GCC_493\Debug\Design01.a(ADC_SAR_Seq_1.o) (ADC_SAR_Seq_1_TempBuf_DmaInitialize)
.\CortexM3\ARM_GCC_493\Debug\Design01.a(ADC_SAR_Seq_1_FinalBuf_dma.o)
                              .\CortexM3\ARM_GCC_493\Debug\Design01.a(ADC_SAR_Seq_1.o) (ADC_SAR_Seq_1_FinalBuf_DmaInitialize)
.\CortexM3\ARM_GCC_493\Debug\Design01.a(ADC_SAR_Seq_1_IRQ.o)
                              .\CortexM3\ARM_GCC_493\Debug\Design01.a(ADC_SAR_Seq_1.o) (ADC_SAR_Seq_1_IRQ_SetVector)
.\CortexM3\ARM_GCC_493\Debug\Design01.a(CyFlash.o)
                              .\CortexM3\ARM_GCC_493\Debug\Design01.a(cyPm.o) (CyFlash_SetWaitCycles)
.\CortexM3\ARM_GCC_493\Debug\Design01.a(CySpc.o)
                              .\CortexM3\ARM_GCC_493\Debug\Design01.a(CyFlash.o) (CySpcStart)
.\CortexM3\ARM_GCC_493\Debug\Design01.a(cyutils.o)
                              .\CortexM3\ARM_GCC_493\Debug\Design01.a(Timer_1.o) (CySetReg24)
c:/program files (x86)/cypress/psoc creator/3.3/psoc creator/import/gnu/arm/4.9.3/bin/../lib/gcc/arm-none-eabi/4.9.3/armv7-m\libgcc.a(_arm_addsubsf3.o)
                              .\CortexM3\ARM_GCC_493\Debug\Design01.a(ADC_SAR_1.o) (__aeabi_i2f)
c:/program files (x86)/cypress/psoc creator/3.3/psoc creator/import/gnu/arm/4.9.3/bin/../lib/gcc/arm-none-eabi/4.9.3/armv7-m\libgcc.a(_arm_muldivsf3.o)
                              .\CortexM3\ARM_GCC_493\Debug\Design01.a(ADC_SAR_1.o) (__aeabi_fmul)
c:/program files (x86)/cypress/psoc creator/3.3/psoc creator/import/gnu/arm/4.9.3/bin/../lib/gcc/arm-none-eabi/4.9.3/armv7-m\libgcc.a(_aeabi_ldivmod.o)
                              .\CortexM3\ARM_GCC_493\Debug\Design01.a(ADC_SAR_1.o) (__aeabi_ldivmod)
[...]
Memory Configuration

Name             Origin             Length             Attributes
rom              0x00000000         0x00040000         xr
ram              0x1fff8000         0x00010000         xrw
*default*        0x00000000         0xffffffff

Linker script and memory map

LOAD c:/program files (x86)/cypress/psoc creator/3.3/psoc creator/import/gnu/arm/4.9.3/bin/../lib/gcc/arm-none-eabi/4.9.3/armv7-m/crti.o
LOAD c:/program files (x86)/cypress/psoc creator/3.3/psoc creator/import/gnu/arm/4.9.3/bin/../lib/gcc/arm-none-eabi/4.9.3/armv7-m/crtbegin.o
LOAD c:/program files (x86)/cypress/psoc creator/3.3/psoc creator/import/gnu/arm/4.9.3/bin/../lib/gcc/arm-none-eabi/4.9.3/../../../../arm-none-eabi/lib/armv7-m/crt0.o
START GROUP
LOAD .\CortexM3\ARM_GCC_493\Debug\main.o
LOAD .\CortexM3\ARM_GCC_493\Debug\cymetadata.o
LOAD .\CortexM3\ARM_GCC_493\Debug\Cm3Start.o
LOAD .\CortexM3\ARM_GCC_493\Debug\Design01.a
LOAD C:\Program Files (x86)\Cypress\PSoC Creator\3.3\PSoC Creator\psoc\content\cycomponentlibrary\CyComponentLibrary.cylib\CortexM3\ARM_GCC_493\Debug\CyComponentLibrary.a
END GROUP
START GROUP
LOAD c:/program files (x86)/cypress/psoc creator/3.3/psoc creator/import/gnu/arm/4.9.3/bin/../lib/gcc/arm-none-eabi/4.9.3/armv7-m\libgcc.a
LOAD c:/program files (x86)/cypress/psoc creator/3.3/psoc creator/import/gnu/arm/4.9.3/bin/../lib/gcc/arm-none-eabi/4.9.3/../../../../arm-none-eabi/lib/armv7-m\libg_nano.a
LOAD c:/program files (x86)/cypress/psoc creator/3.3/psoc creator/import/gnu/arm/4.9.3/bin/../lib/gcc/arm-none-eabi/4.9.3/../../../../arm-none-eabi/lib/armv7-m\libc_nano.a
END GROUP
START GROUP
LOAD c:/program files (x86)/cypress/psoc creator/3.3/psoc creator/import/gnu/arm/4.9.3/bin/../lib/gcc/arm-none-eabi/4.9.3/armv7-m\libgcc.a
LOAD c:/program files (x86)/cypress/psoc creator/3.3/psoc creator/import/gnu/arm/4.9.3/bin/../lib/gcc/arm-none-eabi/4.9.3/../../../../arm-none-eabi/lib/armv7-m\libc_nano.a
END GROUP
LOAD c:/program files (x86)/cypress/psoc creator/3.3/psoc creator/import/gnu/arm/4.9.3/bin/../lib/gcc/arm-none-eabi/4.9.3/armv7-m/crtend.o
LOAD c:/program files (x86)/cypress/psoc creator/3.3/psoc creator/import/gnu/arm/4.9.3/bin/../lib/gcc/arm-none-eabi/4.9.3/armv7-m/crtn.o
START GROUP
LOAD c:/program files (x86)/cypress/psoc creator/3.3/psoc creator/import/gnu/arm/4.9.3/bin/../lib/gcc/arm-none-eabi/4.9.3/armv7-m\libgcc.a
LOAD c:/program files (x86)/cypress/psoc creator/3.3/psoc creator/import/gnu/arm/4.9.3/bin/../lib/gcc/arm-none-eabi/4.9.3/../../../../arm-none-eabi/lib/armv7-m\libc.a
LOAD c:/program files (x86)/cypress/psoc creator/3.3/psoc creator/import/gnu/arm/4.9.3/bin/../lib/gcc/arm-none-eabi/4.9.3/../../../../arm-none-eabi/lib/armv7-m\libnosys.a
END GROUP
                0x00000000                CY_APPL_ORIGIN = 0x0
                0x00000100                CY_FLASH_ROW_SIZE = 0x100
                0x00000020                CY_ECC_ROW_SIZE = 0x20
                0x00000000                CY_EE_IN_BTLDR = 0x0
                0x00000000                CY_APPL_LOADABLE = 0x0
                0x00000800                CY_EE_SIZE = 0x800
                0x00000001                CY_APPL_NUM = 0x1
                0x00000001                CY_APPL_MAX = 0x1
                0x00000040                CY_METADATA_SIZE = 0x40
                0x00000000                CY_APPL_LOADABLE = 0x0
                0x00000000                CY_CHECKSUM_EXCLUDE_SIZE = ALIGN (0x0, CY_FLASH_ROW_SIZE)
                0x1fff8190                PROVIDE (__cy_heap_start, _end)
                0x00000001                PROVIDE (__cy_region_num, ((__cy_regions_end - __cy_regions) / 0x10))
                0x20008000                PROVIDE (__cy_stack, (ORIGIN (ram) + 0x10000))
                0x20007800                PROVIDE (__cy_heap_end, (__cy_stack - 0x800))

.cybootloader   0x00000000        0x0
 *(.cybootloader)
                0x00000000                appl1_start = CY_APPL_ORIGIN?CY_APPL_ORIGIN:ALIGN (CY_FLASH_ROW_SIZE)
                0x0001ff00                appl2_start = (appl1_start + ALIGN ((((0x40000 - appl1_start) - (0x2 * CY_FLASH_ROW_SIZE)) / 0x2), CY_FLASH_ROW_SIZE))
                0x00000000                appl_start = (CY_APPL_NUM == 0x1)?appl1_start:appl2_start
                0x00000000                ecc_offset = ((appl_start / CY_FLASH_ROW_SIZE) * CY_ECC_ROW_SIZE)
                0x00000000                ee_offset = (CY_APPL_LOADABLE && ! (CY_EE_IN_BTLDR))?((CY_EE_SIZE / CY_APPL_MAX) * (CY_APPL_NUM - 0x1)):0x0
                0x00000800                ee_size = (CY_APPL_LOADABLE && ! (CY_EE_IN_BTLDR))?(CY_EE_SIZE / CY_APPL_MAX):CY_EE_SIZE
                0x00000000                PROVIDE (CY_ECC_OFFSET, ecc_offset)

.text           0x00000000     0x149e
 CREATE_OBJECT_SYMBOLS
                0x00000000                PROVIDE (__cy_interrupt_vector, RomVectors)
 *(.romvectors)
 .romvectors    0x00000000       0x10 .\CortexM3\ARM_GCC_493\Debug\Cm3Start.o
                0x00000000                RomVectors
                0x00000001                ASSERT ((. != __cy_interrupt_vector), No interrupt vector)
                0x00000001                ASSERT (CY_APPL_ORIGIN?(SIZEOF (.cybootloader) <= CY_APPL_ORIGIN):0x1, Wrong image location)
                0x00000010                PROVIDE (__cy_reset, Reset)
 *(.text.Reset)
 .text.Reset    0x00000010       0x18 .\CortexM3\ARM_GCC_493\Debug\Cm3Start.o
                0x00000010                Reset
                0x00000001                ASSERT ((. != __cy_reset), No reset code)
 *(.dma_init)
                0x00000001                ASSERT ((((appl_start + .) <= 0x10000) || 0x1), DMA Init must be within the first 64k of flash)
 *(.text .text.* .gnu.linkonce.t.*)
 .text          0x00000028       0x5c c:/program files (x86)/cypress/psoc creator/3.3/psoc creator/import/gnu/arm/4.9.3/bin/../lib/gcc/arm-none-eabi/4.9.3/armv7-m/crtbegin.o
 .text.Timer_1_Int_Handler
                0x00000084       0x58 .\CortexM3\ARM_GCC_493\Debug\main.o
                0x00000084                Timer_1_Int_Handler
 .text.moveForward
                0x000000dc       0x7c .\CortexM3\ARM_GCC_493\Debug\main.o
                0x000000dc                moveForward
 .text.main     0x00000158       0xf0 .\CortexM3\ARM_GCC_493\Debug\main.o
                0x00000158                main
 .text.IntDefaultHandler
                0x00000248        0x4 .\CortexM3\ARM_GCC_493\Debug\Cm3Start.o
                0x00000248                IntDefaultHandler
 .text.Start_c  0x0000024c       0x4c .\CortexM3\ARM_GCC_493\Debug\Cm3Start.o
                0x0000024c                Start_c
 .text.initialize_psoc
                0x00000298       0x78 .\CortexM3\ARM_GCC_493\Debug\Cm3Start.o
                0x00000298                initialize_psoc
 .text.CyClockStartupError
                0x00000310        0x4 .\CortexM3\ARM_GCC_493\Debug\Design01.a(cyfitter_cfg.o)
 .text.cfg_write_bytes32
                0x00000314       0x34 .\CortexM3\ARM_GCC_493\Debug\Design01.a(cyfitter_cfg.o)
 .text.AnalogSetDefault
                0x00000348       0x5c .\CortexM3\ARM_GCC_493\Debug\Design01.a(cyfitter_cfg.o)
 .text.CYMEMZERO
                0x000003a4        0xc .\CortexM3\ARM_GCC_493\Debug\Design01.a(cyfitter_cfg.o)
 .text.ClockSetup
                0x000003b0       0xf8 .\CortexM3\ARM_GCC_493\Debug\Design01.a(cyfitter_cfg.o)
 .text.CYCONFIGCPY
                0x000004a8        0x8 .\CortexM3\ARM_GCC_493\Debug\Design01.a(cyfitter_cfg.o)
 .text.cyfitter_cfg
                0x000004b0      0x140 .\CortexM3\ARM_GCC_493\Debug\Design01.a(cyfitter_cfg.o)
                0x000004b0                cyfitter_cfg
 .text          0x000005f0       0x20 .\CortexM3\ARM_GCC_493\Debug\Design01.a(CyBootAsmGnu.o)
                0x000005f0                CyDelayCycles
                0x00000600                CyEnterCriticalSection
                0x00000608                CyExitCriticalSection
 .text.CyDmacConfigure
                0x00000610       0x34 .\CortexM3\ARM_GCC_493\Debug\Design01.a(CyDmac.o)
                0x00000610                CyDmacConfigure
 .text.CyDmaChEnable
                0x00000644       0x38 .\CortexM3\ARM_GCC_493\Debug\Design01.a(CyDmac.o)
                0x00000644                CyDmaChEnable
 .text.CyDmaClearPendingDrq
                0x0000067c       0x28 .\CortexM3\ARM_GCC_493\Debug\Design01.a(CyDmac.o)
                0x0000067c                CyDmaClearPendingDrq
 .text.CyDmaChPriority
                0x000006a4       0x24 .\CortexM3\ARM_GCC_493\Debug\Design01.a(CyDmac.o)
                0x000006a4                CyDmaChPriority
 .text.CyDmaChSetExtendedAddress
                0x000006c8       0x34 .\CortexM3\ARM_GCC_493\Debug\Design01.a(CyDmac.o)
                0x000006c8                CyDmaChSetExtendedAddress
 .text.CyDmaChSetInitialTd
                0x000006fc       0x18 .\CortexM3\ARM_GCC_493\Debug\Design01.a(CyDmac.o)
                0x000006fc                CyDmaChSetInitialTd
 .text.CyDmaChSetConfiguration
                0x00000714       0x48 .\CortexM3\ARM_GCC_493\Debug\Design01.a(CyDmac.o)
                0x00000714                CyDmaChSetConfiguration
 .text.CyDmaTdAllocate
                0x0000075c       0x34 .\CortexM3\ARM_GCC_493\Debug\Design01.a(CyDmac.o)
                0x0000075c                CyDmaTdAllocate
 .text.CyDmaTdSetConfiguration
                0x00000790       0x28 .\CortexM3\ARM_GCC_493\Debug\Design01.a(CyDmac.o)
                0x00000790                CyDmaTdSetConfiguration
 .text.CyDmaTdSetAddress
                0x000007b8       0x1c .\CortexM3\ARM_GCC_493\Debug\Design01.a(CyDmac.o)
                0x000007b8                CyDmaTdSetAddress
 .text.CyHalt   0x000007d4        0x4 .\CortexM3\ARM_GCC_493\Debug\Design01.a(CyLib.o)
                0x000007d4                CyHalt
 .text.CyDelayUs
                0x000007d8       0x14 .\CortexM3\ARM_GCC_493\Debug\Design01.a(CyLib.o)
                0x000007d8                CyDelayUs
 .text.CyIntSetVector
                0x000007ec       0x28 .\CortexM3\ARM_GCC_493\Debug\Design01.a(CyLib.o)
                0x000007ec                CyIntSetVector
 .text.CyIntSetPriority
                0x00000814       0x30 .\CortexM3\ARM_GCC_493\Debug\Design01.a(CyLib.o)
                0x00000814                CyIntSetPriority
 .text.LED_Write
                0x00000844       0x18 .\CortexM3\ARM_GCC_493\Debug\Design01.a(LED.o)
                0x00000844                LED_Write
 .text.ADC_SAR_1_CalcGain
                0x0000085c       0x64 .\CortexM3\ARM_GCC_493\Debug\Design01.a(ADC_SAR_1.o)
 .text.ADC_SAR_1_Enable
                0x000008c0       0x98 .\CortexM3\ARM_GCC_493\Debug\Design01.a(ADC_SAR_1.o)
                0x000008c0                ADC_SAR_1_Enable
 .text.ADC_SAR_1_SetResolution
                0x00000958       0x38 .\CortexM3\ARM_GCC_493\Debug\Design01.a(ADC_SAR_1.o)
                0x00000958                ADC_SAR_1_SetResolution
 .text.ADC_SAR_1_Init
                0x00000990       0x3c .\CortexM3\ARM_GCC_493\Debug\Design01.a(ADC_SAR_1.o)
                0x00000990                ADC_SAR_1_Init
 .text.ADC_SAR_1_Start
                0x000009cc       0x1c .\CortexM3\ARM_GCC_493\Debug\Design01.a(ADC_SAR_1.o)
                0x000009cc                ADC_SAR_1_Start
 .text.ADC_SAR_1_StartConvert
                0x000009e8       0x10 .\CortexM3\ARM_GCC_493\Debug\Design01.a(ADC_SAR_1.o)
                0x000009e8                ADC_SAR_1_StartConvert
 .text.ADC_SAR_1_GetResult16
                0x000009f8       0x18 .\CortexM3\ARM_GCC_493\Debug\Design01.a(ADC_SAR_1.o)
                0x000009f8                ADC_SAR_1_GetResult16
 .text.ADC_SAR_1_CountsTo_mVolts
                0x00000a10       0x54 .\CortexM3\ARM_GCC_493\Debug\Design01.a(ADC_SAR_1.o)
                0x00000a10                ADC_SAR_1_CountsTo_mVolts
 .text.ADC_SAR_1_ISR
                0x00000a64        0x4 .\CortexM3\ARM_GCC_493\Debug\Design01.a(ADC_SAR_1_INT.o)
                0x00000a64                ADC_SAR_1_ISR
 .text.ADC_SAR_1_IRQ_Enable
                0x00000a68        0xc .\CortexM3\ARM_GCC_493\Debug\Design01.a(ADC_SAR_1_IRQ.o)
                0x00000a68                ADC_SAR_1_IRQ_Enable
 .text.ADC_SAR_1_theACLK_SetModeRegister
                0x00000a74       0x14 .\CortexM3\ARM_GCC_493\Debug\Design01.a(ADC_SAR_1_theACLK.o)
                0x00000a74                ADC_SAR_1_theACLK_SetModeRegister
 .text.PWM_1_Enable
                0x00000a88       0x10 .\CortexM3\ARM_GCC_493\Debug\Design01.a(PWM_1.o)
                0x00000a88                PWM_1_Enable
 .text.PWM_1_WriteCounter
                0x00000a98        0xc .\CortexM3\ARM_GCC_493\Debug\Design01.a(PWM_1.o)
                0x00000a98                PWM_1_WriteCounter
 .text.PWM_1_WritePeriod
                0x00000aa4        0xc .\CortexM3\ARM_GCC_493\Debug\Design01.a(PWM_1.o)
                0x00000aa4                PWM_1_WritePeriod
 .text.PWM_1_WriteCompare1
                0x00000ab0        0xc .\CortexM3\ARM_GCC_493\Debug\Design01.a(PWM_1.o)
                0x00000ab0                PWM_1_WriteCompare1
 .text.PWM_1_WriteCompare2
                0x00000abc        0xc .\CortexM3\ARM_GCC_493\Debug\Design01.a(PWM_1.o)
                0x00000abc                PWM_1_WriteCompare2
 .text.PWM_1_SetInterruptMode
                0x00000ac8        0xc .\CortexM3\ARM_GCC_493\Debug\Design01.a(PWM_1.o)
                0x00000ac8                PWM_1_SetInterruptMode
 .text.PWM_1_ReadStatusRegister
                0x00000ad4        0xc .\CortexM3\ARM_GCC_493\Debug\Design01.a(PWM_1.o)
                0x00000ad4                PWM_1_ReadStatusRegister
 .text.PWM_1_ReadCapture
                0x00000ae0        0xc .\CortexM3\ARM_GCC_493\Debug\Design01.a(PWM_1.o)
                0x00000ae0                PWM_1_ReadCapture
 .text.PWM_1_ClearFIFO
                0x00000aec       0x14 .\CortexM3\ARM_GCC_493\Debug\Design01.a(PWM_1.o)
                0x00000aec                PWM_1_ClearFIFO
 .text.PWM_1_Init
                0x00000b00       0x58 .\CortexM3\ARM_GCC_493\Debug\Design01.a(PWM_1.o)
                0x00000b00                PWM_1_Init
 .text.PWM_1_Start
                0x00000b58       0x1c .\CortexM3\ARM_GCC_493\Debug\Design01.a(PWM_1.o)
                0x00000b58                PWM_1_Start
 .text.PWM_2_Enable
                0x00000b74       0x10 .\CortexM3\ARM_GCC_493\Debug\Design01.a(PWM_2.o)
                0x00000b74                PWM_2_Enable
 .text.PWM_2_WriteCounter
                0x00000b84        0xc .\CortexM3\ARM_GCC_493\Debug\Design01.a(PWM_2.o)
                0x00000b84                PWM_2_WriteCounter
 .text.PWM_2_WritePeriod
                0x00000b90        0xc .\CortexM3\ARM_GCC_493\Debug\Design01.a(PWM_2.o)
                0x00000b90                PWM_2_WritePeriod
 .text.PWM_2_WriteCompare1
                0x00000b9c        0xc .\CortexM3\ARM_GCC_493\Debug\Design01.a(PWM_2.o)
                0x00000b9c                PWM_2_WriteCompare1
 .text.PWM_2_WriteCompare2
                0x00000ba8        0xc .\CortexM3\ARM_GCC_493\Debug\Design01.a(PWM_2.o)
                0x00000ba8                PWM_2_WriteCompare2
 .text.PWM_2_SetInterruptMode
                0x00000bb4        0xc .\CortexM3\ARM_GCC_493\Debug\Design01.a(PWM_2.o)
                0x00000bb4                PWM_2_SetInterruptMode
 .text.PWM_2_ReadStatusRegister
                0x00000bc0        0xc .\CortexM3\ARM_GCC_493\Debug\Design01.a(PWM_2.o)
                0x00000bc0                PWM_2_ReadStatusRegister
 .text.PWM_2_ReadCapture
                0x00000bcc        0xc .\CortexM3\ARM_GCC_493\Debug\Design01.a(PWM_2.o)
                0x00000bcc                PWM_2_ReadCapture
 .text.PWM_2_ClearFIFO
                0x00000bd8       0x14 .\CortexM3\ARM_GCC_493\Debug\Design01.a(PWM_2.o)
                0x00000bd8                PWM_2_ClearFIFO
 .text.PWM_2_Init
                0x00000bec       0x58 .\CortexM3\ARM_GCC_493\Debug\Design01.a(PWM_2.o)
                0x00000bec                PWM_2_Init
 .text.PWM_2_Start
                0x00000c44       0x1c .\CortexM3\ARM_GCC_493\Debug\Design01.a(PWM_2.o)
                0x00000c44                PWM_2_Start
 .text.Timer_1_Enable
                0x00000c60       0x10 .\CortexM3\ARM_GCC_493\Debug\Design01.a(Timer_1.o)
                0x00000c60                Timer_1_Enable
 .text.Timer_1_SetInterruptMode
                0x00000c70        0xc .\CortexM3\ARM_GCC_493\Debug\Design01.a(Timer_1.o)
                0x00000c70                Timer_1_SetInterruptMode
 .text.Timer_1_ReadStatusRegister
                0x00000c7c        0xc .\CortexM3\ARM_GCC_493\Debug\Design01.a(Timer_1.o)
                0x00000c7c                Timer_1_ReadStatusRegister
 .text.Timer_1_WritePeriod
                0x00000c88       0x10 .\CortexM3\ARM_GCC_493\Debug\Design01.a(Timer_1.o)
                0x00000c88                Timer_1_WritePeriod
 .text.Timer_1_ReadCapture
                0x00000c98       0x10 .\CortexM3\ARM_GCC_493\Debug\Design01.a(Timer_1.o)
                0x00000c98                Timer_1_ReadCapture
 .text.Timer_1_WriteCounter
                0x00000ca8       0x10 .\CortexM3\ARM_GCC_493\Debug\Design01.a(Timer_1.o)
                0x00000ca8                Timer_1_WriteCounter
 .text.Timer_1_ClearFIFO
                0x00000cb8       0x14 .\CortexM3\ARM_GCC_493\Debug\Design01.a(Timer_1.o)
                0x00000cb8                Timer_1_ClearFIFO
 .text.Timer_1_Init
                0x00000ccc       0x38 .\CortexM3\ARM_GCC_493\Debug\Design01.a(Timer_1.o)
                0x00000ccc                Timer_1_Init
 .text.Timer_1_Start
                0x00000d04       0x1c .\CortexM3\ARM_GCC_493\Debug\Design01.a(Timer_1.o)
                0x00000d04                Timer_1_Start
 .text.isr_1_SetVector
                0x00000d20        0xc .\CortexM3\ARM_GCC_493\Debug\Design01.a(isr_1.o)
                0x00000d20                isr_1_SetVector
 .text.isr_1_SetPriority
                0x00000d2c       0x10 .\CortexM3\ARM_GCC_493\Debug\Design01.a(isr_1.o)
                0x00000d2c                isr_1_SetPriority
 .text.isr_1_Enable
                0x00000d3c        0xc .\CortexM3\ARM_GCC_493\Debug\Design01.a(isr_1.o)
                0x00000d3c                isr_1_Enable
 .text.isr_1_Disable
                0x00000d48        0xc .\CortexM3\ARM_GCC_493\Debug\Design01.a(isr_1.o)
                0x00000d48                isr_1_Disable
 .text.isr_1_StartEx
                0x00000d54       0x1c .\CortexM3\ARM_GCC_493\Debug\Design01.a(isr_1.o)
                0x00000d54                isr_1_StartEx
 .text.QuadDec_1_GetCounter
                0x00000d70        0xc .\CortexM3\ARM_GCC_493\Debug\Design01.a(QuadDec_1.o)
                0x00000d70                QuadDec_1_GetCounter
 .text.QuadDec_1_SetCounter
                0x00000d7c       0x18 .\CortexM3\ARM_GCC_493\Debug\Design01.a(QuadDec_1.o)
                0x00000d7c                QuadDec_1_SetCounter
 .text.QuadDec_1_GetEvents
                0x00000d94       0x10 .\CortexM3\ARM_GCC_493\Debug\Design01.a(QuadDec_1.o)
                0x00000d94                QuadDec_1_GetEvents
 .text.QuadDec_1_SetInterruptMask
                0x00000da4        0xc .\CortexM3\ARM_GCC_493\Debug\Design01.a(QuadDec_1.o)
                0x00000da4                QuadDec_1_SetInterruptMask
 .text.QuadDec_1_Enable
                0x00000db0       0x24 .\CortexM3\ARM_GCC_493\Debug\Design01.a(QuadDec_1.o)
                0x00000db0                QuadDec_1_Enable
 .text.QuadDec_1_Start
                0x00000dd4       0x24 .\CortexM3\ARM_GCC_493\Debug\Design01.a(QuadDec_1.o)
                0x00000dd4                QuadDec_1_Start
 .text.QuadDec_2_GetCounter
                0x00000df8        0xc .\CortexM3\ARM_GCC_493\Debug\Design01.a(QuadDec_2.o)
                0x00000df8                QuadDec_2_GetCounter
 .text.QuadDec_2_SetCounter
                0x00000e04       0x18 .\CortexM3\ARM_GCC_493\Debug\Design01.a(QuadDec_2.o)
                0x00000e04                QuadDec_2_SetCounter
 .text.QuadDec_2_GetEvents
                0x00000e1c       0x10 .\CortexM3\ARM_GCC_493\Debug\Design01.a(QuadDec_2.o)
                0x00000e1c                QuadDec_2_GetEvents
 .text.QuadDec_2_SetInterruptMask
                0x00000e2c        0xc .\CortexM3\ARM_GCC_493\Debug\Design01.a(QuadDec_2.o)
                0x00000e2c                QuadDec_2_SetInterruptMask
 .text.QuadDec_2_Enable
                0x00000e38       0x24 .\CortexM3\ARM_GCC_493\Debug\Design01.a(QuadDec_2.o)
                0x00000e38                QuadDec_2_Enable
 .text.QuadDec_2_Start
                0x00000e5c       0x24 .\CortexM3\ARM_GCC_493\Debug\Design01.a(QuadDec_2.o)
                0x00000e5c                QuadDec_2_Start
 .text.QuadDec_1_Cnt8_Enable
                0x00000e80       0x10 .\CortexM3\ARM_GCC_493\Debug\Design01.a(QuadDec_1_Cnt8.o)
                0x00000e80                QuadDec_1_Cnt8_Enable
 .text.QuadDec_1_Cnt8_SetInterruptMode
                0x00000e90        0xc .\CortexM3\ARM_GCC_493\Debug\Design01.a(QuadDec_1_Cnt8.o)
                0x00000e90                QuadDec_1_Cnt8_SetInterruptMode
 .text.QuadDec_1_Cnt8_ReadStatusRegister
                0x00000e9c        0xc .\CortexM3\ARM_GCC_493\Debug\Design01.a(QuadDec_1_Cnt8.o)
                0x00000e9c                QuadDec_1_Cnt8_ReadStatusRegister
 .text.QuadDec_1_Cnt8_WriteCounter
                0x00000ea8        0xc .\CortexM3\ARM_GCC_493\Debug\Design01.a(QuadDec_1_Cnt8.o)
                0x00000ea8                QuadDec_1_Cnt8_WriteCounter
 .text.QuadDec_1_Cnt8_ReadCounter
                0x00000eb4       0x14 .\CortexM3\ARM_GCC_493\Debug\Design01.a(QuadDec_1_Cnt8.o)
                0x00000eb4                QuadDec_1_Cnt8_ReadCounter
 .text.QuadDec_1_Cnt8_ReadCapture
                0x00000ec8        0xc .\CortexM3\ARM_GCC_493\Debug\Design01.a(QuadDec_1_Cnt8.o)
                0x00000ec8                QuadDec_1_Cnt8_ReadCapture
 .text.QuadDec_1_Cnt8_WritePeriod
                0x00000ed4        0xc .\CortexM3\ARM_GCC_493\Debug\Design01.a(QuadDec_1_Cnt8.o)
                0x00000ed4                QuadDec_1_Cnt8_WritePeriod
 .text.QuadDec_1_Cnt8_WriteCompare
                0x00000ee0        0xc .\CortexM3\ARM_GCC_493\Debug\Design01.a(QuadDec_1_Cnt8.o)
                0x00000ee0                QuadDec_1_Cnt8_WriteCompare
 .text.QuadDec_1_Cnt8_ClearFIFO
                0x00000eec       0x14 .\CortexM3\ARM_GCC_493\Debug\Design01.a(QuadDec_1_Cnt8.o)
                0x00000eec                QuadDec_1_Cnt8_ClearFIFO
 .text.QuadDec_1_Cnt8_Init
                0x00000f00       0x50 .\CortexM3\ARM_GCC_493\Debug\Design01.a(QuadDec_1_Cnt8.o)
                0x00000f00                QuadDec_1_Cnt8_Init
 .text.QuadDec_1_Cnt8_Start
                0x00000f50       0x1c .\CortexM3\ARM_GCC_493\Debug\Design01.a(QuadDec_1_Cnt8.o)
                0x00000f50                QuadDec_1_Cnt8_Start
 .text.QuadDec_2_Cnt8_Enable
                0x00000f6c       0x10 .\CortexM3\ARM_GCC_493\Debug\Design01.a(QuadDec_2_Cnt8.o)
                0x00000f6c                QuadDec_2_Cnt8_Enable
 .text.QuadDec_2_Cnt8_SetInterruptMode
                0x00000f7c        0xc .\CortexM3\ARM_GCC_493\Debug\Design01.a(QuadDec_2_Cnt8.o)
                0x00000f7c                QuadDec_2_Cnt8_SetInterruptMode
 .text.QuadDec_2_Cnt8_ReadStatusRegister
                0x00000f88        0xc .\CortexM3\ARM_GCC_493\Debug\Design01.a(QuadDec_2_Cnt8.o)
                0x00000f88                QuadDec_2_Cnt8_ReadStatusRegister
 .text.QuadDec_2_Cnt8_WriteCounter
                0x00000f94        0xc .\CortexM3\ARM_GCC_493\Debug\Design01.a(QuadDec_2_Cnt8.o)
                0x00000f94                QuadDec_2_Cnt8_WriteCounter
 .text.QuadDec_2_Cnt8_ReadCounter
                0x00000fa0       0x14 .\CortexM3\ARM_GCC_493\Debug\Design01.a(QuadDec_2_Cnt8.o)
                0x00000fa0                QuadDec_2_Cnt8_ReadCounter
 .text.QuadDec_2_Cnt8_ReadCapture
                0x00000fb4        0xc .\CortexM3\ARM_GCC_493\Debug\Design01.a(QuadDec_2_Cnt8.o)
                0x00000fb4                QuadDec_2_Cnt8_ReadCapture
 .text.QuadDec_2_Cnt8_WritePeriod
                0x00000fc0        0xc .\CortexM3\ARM_GCC_493\Debug\Design01.a(QuadDec_2_Cnt8.o)
                0x00000fc0                QuadDec_2_Cnt8_WritePeriod
 .text.QuadDec_2_Cnt8_WriteCompare
                0x00000fcc        0xc .\CortexM3\ARM_GCC_493\Debug\Design01.a(QuadDec_2_Cnt8.o)
                0x00000fcc                QuadDec_2_Cnt8_WriteCompare
 .text.QuadDec_2_Cnt8_ClearFIFO
                0x00000fd8       0x14 .\CortexM3\ARM_GCC_493\Debug\Design01.a(QuadDec_2_Cnt8.o)
                0x00000fd8                QuadDec_2_Cnt8_ClearFIFO
 .text.QuadDec_2_Cnt8_Init
                0x00000fec       0x50 .\CortexM3\ARM_GCC_493\Debug\Design01.a(QuadDec_2_Cnt8.o)
                0x00000fec                QuadDec_2_Cnt8_Init
 .text.QuadDec_2_Cnt8_Start
                0x0000103c       0x1c .\CortexM3\ARM_GCC_493\Debug\Design01.a(QuadDec_2_Cnt8.o)
                0x0000103c                QuadDec_2_Cnt8_Start
 .text.ADC_SAR_Seq_1_Init
                0x00001058       0x3c .\CortexM3\ARM_GCC_493\Debug\Design01.a(ADC_SAR_Seq_1.o)
                0x00001058                ADC_SAR_Seq_1_Init
 .text.ADC_SAR_Seq_1_Enable
                0x00001094       0xcc .\CortexM3\ARM_GCC_493\Debug\Design01.a(ADC_SAR_Seq_1.o)
                0x00001094                ADC_SAR_Seq_1_Enable
 .text.ADC_SAR_Seq_1_Start
                0x00001160       0x28 .\CortexM3\ARM_GCC_493\Debug\Design01.a(ADC_SAR_Seq_1.o)
                0x00001160                ADC_SAR_Seq_1_Start
 .text.ADC_SAR_Seq_1_StartConvert
                0x00001188        0x8 .\CortexM3\ARM_GCC_493\Debug\Design01.a(ADC_SAR_Seq_1.o)
                0x00001188                ADC_SAR_Seq_1_StartConvert
 .text.ADC_SAR_Seq_1_GetResult16
                0x00001190       0x1c .\CortexM3\ARM_GCC_493\Debug\Design01.a(ADC_SAR_Seq_1.o)
                0x00001190                ADC_SAR_Seq_1_GetResult16
 .text.ADC_SAR_Seq_1_CountsTo_mVolts
                0x000011ac        0x8 .\CortexM3\ARM_GCC_493\Debug\Design01.a(ADC_SAR_Seq_1.o)
                0x000011ac                ADC_SAR_Seq_1_CountsTo_mVolts
 .text.ADC_SAR_Seq_1_ISR
                0x000011b4        0x4 .\CortexM3\ARM_GCC_493\Debug\Design01.a(ADC_SAR_Seq_1_INT.o)
                0x000011b4                ADC_SAR_Seq_1_ISR
 .text.ADC_SAR_Seq_1_SAR_CalcGain
                0x000011b8       0x64 .\CortexM3\ARM_GCC_493\Debug\Design01.a(ADC_SAR_Seq_1_SAR.o)
 .text.ADC_SAR_Seq_1_SAR_Enable
                0x0000121c       0x7c .\CortexM3\ARM_GCC_493\Debug\Design01.a(ADC_SAR_Seq_1_SAR.o)
                0x0000121c                ADC_SAR_Seq_1_SAR_Enable
 .text.ADC_SAR_Seq_1_SAR_SetResolution
                0x00001298       0x38 .\CortexM3\ARM_GCC_493\Debug\Design01.a(ADC_SAR_Seq_1_SAR.o)
                0x00001298                ADC_SAR_Seq_1_SAR_SetResolution
 .text.ADC_SAR_Seq_1_SAR_Init
                0x000012d0       0x24 .\CortexM3\ARM_GCC_493\Debug\Design01.a(ADC_SAR_Seq_1_SAR.o)
                0x000012d0                ADC_SAR_Seq_1_SAR_Init
 .text.ADC_SAR_Seq_1_SAR_Start
                0x000012f4       0x1c .\CortexM3\ARM_GCC_493\Debug\Design01.a(ADC_SAR_Seq_1_SAR.o)
                0x000012f4                ADC_SAR_Seq_1_SAR_Start
 .text.ADC_SAR_Seq_1_SAR_StartConvert
                0x00001310       0x10 .\CortexM3\ARM_GCC_493\Debug\Design01.a(ADC_SAR_Seq_1_SAR.o)
                0x00001310                ADC_SAR_Seq_1_SAR_StartConvert
 .text.ADC_SAR_Seq_1_SAR_CountsTo_mVolts
                0x00001320       0x54 .\CortexM3\ARM_GCC_493\Debug\Design01.a(ADC_SAR_Seq_1_SAR.o)
                0x00001320                ADC_SAR_Seq_1_SAR_CountsTo_mVolts
 .text.ADC_SAR_Seq_1_TempBuf_DmaInitialize
                0x00001374       0x40 .\CortexM3\ARM_GCC_493\Debug\Design01.a(ADC_SAR_Seq_1_TempBuf_dma.o)
                0x00001374                ADC_SAR_Seq_1_TempBuf_DmaInitialize
 .text.ADC_SAR_Seq_1_FinalBuf_DmaInitialize
                0x000013b4       0x3c .\CortexM3\ARM_GCC_493\Debug\Design01.a(ADC_SAR_Seq_1_FinalBuf_dma.o)
                0x000013b4                ADC_SAR_Seq_1_FinalBuf_DmaInitialize
 .text.ADC_SAR_Seq_1_IRQ_SetVector
                0x000013f0        0xc .\CortexM3\ARM_GCC_493\Debug\Design01.a(ADC_SAR_Seq_1_IRQ.o)
                0x000013f0                ADC_SAR_Seq_1_IRQ_SetVector
 .text.ADC_SAR_Seq_1_IRQ_SetPriority
                0x000013fc       0x10 .\CortexM3\ARM_GCC_493\Debug\Design01.a(ADC_SAR_Seq_1_IRQ.o)
                0x000013fc                ADC_SAR_Seq_1_IRQ_SetPriority
 .text.ADC_SAR_Seq_1_IRQ_Enable
                0x0000140c        0xc .\CortexM3\ARM_GCC_493\Debug\Design01.a(ADC_SAR_Seq_1_IRQ.o)
                0x0000140c                ADC_SAR_Seq_1_IRQ_Enable
 .text.CySetReg24
                0x00001418       0x14 .\CortexM3\ARM_GCC_493\Debug\Design01.a(cyutils.o)
                0x00001418                CySetReg24
 .text.__libc_init_array
                0x0000142c       0x4c c:/program files (x86)/cypress/psoc creator/3.3/psoc creator/import/gnu/arm/4.9.3/bin/../lib/gcc/arm-none-eabi/4.9.3/../../../../arm-none-eabi/lib/armv7-m\libg_nano.a(lib_a-init.o)
                0x0000142c                __libc_init_array
 .text.memcpy   0x00001478       0x16 c:/program files (x86)/cypress/psoc creator/3.3/psoc creator/import/gnu/arm/4.9.3/bin/../lib/gcc/arm-none-eabi/4.9.3/../../../../arm-none-eabi/lib/armv7-m\libg_nano.a(lib_a-memcpy.o)
                0x00001478                memcpy
 .text.memset   0x0000148e       0x10 c:/program files (x86)/cypress/psoc creator/3.3/psoc creator/import/gnu/arm/4.9.3/bin/../lib/gcc/arm-none-eabi/4.9.3/../../../../arm-none-eabi/lib/armv7-m\libg_nano.a(lib_a-memset.o)
                0x0000148e                memset
 *(.plt)
 *(.gnu.warning)
 *(.glue_7t)
 .glue_7t       0x00000000        0x0 linker stubs
 *(.glue_7)
 .glue_7        0x00000000        0x0 linker stubs
 *(.vfp11_veneer)
 .vfp11_veneer  0x00000000        0x0 linker stubs
 *(.bootloader)
 *(.ARM.extab* .gnu.linkonce.armextab.*)
 *(.gcc_except_table)

.v4_bx          0x000014a0        0x0
 .v4_bx         0x00000000        0x0 linker stubs

.iplt           0x000014a0        0x0
 .iplt          0x00000000        0x0 c:/program files (x86)/cypress/psoc creator/3.3/psoc creator/import/gnu/arm/4.9.3/bin/../lib/gcc/arm-none-eabi/4.9.3/armv7-m/crtbegin.o

.eh_frame_hdr
 *(.eh_frame_hdr)

.eh_frame       0x000014a0        0x4
 *(.eh_frame)
 .eh_frame      0x000014a0        0x0 c:/program files (x86)/cypress/psoc creator/3.3/psoc creator/import/gnu/arm/4.9.3/bin/../lib/gcc/arm-none-eabi/4.9.3/armv7-m/crtbegin.o
 .eh_frame      0x000014a0        0x4 c:/program files (x86)/cypress/psoc creator/3.3/psoc creator/import/gnu/arm/4.9.3/bin/../lib/gcc/arm-none-eabi/4.9.3/armv7-m/crtend.o
                0x000014a4                PROVIDE (__exidx_start, .)

.ARM.exidx
 *(.ARM.exidx* .gnu.linkonce.armexidx.*)
                0x000014a4                __exidx_end = .

.rodata         0x000014a4       0x64
 *(.rodata .rodata.* .gnu.linkonce.r.*)
 .rodata        0x000014a4       0x2c .\CortexM3\ARM_GCC_493\Debug\Design01.a(cyfitter_cfg.o)
                0x000014d0                . = ALIGN (0x4)
 *(.init)
 .init          0x000014d0        0x4 c:/program files (x86)/cypress/psoc creator/3.3/psoc creator/import/gnu/arm/4.9.3/bin/../lib/gcc/arm-none-eabi/4.9.3/armv7-m/crti.o
                0x000014d0                _init
 .init          0x000014d4        0x8 c:/program files (x86)/cypress/psoc creator/3.3/psoc creator/import/gnu/arm/4.9.3/bin/../lib/gcc/arm-none-eabi/4.9.3/armv7-m/crtn.o
                0x000014dc                . = ALIGN (0x4)
                0x000014dc                __preinit_array_start = .
 *(.preinit_array)
                0x000014dc                __preinit_array_end = .
                0x000014dc                . = ALIGN (0x4)
                0x000014dc                __init_array_start = .
 *(SORT(.init_array.*))
 *(.init_array)
 .init_array    0x000014dc        0x4 c:/program files (x86)/cypress/psoc creator/3.3/psoc creator/import/gnu/arm/4.9.3/bin/../lib/gcc/arm-none-eabi/4.9.3/armv7-m/crtbegin.o
 .init_array    0x000014e0        0x4 .\CortexM3\ARM_GCC_493\Debug\Cm3Start.o
                0x000014e4                __init_array_end = .
                0x000014e4                . = ALIGN (0x4)
 *(.fini)
 .fini          0x000014e4        0x4 c:/program files (x86)/cypress/psoc creator/3.3/psoc creator/import/gnu/arm/4.9.3/bin/../lib/gcc/arm-none-eabi/4.9.3/armv7-m/crti.o
                0x000014e4                _fini
 .fini          0x000014e8        0x8 c:/program files (x86)/cypress/psoc creator/3.3/psoc creator/import/gnu/arm/4.9.3/bin/../lib/gcc/arm-none-eabi/4.9.3/armv7-m/crtn.o
                0x000014f0                . = ALIGN (0x4)
                0x000014f0                __fini_array_start = .
 *(.fini_array)
 .fini_array    0x000014f0        0x4 c:/program files (x86)/cypress/psoc creator/3.3/psoc creator/import/gnu/arm/4.9.3/bin/../lib/gcc/arm-none-eabi/4.9.3/armv7-m/crtbegin.o
 *(SORT(.fini_array.*))
                0x000014f4                __fini_array_end = .
                0x000014f4                . = ALIGN (0x4)
 *crtbegin.o(.ctors)
 *(EXCLUDE_FILE(*crtend.o) .ctors)
 *(SORT(.ctors.*))
 *crtend.o(.ctors)
                0x000014f4                . = ALIGN (0x4)
 *crtbegin.o(.dtors)
 *(EXCLUDE_FILE(*crtend.o) .dtors)
 *(SORT(.dtors.*))
 *crtend.o(.dtors)
                0x000014f4                . = ALIGN (0x4)
                0x000014f4                __cy_regions = .
                0x000014f4        0x4 LONG 0x1508 __cy_region_init_ram
                0x000014f8        0x4 LONG 0x1fff8108 __cy_region_start_data
                0x000014fc        0x4 LONG 0x28 __cy_region_init_size_ram
                0x00001500        0x4 LONG 0x60 __cy_region_zero_size_ram
                0x00001504                __cy_regions_end = .
                0x00001508                . = ALIGN (0x8)
 *fill*         0x00001504        0x4 
                0x00001508                _etext = .

.cy_checksum_exclude
                0x00001508        0x0
 *(.cy_checksum_exclude)

.ramvectors     0x1fff8000      0x100
                0x1fff8000                __cy_region_start_ram = .
 *(.ramvectors)
 .ramvectors    0x1fff8000      0x100 .\CortexM3\ARM_GCC_493\Debug\Cm3Start.o
                0x1fff8000                CyRamVectors

.noinit         0x1fff8100        0x5
 *(.noinit)
 .noinit        0x1fff8100        0x4 .\CortexM3\ARM_GCC_493\Debug\Cm3Start.o
 .noinit        0x1fff8104        0x1 .\CortexM3\ARM_GCC_493\Debug\Design01.a(CyLib.o)
                0x1fff8104                CyResetStatus

.data           0x1fff8108       0x28 load address 0x00001508
                0x1fff8108                __cy_region_start_data = .
 *(.jcr)
 .jcr           0x1fff8108        0x0 c:/program files (x86)/cypress/psoc creator/3.3/psoc creator/import/gnu/arm/4.9.3/bin/../lib/gcc/arm-none-eabi/4.9.3/armv7-m/crtbegin.o
 .jcr           0x1fff8108        0x4 c:/program files (x86)/cypress/psoc creator/3.3/psoc creator/import/gnu/arm/4.9.3/bin/../lib/gcc/arm-none-eabi/4.9.3/armv7-m/crtend.o
 *(.got.plt)
 *(.got)
 *(.shdata)
 *(.data .data.* .gnu.linkonce.d.*)
 .data          0x1fff810c        0x4 .\CortexM3\ARM_GCC_493\Debug\main.o
                0x1fff810c                Count1
                0x1fff810d                Count2
                0x1fff810e                pwm1_speed
                0x1fff810f                pwm2_speed
 .data          0x1fff8110        0x8 .\CortexM3\ARM_GCC_493\Debug\Design01.a(CyDmac.o)
 .data          0x1fff8118       0x10 .\CortexM3\ARM_GCC_493\Debug\Design01.a(CyLib.o)
                0x1fff8118                cydelay_32k_ms
                0x1fff811c                cydelay_freq_khz
                0x1fff8120                cydelay_freq_mhz
                0x1fff8124                cydelay_freq_hz
 .data          0x1fff8128        0x2 .\CortexM3\ARM_GCC_493\Debug\Design01.a(ADC_SAR_Seq_1.o)
 .data          0x1fff812a        0x1 .\CortexM3\ARM_GCC_493\Debug\Design01.a(ADC_SAR_Seq_1_TempBuf_dma.o)
                0x1fff812a                ADC_SAR_Seq_1_TempBuf_DmaHandle
 .data          0x1fff812b        0x1 .\CortexM3\ARM_GCC_493\Debug\Design01.a(ADC_SAR_Seq_1_FinalBuf_dma.o)
                0x1fff812b                ADC_SAR_Seq_1_FinalBuf_DmaHandle
                0x1fff8130                . = ALIGN (0x8)
 *fill*         0x1fff812c        0x4 
 *(.ram)
                0x1fff8130                _edata = .

.igot.plt       0x1fff8130        0x0 load address 0x00001530
 .igot.plt      0x00000000        0x0 c:/program files (x86)/cypress/psoc creator/3.3/psoc creator/import/gnu/arm/4.9.3/bin/../lib/gcc/arm-none-eabi/4.9.3/armv7-m/crtbegin.o

.bss            0x1fff8130       0x60 load address 0x00001530
                0x1fff8130                PROVIDE (__bss_start__, .)
 *(.shbss)
 *(.bss .bss.* .gnu.linkonce.b.*)
 .bss           0x1fff8130       0x1c c:/program files (x86)/cypress/psoc creator/3.3/psoc creator/import/gnu/arm/4.9.3/bin/../lib/gcc/arm-none-eabi/4.9.3/armv7-m/crtbegin.o
 .bss           0x1fff814c        0x4 .\CortexM3\ARM_GCC_493\Debug\main.o
                0x1fff814c                int_ready
                0x1fff814d                led
                0x1fff814e                disablePWM
                0x1fff814f                dataReady
 .bss           0x1fff8150        0x1 .\CortexM3\ARM_GCC_493\Debug\Design01.a(ADC_SAR_1.o)
                0x1fff8150                ADC_SAR_1_initVar
 .bss           0x1fff8151        0x1 .\CortexM3\ARM_GCC_493\Debug\Design01.a(PWM_1.o)
                0x1fff8151                PWM_1_initVar
 .bss           0x1fff8152        0x1 .\CortexM3\ARM_GCC_493\Debug\Design01.a(PWM_2.o)
                0x1fff8152                PWM_2_initVar
 .bss           0x1fff8153        0x1 .\CortexM3\ARM_GCC_493\Debug\Design01.a(Timer_1.o)
                0x1fff8153                Timer_1_initVar
 .bss           0x1fff8154        0x1 .\CortexM3\ARM_GCC_493\Debug\Design01.a(QuadDec_1.o)
                0x1fff8154                QuadDec_1_initVar
 .bss           0x1fff8155        0x1 .\CortexM3\ARM_GCC_493\Debug\Design01.a(QuadDec_2.o)
                0x1fff8155                QuadDec_2_initVar
 .bss           0x1fff8156        0x1 .\CortexM3\ARM_GCC_493\Debug\Design01.a(QuadDec_1_Cnt8.o)
                0x1fff8156                QuadDec_1_Cnt8_initVar
 .bss           0x1fff8157        0x1 .\CortexM3\ARM_GCC_493\Debug\Design01.a(QuadDec_2_Cnt8.o)
                0x1fff8157                QuadDec_2_Cnt8_initVar
 .bss           0x1fff8158       0x10 .\CortexM3\ARM_GCC_493\Debug\Design01.a(ADC_SAR_Seq_1.o)
                0x1fff8164                ADC_SAR_Seq_1_initVar
 .bss           0x1fff8168        0x1 .\CortexM3\ARM_GCC_493\Debug\Design01.a(ADC_SAR_Seq_1_SAR.o)
                0x1fff8168                ADC_SAR_Seq_1_SAR_initVar
 *(COMMON)
 *fill*         0x1fff8169        0x1 
 COMMON         0x1fff816a        0x6 .\CortexM3\ARM_GCC_493\Debug\main.o
                0x1fff816a                batteryVoltage
                0x1fff816c                mVolts
                0x1fff816e                sensor1
 COMMON         0x1fff8170        0xa .\CortexM3\ARM_GCC_493\Debug\Design01.a(ADC_SAR_1.o)
                0x1fff8170                ADC_SAR_1_countsPerVolt
                0x1fff8172                ADC_SAR_1_shift
                0x1fff8174                ADC_SAR_1_countsPer10Volt
                0x1fff8178                ADC_SAR_1_offset
 *fill*         0x1fff817a        0x2 
 COMMON         0x1fff817c        0x8 .\CortexM3\ARM_GCC_493\Debug\Design01.a(ADC_SAR_Seq_1.o)
                0x1fff817c                ADC_SAR_Seq_1_finalArray
 COMMON         0x1fff8184        0xa .\CortexM3\ARM_GCC_493\Debug\Design01.a(ADC_SAR_Seq_1_SAR.o)
                0x1fff8184                ADC_SAR_Seq_1_SAR_countsPerVolt
                0x1fff8186                ADC_SAR_Seq_1_SAR_offset
                0x1fff8188                ADC_SAR_Seq_1_SAR_countsPer10Volt
                0x1fff818c                ADC_SAR_Seq_1_SAR_shift
                0x1fff8190                . = ALIGN (0x8)
 *fill*         0x1fff818e        0x2 
 *(.ram.b)
                0x1fff8190                _end = .
                0x1fff8190                __end = .
                0x1fff8190                PROVIDE (end, .)
                0x1fff8190                PROVIDE (__bss_end__, .)
                0x00001508                __cy_region_init_ram = LOADADDR (.data)
                0x00000028                __cy_region_init_size_ram = (_edata - ADDR (.data))
                0x00000060                __cy_region_zero_size_ram = (_end - _edata)

.heap           0x1fff8190       0x80 load address 0x00001530
                0x1fff8190                . = _end
                0x1fff8210                . = (. + 0x80)
 *fill*         0x1fff8190       0x80 
                0x1fff8210                __cy_heap_limit = .

.stack          0x20007800      0x800
                0x20007800                __cy_stack_limit = .
                0x20008000                . = (. + 0x800)
 *fill*         0x20007800      0x800 
                0x00000001                ASSERT ((__cy_stack_limit >= __cy_heap_limit), region RAM overflowed with stack)
                0x00000000                cy_checksum_exclude_size = (CY_APPL_LOADABLE == 0x1)?SIZEOF (.cy_checksum_exclude):0x0
                0x00000001                ASSERT ((cy_checksum_exclude_size <= CY_CHECKSUM_EXCLUDE_SIZE), CY_BOOT: Section .cy_checksum_exclude size exceedes specified limit.)

.cyloadermeta
 *(.cyloadermeta)

.cyloadablemeta
 *(.cyloadablemeta)

.cyconfigecc    0x80000000      0xfa0
 *(.cyconfigecc)
 .cyconfigecc   0x80000000      0xfa0 .\CortexM3\ARM_GCC_493\Debug\cymetadata.o
                0x80000000                cy_meta_configecc

.cycustnvl      0x90000000        0x4
 *(.cycustnvl)
 .cycustnvl     0x90000000        0x4 .\CortexM3\ARM_GCC_493\Debug\cymetadata.o
                0x90000000                cy_meta_custnvl

.cywolatch      0x90100000        0x4
 *(.cywolatch)
 .cywolatch     0x90100000        0x4 .\CortexM3\ARM_GCC_493\Debug\cymetadata.o
                0x90100000                cy_meta_wonvl

.cyeeprom       0x90200000        0x0
 *(.cyeeprom)
                0x00000001                ASSERT ((. <= ((0x90200000 + ee_offset) + ee_size)), .cyeeprom data will not fit in EEPROM)

.cyflashprotect
                0x90400000      0x100
 *(.cyflashprotect)
 .cyflashprotect
                0x90400000      0x100 .\CortexM3\ARM_GCC_493\Debug\cymetadata.o
                0x90400000                cy_meta_flashprotect

.cymeta         0x90500000        0xc
 *(.cymeta)
 .cymeta        0x90500000        0xc .\CortexM3\ARM_GCC_493\Debug\cymetadata.o
                0x90500000                cy_metadata

.rel.dyn        0x00001530        0x0 load address 0x9050000c
 .rel.iplt      0x00000000        0x0 c:/program files (x86)/cypress/psoc creator/3.3/psoc creator/import/gnu/arm/4.9.3/bin/../lib/gcc/arm-none-eabi/4.9.3/armv7-m/crtbegin.o

.stab
 *(.stab)

.stabstr
 *(.stabstr)

.debug
 *(.debug)

.line
 *(.line)

.debug_srcinfo
 *(.debug_srcinfo)

.debug_sfnames
 *(.debug_sfnames)

.debug_aranges  0x00000000      0xea0
 *(.debug_aranges)
 .debug_aranges
                0x00000000       0x30 .\CortexM3\ARM_GCC_493\Debug\main.o
 .debug_aranges
                0x00000030       0x18 .\CortexM3\ARM_GCC_493\Debug\cymetadata.o
 .debug_aranges
                0x00000048       0x48 .\CortexM3\ARM_GCC_493\Debug\Cm3Start.o
 .debug_aranges
                0x00000090       0x58 .\CortexM3\ARM_GCC_493\Debug\Design01.a(cyfitter_cfg.o)
 .debug_aranges
                0x000000e8       0x20 .\CortexM3\ARM_GCC_493\Debug\Design01.a(CyBootAsmGnu.o)
 .debug_aranges
                0x00000108       0xd8 .\CortexM3\ARM_GCC_493\Debug\Design01.a(CyDmac.o)
 .debug_aranges
                0x000001e0      0x298 .\CortexM3\ARM_GCC_493\Debug\Design01.a(CyLib.o)
 .debug_aranges
                0x00000478       0x98 .\CortexM3\ARM_GCC_493\Debug\Design01.a(cyPm.o)
 .debug_aranges
                0x00000510       0x38 .\CortexM3\ARM_GCC_493\Debug\Design01.a(LED.o)
 .debug_aranges
                0x00000548       0xa8 .\CortexM3\ARM_GCC_493\Debug\Design01.a(ADC_SAR_1.o)
 .debug_aranges
                0x000005f0       0x20 .\CortexM3\ARM_GCC_493\Debug\Design01.a(ADC_SAR_1_INT.o)
 .debug_aranges
                0x00000610       0x80 .\CortexM3\ARM_GCC_493\Debug\Design01.a(ADC_SAR_1_IRQ.o)
 .debug_aranges
                0x00000690       0x70 .\CortexM3\ARM_GCC_493\Debug\Design01.a(ADC_SAR_1_theACLK.o)
 .debug_aranges
                0x00000700       0xa8 .\CortexM3\ARM_GCC_493\Debug\Design01.a(PWM_1.o)
 .debug_aranges
                0x000007a8       0xa8 .\CortexM3\ARM_GCC_493\Debug\Design01.a(PWM_2.o)
 .debug_aranges
                0x00000850       0x90 .\CortexM3\ARM_GCC_493\Debug\Design01.a(Timer_1.o)
 .debug_aranges
                0x000008e0       0x80 .\CortexM3\ARM_GCC_493\Debug\Design01.a(isr_1.o)
 .debug_aranges
                0x00000960       0x60 .\CortexM3\ARM_GCC_493\Debug\Design01.a(QuadDec_1.o)
 .debug_aranges
                0x000009c0       0x60 .\CortexM3\ARM_GCC_493\Debug\Design01.a(QuadDec_2.o)
 .debug_aranges
                0x00000a20       0x98 .\CortexM3\ARM_GCC_493\Debug\Design01.a(QuadDec_1_Cnt8.o)
 .debug_aranges
                0x00000ab8       0x98 .\CortexM3\ARM_GCC_493\Debug\Design01.a(QuadDec_2_Cnt8.o)
 .debug_aranges
                0x00000b50       0xa0 .\CortexM3\ARM_GCC_493\Debug\Design01.a(ADC_SAR_Seq_1.o)
 .debug_aranges
                0x00000bf0       0x20 .\CortexM3\ARM_GCC_493\Debug\Design01.a(ADC_SAR_Seq_1_INT.o)
 .debug_aranges
                0x00000c10       0xa8 .\CortexM3\ARM_GCC_493\Debug\Design01.a(ADC_SAR_Seq_1_SAR.o)
 .debug_aranges
                0x00000cb8       0x28 .\CortexM3\ARM_GCC_493\Debug\Design01.a(ADC_SAR_Seq_1_TempBuf_dma.o)
 .debug_aranges
                0x00000ce0       0x28 .\CortexM3\ARM_GCC_493\Debug\Design01.a(ADC_SAR_Seq_1_FinalBuf_dma.o)
 .debug_aranges
                0x00000d08       0x80 .\CortexM3\ARM_GCC_493\Debug\Design01.a(ADC_SAR_Seq_1_IRQ.o)
 .debug_aranges
                0x00000d88       0x80 .\CortexM3\ARM_GCC_493\Debug\Design01.a(CyFlash.o)
 .debug_aranges
                0x00000e08       0x78 .\CortexM3\ARM_GCC_493\Debug\Design01.a(CySpc.o)
 .debug_aranges
                0x00000e80       0x20 .\CortexM3\ARM_GCC_493\Debug\Design01.a(cyutils.o)

.debug_pubnames
 *(.debug_pubnames)

.debug_info     0x00000000     0x7dc3
 *(.debug_info .gnu.linkonce.wi.*)
 .debug_info    0x00000000      0x565 .\CortexM3\ARM_GCC_493\Debug\main.o
 .debug_info    0x00000565      0x13f .\CortexM3\ARM_GCC_493\Debug\cymetadata.o
 .debug_info    0x000006a4      0x3af .\CortexM3\ARM_GCC_493\Debug\Cm3Start.o
 .debug_info    0x00000a53      0x55e .\CortexM3\ARM_GCC_493\Debug\Design01.a(cyfitter_cfg.o)
 .debug_info    0x00000fb1       0xe6 .\CortexM3\ARM_GCC_493\Debug\Design01.a(CyBootAsmGnu.o)
 .debug_info    0x00001097      0x944 .\CortexM3\ARM_GCC_493\Debug\Design01.a(CyDmac.o)
 .debug_info    0x000019db     0x136f .\CortexM3\ARM_GCC_493\Debug\Design01.a(CyLib.o)
 .debug_info    0x00002d4a      0xa57 .\CortexM3\ARM_GCC_493\Debug\Design01.a(cyPm.o)
 .debug_info    0x000037a1      0x11f .\CortexM3\ARM_GCC_493\Debug\Design01.a(LED.o)
 .debug_info    0x000038c0      0x5f8 .\CortexM3\ARM_GCC_493\Debug\Design01.a(ADC_SAR_1.o)
 .debug_info    0x00003eb8       0x92 .\CortexM3\ARM_GCC_493\Debug\Design01.a(ADC_SAR_1_INT.o)
 .debug_info    0x00003f4a      0x2cb .\CortexM3\ARM_GCC_493\Debug\Design01.a(ADC_SAR_1_IRQ.o)
 .debug_info    0x00004215      0x283 .\CortexM3\ARM_GCC_493\Debug\Design01.a(ADC_SAR_1_theACLK.o)
 .debug_info    0x00004498      0x37c .\CortexM3\ARM_GCC_493\Debug\Design01.a(PWM_1.o)
 .debug_info    0x00004814      0x37c .\CortexM3\ARM_GCC_493\Debug\Design01.a(PWM_2.o)
 .debug_info    0x00004b90      0x33e .\CortexM3\ARM_GCC_493\Debug\Design01.a(Timer_1.o)
 .debug_info    0x00004ece      0x2cb .\CortexM3\ARM_GCC_493\Debug\Design01.a(isr_1.o)
 .debug_info    0x00005199      0x2c4 .\CortexM3\ARM_GCC_493\Debug\Design01.a(QuadDec_1.o)
 .debug_info    0x0000545d      0x2c4 .\CortexM3\ARM_GCC_493\Debug\Design01.a(QuadDec_2.o)
 .debug_info    0x00005721      0x323 .\CortexM3\ARM_GCC_493\Debug\Design01.a(QuadDec_1_Cnt8.o)
 .debug_info    0x00005a44      0x323 .\CortexM3\ARM_GCC_493\Debug\Design01.a(QuadDec_2_Cnt8.o)
 .debug_info    0x00005d67      0x7d5 .\CortexM3\ARM_GCC_493\Debug\Design01.a(ADC_SAR_Seq_1.o)
 .debug_info    0x0000653c       0x99 .\CortexM3\ARM_GCC_493\Debug\Design01.a(ADC_SAR_Seq_1_INT.o)
 .debug_info    0x000065d5      0x549 .\CortexM3\ARM_GCC_493\Debug\Design01.a(ADC_SAR_Seq_1_SAR.o)
 .debug_info    0x00006b1e      0x1fd .\CortexM3\ARM_GCC_493\Debug\Design01.a(ADC_SAR_Seq_1_TempBuf_dma.o)
 .debug_info    0x00006d1b      0x1fd .\CortexM3\ARM_GCC_493\Debug\Design01.a(ADC_SAR_Seq_1_FinalBuf_dma.o)
 .debug_info    0x00006f18      0x2cb .\CortexM3\ARM_GCC_493\Debug\Design01.a(ADC_SAR_Seq_1_IRQ.o)
 .debug_info    0x000071e3      0x608 .\CortexM3\ARM_GCC_493\Debug\Design01.a(CyFlash.o)
 .debug_info    0x000077eb      0x4ea .\CortexM3\ARM_GCC_493\Debug\Design01.a(CySpc.o)
 .debug_info    0x00007cd5       0xee .\CortexM3\ARM_GCC_493\Debug\Design01.a(cyutils.o)

.debug_abbrev   0x00000000     0x27f8
 *(.debug_abbrev)
 .debug_abbrev  0x00000000      0x194 .\CortexM3\ARM_GCC_493\Debug\main.o
 .debug_abbrev  0x00000194       0x77 .\CortexM3\ARM_GCC_493\Debug\cymetadata.o
 .debug_abbrev  0x0000020b      0x200 .\CortexM3\ARM_GCC_493\Debug\Cm3Start.o
 .debug_abbrev  0x0000040b      0x203 .\CortexM3\ARM_GCC_493\Debug\Design01.a(cyfitter_cfg.o)
 .debug_abbrev  0x0000060e       0x14 .\CortexM3\ARM_GCC_493\Debug\Design01.a(CyBootAsmGnu.o)
 .debug_abbrev  0x00000622      0x1cc .\CortexM3\ARM_GCC_493\Debug\Design01.a(CyDmac.o)
 .debug_abbrev  0x000007ee      0x296 .\CortexM3\ARM_GCC_493\Debug\Design01.a(CyLib.o)
 .debug_abbrev  0x00000a84      0x1ed .\CortexM3\ARM_GCC_493\Debug\Design01.a(cyPm.o)
 .debug_abbrev  0x00000c71       0x90 .\CortexM3\ARM_GCC_493\Debug\Design01.a(LED.o)
 .debug_abbrev  0x00000d01      0x1eb .\CortexM3\ARM_GCC_493\Debug\Design01.a(ADC_SAR_1.o)
 .debug_abbrev  0x00000eec       0x42 .\CortexM3\ARM_GCC_493\Debug\Design01.a(ADC_SAR_1_INT.o)
 .debug_abbrev  0x00000f2e      0x173 .\CortexM3\ARM_GCC_493\Debug\Design01.a(ADC_SAR_1_IRQ.o)
 .debug_abbrev  0x000010a1      0x139 .\CortexM3\ARM_GCC_493\Debug\Design01.a(ADC_SAR_1_theACLK.o)
 .debug_abbrev  0x000011da      0x14d .\CortexM3\ARM_GCC_493\Debug\Design01.a(PWM_1.o)
 .debug_abbrev  0x00001327      0x14d .\CortexM3\ARM_GCC_493\Debug\Design01.a(PWM_2.o)
 .debug_abbrev  0x00001474      0x170 .\CortexM3\ARM_GCC_493\Debug\Design01.a(Timer_1.o)
 .debug_abbrev  0x000015e4      0x173 .\CortexM3\ARM_GCC_493\Debug\Design01.a(isr_1.o)
 .debug_abbrev  0x00001757      0x17e .\CortexM3\ARM_GCC_493\Debug\Design01.a(QuadDec_1.o)
 .debug_abbrev  0x000018d5      0x17e .\CortexM3\ARM_GCC_493\Debug\Design01.a(QuadDec_2.o)
 .debug_abbrev  0x00001a53      0x131 .\CortexM3\ARM_GCC_493\Debug\Design01.a(QuadDec_1_Cnt8.o)
 .debug_abbrev  0x00001b84      0x131 .\CortexM3\ARM_GCC_493\Debug\Design01.a(QuadDec_2_Cnt8.o)
 .debug_abbrev  0x00001cb5      0x1a3 .\CortexM3\ARM_GCC_493\Debug\Design01.a(ADC_SAR_Seq_1.o)
 .debug_abbrev  0x00001e58       0x42 .\CortexM3\ARM_GCC_493\Debug\Design01.a(ADC_SAR_Seq_1_INT.o)
 .debug_abbrev  0x00001e9a      0x1d9 .\CortexM3\ARM_GCC_493\Debug\Design01.a(ADC_SAR_Seq_1_SAR.o)
 .debug_abbrev  0x00002073       0xeb .\CortexM3\ARM_GCC_493\Debug\Design01.a(ADC_SAR_Seq_1_TempBuf_dma.o)
 .debug_abbrev  0x0000215e       0xeb .\CortexM3\ARM_GCC_493\Debug\Design01.a(ADC_SAR_Seq_1_FinalBuf_dma.o)
 .debug_abbrev  0x00002249      0x173 .\CortexM3\ARM_GCC_493\Debug\Design01.a(ADC_SAR_Seq_1_IRQ.o)
 .debug_abbrev  0x000023bc      0x1ed .\CortexM3\ARM_GCC_493\Debug\Design01.a(CyFlash.o)
 .debug_abbrev  0x000025a9      0x1c1 .\CortexM3\ARM_GCC_493\Debug\Design01.a(CySpc.o)
 .debug_abbrev  0x0000276a       0x8e .\CortexM3\ARM_GCC_493\Debug\Design01.a(cyutils.o)

.debug_line     0x00000000     0x3324
 *(.debug_line)
 .debug_line    0x00000000      0x273 .\CortexM3\ARM_GCC_493\Debug\main.o
 .debug_line    0x00000273       0x53 .\CortexM3\ARM_GCC_493\Debug\cymetadata.o
 .debug_line    0x000002c6      0x254 .\CortexM3\ARM_GCC_493\Debug\Cm3Start.o
 .debug_line    0x0000051a      0x1f6 .\CortexM3\ARM_GCC_493\Debug\Design01.a(cyfitter_cfg.o)
 .debug_line    0x00000710       0x68 .\CortexM3\ARM_GCC_493\Debug\Design01.a(CyBootAsmGnu.o)
 .debug_line    0x00000778      0x2e5 .\CortexM3\ARM_GCC_493\Debug\Design01.a(CyDmac.o)
 .debug_line    0x00000a5d      0x806 .\CortexM3\ARM_GCC_493\Debug\Design01.a(CyLib.o)
 .debug_line    0x00001263      0x366 .\CortexM3\ARM_GCC_493\Debug\Design01.a(cyPm.o)
 .debug_line    0x000015c9       0x92 .\CortexM3\ARM_GCC_493\Debug\Design01.a(LED.o)
 .debug_line    0x0000165b      0x221 .\CortexM3\ARM_GCC_493\Debug\Design01.a(ADC_SAR_1.o)
 .debug_line    0x0000187c       0x58 .\CortexM3\ARM_GCC_493\Debug\Design01.a(ADC_SAR_1_INT.o)
 .debug_line    0x000018d4      0x153 .\CortexM3\ARM_GCC_493\Debug\Design01.a(ADC_SAR_1_IRQ.o)
 .debug_line    0x00001a27      0x199 .\CortexM3\ARM_GCC_493\Debug\Design01.a(ADC_SAR_1_theACLK.o)
 .debug_line    0x00001bc0      0x1ab .\CortexM3\ARM_GCC_493\Debug\Design01.a(PWM_1.o)
 .debug_line    0x00001d6b      0x1ab .\CortexM3\ARM_GCC_493\Debug\Design01.a(PWM_2.o)
 .debug_line    0x00001f16      0x174 .\CortexM3\ARM_GCC_493\Debug\Design01.a(Timer_1.o)
 .debug_line    0x0000208a      0x14b .\CortexM3\ARM_GCC_493\Debug\Design01.a(isr_1.o)
 .debug_line    0x000021d5      0x11f .\CortexM3\ARM_GCC_493\Debug\Design01.a(QuadDec_1.o)
 .debug_line    0x000022f4      0x11f .\CortexM3\ARM_GCC_493\Debug\Design01.a(QuadDec_2.o)
 .debug_line    0x00002413      0x190 .\CortexM3\ARM_GCC_493\Debug\Design01.a(QuadDec_1_Cnt8.o)
 .debug_line    0x000025a3      0x190 .\CortexM3\ARM_GCC_493\Debug\Design01.a(QuadDec_2_Cnt8.o)
 .debug_line    0x00002733      0x24d .\CortexM3\ARM_GCC_493\Debug\Design01.a(ADC_SAR_Seq_1.o)
 .debug_line    0x00002980       0x5c .\CortexM3\ARM_GCC_493\Debug\Design01.a(ADC_SAR_Seq_1_INT.o)
 .debug_line    0x000029dc      0x20e .\CortexM3\ARM_GCC_493\Debug\Design01.a(ADC_SAR_Seq_1_SAR.o)
 .debug_line    0x00002bea       0xab .\CortexM3\ARM_GCC_493\Debug\Design01.a(ADC_SAR_Seq_1_TempBuf_dma.o)
 .debug_line    0x00002c95       0xac .\CortexM3\ARM_GCC_493\Debug\Design01.a(ADC_SAR_Seq_1_FinalBuf_dma.o)
 .debug_line    0x00002d41      0x157 .\CortexM3\ARM_GCC_493\Debug\Design01.a(ADC_SAR_Seq_1_IRQ.o)
 .debug_line    0x00002e98      0x1ec .\CortexM3\ARM_GCC_493\Debug\Design01.a(CyFlash.o)
 .debug_line    0x00003084      0x23e .\CortexM3\ARM_GCC_493\Debug\Design01.a(CySpc.o)
 .debug_line    0x000032c2       0x62 .\CortexM3\ARM_GCC_493\Debug\Design01.a(cyutils.o)

.debug_frame    0x00000000     0x23ec
 *(.debug_frame)
 .debug_frame   0x00000000       0x68 .\CortexM3\ARM_GCC_493\Debug\main.o
 .debug_frame   0x00000068       0xac .\CortexM3\ARM_GCC_493\Debug\Cm3Start.o
 .debug_frame   0x00000114       0xe4 .\CortexM3\ARM_GCC_493\Debug\Design01.a(cyfitter_cfg.o)
 .debug_frame   0x000001f8      0x1f4 .\CortexM3\ARM_GCC_493\Debug\Design01.a(CyDmac.o)
 .debug_frame   0x000003ec      0x728 .\CortexM3\ARM_GCC_493\Debug\Design01.a(CyLib.o)
 .debug_frame   0x00000b14      0x1f8 .\CortexM3\ARM_GCC_493\Debug\Design01.a(cyPm.o)
 .debug_frame   0x00000d0c       0x50 .\CortexM3\ARM_GCC_493\Debug\Design01.a(LED.o)
 .debug_frame   0x00000d5c      0x1a4 .\CortexM3\ARM_GCC_493\Debug\Design01.a(ADC_SAR_1.o)
 .debug_frame   0x00000f00       0x20 .\CortexM3\ARM_GCC_493\Debug\Design01.a(ADC_SAR_1_INT.o)
 .debug_frame   0x00000f20      0x104 .\CortexM3\ARM_GCC_493\Debug\Design01.a(ADC_SAR_1_IRQ.o)
 .debug_frame   0x00001024       0xe0 .\CortexM3\ARM_GCC_493\Debug\Design01.a(ADC_SAR_1_theACLK.o)
 .debug_frame   0x00001104      0x154 .\CortexM3\ARM_GCC_493\Debug\Design01.a(PWM_1.o)
 .debug_frame   0x00001258      0x154 .\CortexM3\ARM_GCC_493\Debug\Design01.a(PWM_2.o)
 .debug_frame   0x000013ac      0x13c .\CortexM3\ARM_GCC_493\Debug\Design01.a(Timer_1.o)
 .debug_frame   0x000014e8      0x104 .\CortexM3\ARM_GCC_493\Debug\Design01.a(isr_1.o)
 .debug_frame   0x000015ec       0xdc .\CortexM3\ARM_GCC_493\Debug\Design01.a(QuadDec_1.o)
 .debug_frame   0x000016c8       0xdc .\CortexM3\ARM_GCC_493\Debug\Design01.a(QuadDec_2.o)
 .debug_frame   0x000017a4      0x134 .\CortexM3\ARM_GCC_493\Debug\Design01.a(QuadDec_1_Cnt8.o)
 .debug_frame   0x000018d8      0x134 .\CortexM3\ARM_GCC_493\Debug\Design01.a(QuadDec_2_Cnt8.o)
 .debug_frame   0x00001a0c      0x1dc .\CortexM3\ARM_GCC_493\Debug\Design01.a(ADC_SAR_Seq_1.o)
 .debug_frame   0x00001be8       0x20 .\CortexM3\ARM_GCC_493\Debug\Design01.a(ADC_SAR_Seq_1_INT.o)
 .debug_frame   0x00001c08      0x1a4 .\CortexM3\ARM_GCC_493\Debug\Design01.a(ADC_SAR_Seq_1_SAR.o)
 .debug_frame   0x00001dac       0x54 .\CortexM3\ARM_GCC_493\Debug\Design01.a(ADC_SAR_Seq_1_TempBuf_dma.o)
 .debug_frame   0x00001e00       0x54 .\CortexM3\ARM_GCC_493\Debug\Design01.a(ADC_SAR_Seq_1_FinalBuf_dma.o)
 .debug_frame   0x00001e54      0x104 .\CortexM3\ARM_GCC_493\Debug\Design01.a(ADC_SAR_Seq_1_IRQ.o)
 .debug_frame   0x00001f58      0x174 .\CortexM3\ARM_GCC_493\Debug\Design01.a(CyFlash.o)
 .debug_frame   0x000020cc      0x160 .\CortexM3\ARM_GCC_493\Debug\Design01.a(CySpc.o)
 .debug_frame   0x0000222c       0x20 .\CortexM3\ARM_GCC_493\Debug\Design01.a(cyutils.o)
 .debug_frame   0x0000224c       0x28 c:/program files (x86)/cypress/psoc creator/3.3/psoc creator/import/gnu/arm/4.9.3/bin/../lib/gcc/arm-none-eabi/4.9.3/armv7-m\libgcc.a(_aeabi_ldivmod.o)
 .debug_frame   0x00002274       0x54 c:/program files (x86)/cypress/psoc creator/3.3/psoc creator/import/gnu/arm/4.9.3/bin/../lib/gcc/arm-none-eabi/4.9.3/armv7-m\libgcc.a(bpabi.o)
 .debug_frame   0x000022c8       0x34 c:/program files (x86)/cypress/psoc creator/3.3/psoc creator/import/gnu/arm/4.9.3/bin/../lib/gcc/arm-none-eabi/4.9.3/armv7-m\libgcc.a(_divdi3.o)
 .debug_frame   0x000022fc       0x34 c:/program files (x86)/cypress/psoc creator/3.3/psoc creator/import/gnu/arm/4.9.3/bin/../lib/gcc/arm-none-eabi/4.9.3/armv7-m\libgcc.a(_udivdi3.o)
 .debug_frame   0x00002330       0x20 c:/program files (x86)/cypress/psoc creator/3.3/psoc creator/import/gnu/arm/4.9.3/bin/../lib/gcc/arm-none-eabi/4.9.3/../../../../arm-none-eabi/lib/armv7-m\libg_nano.a(lib_a-errno.o)
 .debug_frame   0x00002350       0x28 c:/program files (x86)/cypress/psoc creator/3.3/psoc creator/import/gnu/arm/4.9.3/bin/../lib/gcc/arm-none-eabi/4.9.3/../../../../arm-none-eabi/lib/armv7-m\libg_nano.a(lib_a-exit.o)
 .debug_frame   0x00002378       0x2c c:/program files (x86)/cypress/psoc creator/3.3/psoc creator/import/gnu/arm/4.9.3/bin/../lib/gcc/arm-none-eabi/4.9.3/../../../../arm-none-eabi/lib/armv7-m\libg_nano.a(lib_a-init.o)
 .debug_frame   0x000023a4       0x28 c:/program files (x86)/cypress/psoc creator/3.3/psoc creator/import/gnu/arm/4.9.3/bin/../lib/gcc/arm-none-eabi/4.9.3/../../../../arm-none-eabi/lib/armv7-m\libg_nano.a(lib_a-memcpy.o)
 .debug_frame   0x000023cc       0x20 c:/program files (x86)/cypress/psoc creator/3.3/psoc creator/import/gnu/arm/4.9.3/bin/../lib/gcc/arm-none-eabi/4.9.3/../../../../arm-none-eabi/lib/armv7-m\libg_nano.a(lib_a-memset.o)

.debug_str      0x00000000     0x3139
 *(.debug_str)
 .debug_str     0x00000000      0x484 .\CortexM3\ARM_GCC_493\Debug\main.o
                                0x4dd (size before relaxing)
 .debug_str     0x00000484       0x77 .\CortexM3\ARM_GCC_493\Debug\cymetadata.o
                                0x240 (size before relaxing)
 .debug_str     0x000004fb      0x164 .\CortexM3\ARM_GCC_493\Debug\Cm3Start.o
                                0x364 (size before relaxing)
 .debug_str     0x0000065f      0x14f .\CortexM3\ARM_GCC_493\Debug\Design01.a(cyfitter_cfg.o)
                                0x359 (size before relaxing)
 .debug_str     0x000007ae      0x385 .\CortexM3\ARM_GCC_493\Debug\Design01.a(CyDmac.o)
                                0x594 (size before relaxing)
 .debug_str     0x00000b33      0x7e3 .\CortexM3\ARM_GCC_493\Debug\Design01.a(CyLib.o)
                                0xa79 (size before relaxing)
 .debug_str     0x00001316      0x35b .\CortexM3\ARM_GCC_493\Debug\Design01.a(cyPm.o)
                                0x771 (size before relaxing)
 .debug_str     0x00001671       0x54 .\CortexM3\ARM_GCC_493\Debug\Design01.a(LED.o)
                                0x22e (size before relaxing)
 .debug_str     0x000016c5      0x21c .\CortexM3\ARM_GCC_493\Debug\Design01.a(ADC_SAR_1.o)
                                0x514 (size before relaxing)
 .debug_str     0x000018e1       0x37 .\CortexM3\ARM_GCC_493\Debug\Design01.a(ADC_SAR_1_INT.o)
                                0x1f1 (size before relaxing)
 .debug_str     0x00001918      0x143 .\CortexM3\ARM_GCC_493\Debug\Design01.a(ADC_SAR_1_IRQ.o)
                                0x360 (size before relaxing)
 .debug_str     0x00001a5b      0x1ba .\CortexM3\ARM_GCC_493\Debug\Design01.a(ADC_SAR_1_theACLK.o)
                                0x3bc (size before relaxing)
 .debug_str     0x00001c15      0x195 .\CortexM3\ARM_GCC_493\Debug\Design01.a(PWM_1.o)
                                0x3c4 (size before relaxing)
 .debug_str     0x00001daa      0x15c .\CortexM3\ARM_GCC_493\Debug\Design01.a(PWM_2.o)
                                0x3c4 (size before relaxing)
 .debug_str     0x00001f06      0x142 .\CortexM3\ARM_GCC_493\Debug\Design01.a(Timer_1.o)
                                0x3b4 (size before relaxing)
 .debug_str     0x00002048       0xda .\CortexM3\ARM_GCC_493\Debug\Design01.a(isr_1.o)
                                0x2f0 (size before relaxing)
 .debug_str     0x00002122      0x117 .\CortexM3\ARM_GCC_493\Debug\Design01.a(QuadDec_1.o)
                                0x379 (size before relaxing)
 .debug_str     0x00002239      0x110 .\CortexM3\ARM_GCC_493\Debug\Design01.a(QuadDec_2.o)
                                0x379 (size before relaxing)
 .debug_str     0x00002349      0x1c1 .\CortexM3\ARM_GCC_493\Debug\Design01.a(QuadDec_1_Cnt8.o)
                                0x440 (size before relaxing)
 .debug_str     0x0000250a      0x1b2 .\CortexM3\ARM_GCC_493\Debug\Design01.a(QuadDec_2_Cnt8.o)
                                0x440 (size before relaxing)
 .debug_str     0x000026bc      0x414 .\CortexM3\ARM_GCC_493\Debug\Design01.a(ADC_SAR_Seq_1.o)
                                0x784 (size before relaxing)
 .debug_str     0x00002ad0       0x3f .\CortexM3\ARM_GCC_493\Debug\Design01.a(ADC_SAR_Seq_1_INT.o)
                                0x202 (size before relaxing)
 .debug_str     0x00002b0f      0x147 .\CortexM3\ARM_GCC_493\Debug\Design01.a(ADC_SAR_Seq_1_SAR.o)
                                0x578 (size before relaxing)
 .debug_str     0x00002c56       0xb1 .\CortexM3\ARM_GCC_493\Debug\Design01.a(ADC_SAR_Seq_1_TempBuf_dma.o)
                                0x2ff (size before relaxing)
 .debug_str     0x00002d07       0x79 .\CortexM3\ARM_GCC_493\Debug\Design01.a(ADC_SAR_Seq_1_FinalBuf_dma.o)
                                0x303 (size before relaxing)
 .debug_str     0x00002d80      0x13d .\CortexM3\ARM_GCC_493\Debug\Design01.a(ADC_SAR_Seq_1_IRQ.o)
                                0x398 (size before relaxing)
 .debug_str     0x00002ebd      0x19e .\CortexM3\ARM_GCC_493\Debug\Design01.a(CyFlash.o)
                                0x3eb (size before relaxing)
 .debug_str     0x0000305b       0xae .\CortexM3\ARM_GCC_493\Debug\Design01.a(CySpc.o)
                                0x374 (size before relaxing)
 .debug_str     0x00003109       0x30 .\CortexM3\ARM_GCC_493\Debug\Design01.a(cyutils.o)
                                0x208 (size before relaxing)

.debug_loc      0x00000000     0x2fb8
 *(.debug_loc)
 .debug_loc     0x00000000      0x144 .\CortexM3\ARM_GCC_493\Debug\Cm3Start.o
 .debug_loc     0x00000144      0x1d7 .\CortexM3\ARM_GCC_493\Debug\Design01.a(cyfitter_cfg.o)
 .debug_loc     0x0000031b      0xb83 .\CortexM3\ARM_GCC_493\Debug\Design01.a(CyDmac.o)
 .debug_loc     0x00000e9e      0xa11 .\CortexM3\ARM_GCC_493\Debug\Design01.a(CyLib.o)
 .debug_loc     0x000018af      0x1e4 .\CortexM3\ARM_GCC_493\Debug\Design01.a(cyPm.o)
 .debug_loc     0x00001a93       0x42 .\CortexM3\ARM_GCC_493\Debug\Design01.a(LED.o)
 .debug_loc     0x00001ad5      0x273 .\CortexM3\ARM_GCC_493\Debug\Design01.a(ADC_SAR_1.o)
 .debug_loc     0x00001d48       0x56 .\CortexM3\ARM_GCC_493\Debug\Design01.a(ADC_SAR_1_IRQ.o)
 .debug_loc     0x00001d9e      0x128 .\CortexM3\ARM_GCC_493\Debug\Design01.a(ADC_SAR_1_theACLK.o)
 .debug_loc     0x00001ec6       0x26 .\CortexM3\ARM_GCC_493\Debug\Design01.a(PWM_1.o)
 .debug_loc     0x00001eec       0x26 .\CortexM3\ARM_GCC_493\Debug\Design01.a(PWM_2.o)
 .debug_loc     0x00001f12       0x6b .\CortexM3\ARM_GCC_493\Debug\Design01.a(Timer_1.o)
 .debug_loc     0x00001f7d       0x56 .\CortexM3\ARM_GCC_493\Debug\Design01.a(isr_1.o)
 .debug_loc     0x00001fd3       0x78 .\CortexM3\ARM_GCC_493\Debug\Design01.a(QuadDec_1.o)
 .debug_loc     0x0000204b       0x78 .\CortexM3\ARM_GCC_493\Debug\Design01.a(QuadDec_2.o)
 .debug_loc     0x000020c3       0x3d .\CortexM3\ARM_GCC_493\Debug\Design01.a(QuadDec_1_Cnt8.o)
 .debug_loc     0x00002100       0x3d .\CortexM3\ARM_GCC_493\Debug\Design01.a(QuadDec_2_Cnt8.o)
 .debug_loc     0x0000213d      0x13c .\CortexM3\ARM_GCC_493\Debug\Design01.a(ADC_SAR_Seq_1.o)
 .debug_loc     0x00002279      0x273 .\CortexM3\ARM_GCC_493\Debug\Design01.a(ADC_SAR_Seq_1_SAR.o)
 .debug_loc     0x000024ec       0x84 .\CortexM3\ARM_GCC_493\Debug\Design01.a(ADC_SAR_Seq_1_TempBuf_dma.o)
 .debug_loc     0x00002570       0x84 .\CortexM3\ARM_GCC_493\Debug\Design01.a(ADC_SAR_Seq_1_FinalBuf_dma.o)
 .debug_loc     0x000025f4       0x56 .\CortexM3\ARM_GCC_493\Debug\Design01.a(ADC_SAR_Seq_1_IRQ.o)
 .debug_loc     0x0000264a      0x300 .\CortexM3\ARM_GCC_493\Debug\Design01.a(CyFlash.o)
 .debug_loc     0x0000294a      0x64d .\CortexM3\ARM_GCC_493\Debug\Design01.a(CySpc.o)
 .debug_loc     0x00002f97       0x21 .\CortexM3\ARM_GCC_493\Debug\Design01.a(cyutils.o)

.debug_macinfo
 *(.debug_macinfo)

.debug_ranges   0x00000000      0xca8
 *(.debug_ranges)
 .debug_ranges  0x00000000       0x20 .\CortexM3\ARM_GCC_493\Debug\main.o
 .debug_ranges  0x00000020       0x38 .\CortexM3\ARM_GCC_493\Debug\Cm3Start.o
 .debug_ranges  0x00000058       0x48 .\CortexM3\ARM_GCC_493\Debug\Design01.a(cyfitter_cfg.o)
 .debug_ranges  0x000000a0       0xc8 .\CortexM3\ARM_GCC_493\Debug\Design01.a(CyDmac.o)
 .debug_ranges  0x00000168      0x288 .\CortexM3\ARM_GCC_493\Debug\Design01.a(CyLib.o)
 .debug_ranges  0x000003f0       0x88 .\CortexM3\ARM_GCC_493\Debug\Design01.a(cyPm.o)
 .debug_ranges  0x00000478       0x28 .\CortexM3\ARM_GCC_493\Debug\Design01.a(LED.o)
 .debug_ranges  0x000004a0       0x98 .\CortexM3\ARM_GCC_493\Debug\Design01.a(ADC_SAR_1.o)
 .debug_ranges  0x00000538       0x10 .\CortexM3\ARM_GCC_493\Debug\Design01.a(ADC_SAR_1_INT.o)
 .debug_ranges  0x00000548       0x70 .\CortexM3\ARM_GCC_493\Debug\Design01.a(ADC_SAR_1_IRQ.o)
 .debug_ranges  0x000005b8       0x60 .\CortexM3\ARM_GCC_493\Debug\Design01.a(ADC_SAR_1_theACLK.o)
 .debug_ranges  0x00000618       0x98 .\CortexM3\ARM_GCC_493\Debug\Design01.a(PWM_1.o)
 .debug_ranges  0x000006b0       0x98 .\CortexM3\ARM_GCC_493\Debug\Design01.a(PWM_2.o)
 .debug_ranges  0x00000748       0x80 .\CortexM3\ARM_GCC_493\Debug\Design01.a(Timer_1.o)
 .debug_ranges  0x000007c8       0x70 .\CortexM3\ARM_GCC_493\Debug\Design01.a(isr_1.o)
 .debug_ranges  0x00000838       0x50 .\CortexM3\ARM_GCC_493\Debug\Design01.a(QuadDec_1.o)
 .debug_ranges  0x00000888       0x50 .\CortexM3\ARM_GCC_493\Debug\Design01.a(QuadDec_2.o)
 .debug_ranges  0x000008d8       0x88 .\CortexM3\ARM_GCC_493\Debug\Design01.a(QuadDec_1_Cnt8.o)
 .debug_ranges  0x00000960       0x88 .\CortexM3\ARM_GCC_493\Debug\Design01.a(QuadDec_2_Cnt8.o)
 .debug_ranges  0x000009e8       0x90 .\CortexM3\ARM_GCC_493\Debug\Design01.a(ADC_SAR_Seq_1.o)
 .debug_ranges  0x00000a78       0x10 .\CortexM3\ARM_GCC_493\Debug\Design01.a(ADC_SAR_Seq_1_INT.o)
 .debug_ranges  0x00000a88       0x98 .\CortexM3\ARM_GCC_493\Debug\Design01.a(ADC_SAR_Seq_1_SAR.o)
 .debug_ranges  0x00000b20       0x18 .\CortexM3\ARM_GCC_493\Debug\Design01.a(ADC_SAR_Seq_1_TempBuf_dma.o)
 .debug_ranges  0x00000b38       0x18 .\CortexM3\ARM_GCC_493\Debug\Design01.a(ADC_SAR_Seq_1_FinalBuf_dma.o)
 .debug_ranges  0x00000b50       0x70 .\CortexM3\ARM_GCC_493\Debug\Design01.a(ADC_SAR_Seq_1_IRQ.o)
 .debug_ranges  0x00000bc0       0x70 .\CortexM3\ARM_GCC_493\Debug\Design01.a(CyFlash.o)
 .debug_ranges  0x00000c30       0x68 .\CortexM3\ARM_GCC_493\Debug\Design01.a(CySpc.o)
 .debug_ranges  0x00000c98       0x10 .\CortexM3\ARM_GCC_493\Debug\Design01.a(cyutils.o)

.comment        0x00000000       0x70
 .comment       0x00000000       0x70 .\CortexM3\ARM_GCC_493\Debug\main.o
                                 0x71 (size before relaxing)
 .comment       0x00000000       0x71 .\CortexM3\ARM_GCC_493\Debug\cymetadata.o
 .comment       0x00000000       0x71 .\CortexM3\ARM_GCC_493\Debug\Cm3Start.o
 .comment       0x00000000       0x71 .\CortexM3\ARM_GCC_493\Debug\Design01.a(cyfitter_cfg.o)
 .comment       0x00000000       0x71 .\CortexM3\ARM_GCC_493\Debug\Design01.a(CyDmac.o)
 .comment       0x00000000       0x71 .\CortexM3\ARM_GCC_493\Debug\Design01.a(CyLib.o)
 .comment       0x00000000       0x71 .\CortexM3\ARM_GCC_493\Debug\Design01.a(cyPm.o)
 .comment       0x00000000       0x71 .\CortexM3\ARM_GCC_493\Debug\Design01.a(LED.o)
 .comment       0x00000000       0x71 .\CortexM3\ARM_GCC_493\Debug\Design01.a(ADC_SAR_1.o)
 .comment       0x00000000       0x71 .\CortexM3\ARM_GCC_493\Debug\Design01.a(ADC_SAR_1_INT.o)
 .comment       0x00000000       0x71 .\CortexM3\ARM_GCC_493\Debug\Design01.a(ADC_SAR_1_IRQ.o)
 .comment       0x00000000       0x71 .\CortexM3\ARM_GCC_493\Debug\Design01.a(ADC_SAR_1_theACLK.o)
 .comment       0x00000000       0x71 .\CortexM3\ARM_GCC_493\Debug\Design01.a(PWM_1.o)
 .comment       0x00000000       0x71 .\CortexM3\ARM_GCC_493\Debug\Design01.a(PWM_2.o)
 .comment       0x00000000       0x71 .\CortexM3\ARM_GCC_493\Debug\Design01.a(Timer_1.o)
 .comment       0x00000000       0x71 .\CortexM3\ARM_GCC_493\Debug\Design01.a(isr_1.o)
 .comment       0x00000000       0x71 .\CortexM3\ARM_GCC_493\Debug\Design01.a(QuadDec_1.o)
 .comment       0x00000000       0x71 .\CortexM3\ARM_GCC_493\Debug\Design01.a(QuadDec_2.o)
 .comment       0x00000000       0x71 .\CortexM3\ARM_GCC_493\Debug\Design01.a(QuadDec_1_Cnt8.o)
 .comment       0x00000000       0x71 .\CortexM3\ARM_GCC_493\Debug\Design01.a(QuadDec_2_Cnt8.o)
 .comment       0x00000000       0x71 .\CortexM3\ARM_GCC_493\Debug\Design01.a(ADC_SAR_Seq_1.o)
 .comment       0x00000000       0x71 .\CortexM3\ARM_GCC_493\Debug\Design01.a(ADC_SAR_Seq_1_INT.o)
 .comment       0x00000000       0x71 .\CortexM3\ARM_GCC_493\Debug\Design01.a(ADC_SAR_Seq_1_SAR.o)
 .comment       0x00000000       0x71 .\CortexM3\ARM_GCC_493\Debug\Design01.a(ADC_SAR_Seq_1_TempBuf_dma.o)
 .comment       0x00000000       0x71 .\CortexM3\ARM_GCC_493\Debug\Design01.a(ADC_SAR_Seq_1_FinalBuf_dma.o)
 .comment       0x00000000       0x71 .\CortexM3\ARM_GCC_493\Debug\Design01.a(ADC_SAR_Seq_1_IRQ.o)
 .comment       0x00000000       0x71 .\CortexM3\ARM_GCC_493\Debug\Design01.a(CyFlash.o)
 .comment       0x00000000       0x71 .\CortexM3\ARM_GCC_493\Debug\Design01.a(CySpc.o)
 .comment       0x00000000       0x71 .\CortexM3\ARM_GCC_493\Debug\Design01.a(cyutils.o)

.debug_weaknames
 *(.debug_weaknames)

.debug_funcnames
 *(.debug_funcnames)

.debug_typenames
 *(.debug_typenames)

.debug_varnames
 *(.debug_varnames)

.note.gnu.arm.ident
 *(.note.gnu.arm.ident)

.ARM.attributes
                0x00000000       0x29
 *(.ARM.attributes)
 .ARM.attributes
                0x00000000       0x1d c:/program files (x86)/cypress/psoc creator/3.3/psoc creator/import/gnu/arm/4.9.3/bin/../lib/gcc/arm-none-eabi/4.9.3/armv7-m/crti.o
 .ARM.attributes
                0x0000001d       0x2d c:/program files (x86)/cypress/psoc creator/3.3/psoc creator/import/gnu/arm/4.9.3/bin/../lib/gcc/arm-none-eabi/4.9.3/armv7-m/crtbegin.o
 .ARM.attributes
                0x0000004a       0x1b c:/program files (x86)/cypress/psoc creator/3.3/psoc creator/import/gnu/arm/4.9.3/bin/../lib/gcc/arm-none-eabi/4.9.3/../../../../arm-none-eabi/lib/armv7-m/crt0.o
 .ARM.attributes
                0x00000065       0x33 .\CortexM3\ARM_GCC_493\Debug\main.o
 .ARM.attributes
                0x00000098       0x33 .\CortexM3\ARM_GCC_493\Debug\cymetadata.o
 .ARM.attributes
                0x000000cb       0x33 .\CortexM3\ARM_GCC_493\Debug\Cm3Start.o
 .ARM.attributes
                0x000000fe       0x33 .\CortexM3\ARM_GCC_493\Debug\Design01.a(cyfitter_cfg.o)
 .ARM.attributes
                0x00000131       0x21 .\CortexM3\ARM_GCC_493\Debug\Design01.a(CyBootAsmGnu.o)
 .ARM.attributes
                0x00000152       0x33 .\CortexM3\ARM_GCC_493\Debug\Design01.a(CyDmac.o)
 .ARM.attributes
                0x00000185       0x33 .\CortexM3\ARM_GCC_493\Debug\Design01.a(CyLib.o)
 .ARM.attributes
                0x000001b8       0x33 .\CortexM3\ARM_GCC_493\Debug\Design01.a(cyPm.o)
 .ARM.attributes
                0x000001eb       0x33 .\CortexM3\ARM_GCC_493\Debug\Design01.a(LED.o)
 .ARM.attributes
                0x0000021e       0x33 .\CortexM3\ARM_GCC_493\Debug\Design01.a(ADC_SAR_1.o)
 .ARM.attributes
                0x00000251       0x33 .\CortexM3\ARM_GCC_493\Debug\Design01.a(ADC_SAR_1_INT.o)
 .ARM.attributes
                0x00000284       0x33 .\CortexM3\ARM_GCC_493\Debug\Design01.a(ADC_SAR_1_IRQ.o)
 .ARM.attributes
                0x000002b7       0x33 .\CortexM3\ARM_GCC_493\Debug\Design01.a(ADC_SAR_1_theACLK.o)
 .ARM.attributes
                0x000002ea       0x33 .\CortexM3\ARM_GCC_493\Debug\Design01.a(PWM_1.o)
 .ARM.attributes
                0x0000031d       0x33 .\CortexM3\ARM_GCC_493\Debug\Design01.a(PWM_2.o)
 .ARM.attributes
                0x00000350       0x33 .\CortexM3\ARM_GCC_493\Debug\Design01.a(Timer_1.o)
 .ARM.attributes
                0x00000383       0x33 .\CortexM3\ARM_GCC_493\Debug\Design01.a(isr_1.o)
 .ARM.attributes
                0x000003b6       0x33 .\CortexM3\ARM_GCC_493\Debug\Design01.a(QuadDec_1.o)
 .ARM.attributes
                0x000003e9       0x33 .\CortexM3\ARM_GCC_493\Debug\Design01.a(QuadDec_2.o)
 .ARM.attributes
                0x0000041c       0x33 .\CortexM3\ARM_GCC_493\Debug\Design01.a(QuadDec_1_Cnt8.o)
 .ARM.attributes
                0x0000044f       0x33 .\CortexM3\ARM_GCC_493\Debug\Design01.a(QuadDec_2_Cnt8.o)
 .ARM.attributes
                0x00000482       0x33 .\CortexM3\ARM_GCC_493\Debug\Design01.a(ADC_SAR_Seq_1.o)
 .ARM.attributes
                0x000004b5       0x33 .\CortexM3\ARM_GCC_493\Debug\Design01.a(ADC_SAR_Seq_1_INT.o)
 .ARM.attributes
                0x000004e8       0x33 .\CortexM3\ARM_GCC_493\Debug\Design01.a(ADC_SAR_Seq_1_SAR.o)
 .ARM.attributes
                0x0000051b       0x33 .\CortexM3\ARM_GCC_493\Debug\Design01.a(ADC_SAR_Seq_1_TempBuf_dma.o)
 .ARM.attributes
                0x0000054e       0x33 .\CortexM3\ARM_GCC_493\Debug\Design01.a(ADC_SAR_Seq_1_FinalBuf_dma.o)
 .ARM.attributes
                0x00000581       0x33 .\CortexM3\ARM_GCC_493\Debug\Design01.a(ADC_SAR_Seq_1_IRQ.o)
 .ARM.attributes
                0x000005b4       0x33 .\CortexM3\ARM_GCC_493\Debug\Design01.a(CyFlash.o)
 .ARM.attributes
                0x000005e7       0x33 .\CortexM3\ARM_GCC_493\Debug\Design01.a(CySpc.o)
 .ARM.attributes
                0x0000061a       0x33 .\CortexM3\ARM_GCC_493\Debug\Design01.a(cyutils.o)
 .ARM.attributes
                0x0000064d       0x1d c:/program files (x86)/cypress/psoc creator/3.3/psoc creator/import/gnu/arm/4.9.3/bin/../lib/gcc/arm-none-eabi/4.9.3/armv7-m\libgcc.a(_arm_addsubsf3.o)
 .ARM.attributes
                0x0000066a       0x1d c:/program files (x86)/cypress/psoc creator/3.3/psoc creator/import/gnu/arm/4.9.3/bin/../lib/gcc/arm-none-eabi/4.9.3/armv7-m\libgcc.a(_arm_muldivsf3.o)
 .ARM.attributes
                0x00000687       0x1d c:/program files (x86)/cypress/psoc creator/3.3/psoc creator/import/gnu/arm/4.9.3/bin/../lib/gcc/arm-none-eabi/4.9.3/armv7-m\libgcc.a(_aeabi_ldivmod.o)
 .ARM.attributes
                0x000006a4       0x2d c:/program files (x86)/cypress/psoc creator/3.3/psoc creator/import/gnu/arm/4.9.3/bin/../lib/gcc/arm-none-eabi/4.9.3/armv7-m\libgcc.a(bpabi.o)
 .ARM.attributes
                0x000006d1       0x1d c:/program files (x86)/cypress/psoc creator/3.3/psoc creator/import/gnu/arm/4.9.3/bin/../lib/gcc/arm-none-eabi/4.9.3/armv7-m\libgcc.a(_dvmd_tls.o)
 .ARM.attributes
                0x000006ee       0x2d c:/program files (x86)/cypress/psoc creator/3.3/psoc creator/import/gnu/arm/4.9.3/bin/../lib/gcc/arm-none-eabi/4.9.3/armv7-m\libgcc.a(_divdi3.o)
 .ARM.attributes
                0x0000071b       0x2d c:/program files (x86)/cypress/psoc creator/3.3/psoc creator/import/gnu/arm/4.9.3/bin/../lib/gcc/arm-none-eabi/4.9.3/armv7-m\libgcc.a(_udivdi3.o)
 .ARM.attributes
                0x00000748       0x2d c:/program files (x86)/cypress/psoc creator/3.3/psoc creator/import/gnu/arm/4.9.3/bin/../lib/gcc/arm-none-eabi/4.9.3/../../../../arm-none-eabi/lib/armv7-m\libg_nano.a(lib_a-errno.o)
 .ARM.attributes
                0x00000775       0x2d c:/program files (x86)/cypress/psoc creator/3.3/psoc creator/import/gnu/arm/4.9.3/bin/../lib/gcc/arm-none-eabi/4.9.3/../../../../arm-none-eabi/lib/armv7-m\libg_nano.a(lib_a-exit.o)
 .ARM.attributes
                0x000007a2       0x2d c:/program files (x86)/cypress/psoc creator/3.3/psoc creator/import/gnu/arm/4.9.3/bin/../lib/gcc/arm-none-eabi/4.9.3/../../../../arm-none-eabi/lib/armv7-m\libg_nano.a(lib_a-impure.o)
 .ARM.attributes
                0x000007cf       0x2d c:/program files (x86)/cypress/psoc creator/3.3/psoc creator/import/gnu/arm/4.9.3/bin/../lib/gcc/arm-none-eabi/4.9.3/../../../../arm-none-eabi/lib/armv7-m\libg_nano.a(lib_a-init.o)
 .ARM.attributes
                0x000007fc       0x2d c:/program files (x86)/cypress/psoc creator/3.3/psoc creator/import/gnu/arm/4.9.3/bin/../lib/gcc/arm-none-eabi/4.9.3/../../../../arm-none-eabi/lib/armv7-m\libg_nano.a(lib_a-memcpy.o)
 .ARM.attributes
                0x00000829       0x2d c:/program files (x86)/cypress/psoc creator/3.3/psoc creator/import/gnu/arm/4.9.3/bin/../lib/gcc/arm-none-eabi/4.9.3/../../../../arm-none-eabi/lib/armv7-m\libg_nano.a(lib_a-memset.o)
 .ARM.attributes
                0x00000856       0x2d c:/program files (x86)/cypress/psoc creator/3.3/psoc creator/import/gnu/arm/4.9.3/bin/../lib/gcc/arm-none-eabi/4.9.3/armv7-m/crtend.o
 .ARM.attributes
                0x00000883       0x1d c:/program files (x86)/cypress/psoc creator/3.3/psoc creator/import/gnu/arm/4.9.3/bin/../lib/gcc/arm-none-eabi/4.9.3/armv7-m/crtn.o

/DISCARD/
 *(.note.GNU-stack)
OUTPUT(.\CortexM3\ARM_GCC_493\Debug\Design01.elf elf32-littlearm)
