Archive member included because of file (symbol)

.\CortexM3\ARM_GCC_493\Debug\Design01.a(cyfitter_cfg.o)
                              .\CortexM3\ARM_GCC_493\Debug\Cm3Start.o (cyfitter_cfg)
.\CortexM3\ARM_GCC_493\Debug\Design01.a(CyBootAsmGnu.o)
                              .\CortexM3\ARM_GCC_493\Debug\Design01.a(cyfitter_cfg.o) (CyDelayCycles)
.\CortexM3\ARM_GCC_493\Debug\Design01.a(CyDmac.o)
                              .\CortexM3\ARM_GCC_493\Debug\Cm3Start.o (CyDmacConfigure)
.\CortexM3\ARM_GCC_493\Debug\Design01.a(CyLib.o)
                              .\CortexM3\ARM_GCC_493\Debug\Cm3Start.o (CyHalt)
.\CortexM3\ARM_GCC_493\Debug\Design01.a(cyPm.o)
                              .\CortexM3\ARM_GCC_493\Debug\Design01.a(CyLib.o) (CyPmReadStatus)
.\CortexM3\ARM_GCC_493\Debug\Design01.a(LED.o)
                              .\CortexM3\ARM_GCC_493\Debug\main.o (LED_Write)
.\CortexM3\ARM_GCC_493\Debug\Design01.a(ADC_SAR_1.o)
                              .\CortexM3\ARM_GCC_493\Debug\main.o (ADC_SAR_1_Enable)
.\CortexM3\ARM_GCC_493\Debug\Design01.a(ADC_SAR_1_INT.o)
                              .\CortexM3\ARM_GCC_493\Debug\Design01.a(ADC_SAR_1.o) (ADC_SAR_1_ISR)
.\CortexM3\ARM_GCC_493\Debug\Design01.a(ADC_SAR_1_IRQ.o)
                              .\CortexM3\ARM_GCC_493\Debug\main.o (ADC_SAR_1_IRQ_Enable)
.\CortexM3\ARM_GCC_493\Debug\Design01.a(ADC_SAR_1_theACLK.o)
                              .\CortexM3\ARM_GCC_493\Debug\Design01.a(ADC_SAR_1.o) (ADC_SAR_1_theACLK_SetModeRegister)
.\CortexM3\ARM_GCC_493\Debug\Design01.a(PWM_1.o)
                              .\CortexM3\ARM_GCC_493\Debug\main.o (PWM_1_WriteCompare1)
.\CortexM3\ARM_GCC_493\Debug\Design01.a(PWM_2.o)
                              .\CortexM3\ARM_GCC_493\Debug\main.o (PWM_2_WriteCompare1)
.\CortexM3\ARM_GCC_493\Debug\Design01.a(Timer_1.o)
                              .\CortexM3\ARM_GCC_493\Debug\main.o (Timer_1_Enable)
.\CortexM3\ARM_GCC_493\Debug\Design01.a(Timer_2.o)
                              .\CortexM3\ARM_GCC_493\Debug\main.o (Timer_2_Enable)
.\CortexM3\ARM_GCC_493\Debug\Design01.a(isr_1.o)
                              .\CortexM3\ARM_GCC_493\Debug\main.o (isr_1_StartEx)
.\CortexM3\ARM_GCC_493\Debug\Design01.a(isr_2.o)
                              .\CortexM3\ARM_GCC_493\Debug\main.o (isr_2_StartEx)
.\CortexM3\ARM_GCC_493\Debug\Design01.a(QuadDec_1.o)
                              .\CortexM3\ARM_GCC_493\Debug\main.o (QuadDec_1_GetCounter)
.\CortexM3\ARM_GCC_493\Debug\Design01.a(QuadDec_2.o)
                              .\CortexM3\ARM_GCC_493\Debug\main.o (QuadDec_2_GetCounter)
.\CortexM3\ARM_GCC_493\Debug\Design01.a(QuadDec_1_Cnt8.o)
                              .\CortexM3\ARM_GCC_493\Debug\Design01.a(QuadDec_1.o) (QuadDec_1_Cnt8_Stop)
.\CortexM3\ARM_GCC_493\Debug\Design01.a(QuadDec_2_Cnt8.o)
                              .\CortexM3\ARM_GCC_493\Debug\Design01.a(QuadDec_2.o) (QuadDec_2_Cnt8_Stop)
.\CortexM3\ARM_GCC_493\Debug\Design01.a(ADC_SAR_Seq_1.o)
                              .\CortexM3\ARM_GCC_493\Debug\main.o (ADC_SAR_Seq_1_Start)
.\CortexM3\ARM_GCC_493\Debug\Design01.a(ADC_SAR_Seq_1_INT.o)
                              .\CortexM3\ARM_GCC_493\Debug\Design01.a(ADC_SAR_Seq_1.o) (ADC_SAR_Seq_1_ISR)
.\CortexM3\ARM_GCC_493\Debug\Design01.a(ADC_SAR_Seq_1_SAR.o)
                              .\CortexM3\ARM_GCC_493\Debug\Design01.a(ADC_SAR_Seq_1.o) (ADC_SAR_Seq_1_SAR_shift)
.\CortexM3\ARM_GCC_493\Debug\Design01.a(ADC_SAR_Seq_1_TempBuf_dma.o)
                              .\CortexM3\ARM_GCC_493\Debug\Design01.a(ADC_SAR_Seq_1.o) (ADC_SAR_Seq_1_TempBuf_DmaInitialize)
.\CortexM3\ARM_GCC_493\Debug\Design01.a(ADC_SAR_Seq_1_FinalBuf_dma.o)
                              .\CortexM3\ARM_GCC_493\Debug\Design01.a(ADC_SAR_Seq_1.o) (ADC_SAR_Seq_1_FinalBuf_DmaInitialize)
.\CortexM3\ARM_GCC_493\Debug\Design01.a(ADC_SAR_Seq_1_IRQ.o)
                              .\CortexM3\ARM_GCC_493\Debug\Design01.a(ADC_SAR_Seq_1.o) (ADC_SAR_Seq_1_IRQ_SetVector)
.\CortexM3\ARM_GCC_493\Debug\Design01.a(UART_1.o)
                              .\CortexM3\ARM_GCC_493\Debug\main.o (UART_1_Start)
.\CortexM3\ARM_GCC_493\Debug\Design01.a(UART_1_IntClock.o)
                              .\CortexM3\ARM_GCC_493\Debug\Design01.a(UART_1.o) (UART_1_IntClock_Start)
.\CortexM3\ARM_GCC_493\Debug\Design01.a(USBUART.o)
                              .\CortexM3\ARM_GCC_493\Debug\main.o (USBUART_Start)
.\CortexM3\ARM_GCC_493\Debug\Design01.a(USBUART_cdc.o)
                              .\CortexM3\ARM_GCC_493\Debug\main.o (USBUART_PutData)
.\CortexM3\ARM_GCC_493\Debug\Design01.a(USBUART_drv.o)
                              .\CortexM3\ARM_GCC_493\Debug\Design01.a(USBUART.o) (USBUART_lastPacketSize)
.\CortexM3\ARM_GCC_493\Debug\Design01.a(USBUART_episr.o)
                              .\CortexM3\ARM_GCC_493\Debug\Design01.a(USBUART.o) (USBUART_EP_1_ISR)
.\CortexM3\ARM_GCC_493\Debug\Design01.a(USBUART_pm.o)
[...]
Memory Configuration

Name             Origin             Length             Attributes
rom              0x00000000         0x00040000         xr
ram              0x1fff8000         0x00010000         xrw
*default*        0x00000000         0xffffffff

Linker script and memory map

LOAD c:/program files (x86)/cypress/psoc creator/3.3/psoc creator/import/gnu/arm/4.9.3/bin/../lib/gcc/arm-none-eabi/4.9.3/armv7-m/crti.o
LOAD c:/program files (x86)/cypress/psoc creator/3.3/psoc creator/import/gnu/arm/4.9.3/bin/../lib/gcc/arm-none-eabi/4.9.3/armv7-m/crtbegin.o
LOAD c:/program files (x86)/cypress/psoc creator/3.3/psoc creator/import/gnu/arm/4.9.3/bin/../lib/gcc/arm-none-eabi/4.9.3/../../../../arm-none-eabi/lib/armv7-m/crt0.o
START GROUP
LOAD .\CortexM3\ARM_GCC_493\Debug\main.o
LOAD .\CortexM3\ARM_GCC_493\Debug\linkedlist.o
LOAD .\CortexM3\ARM_GCC_493\Debug\cymetadata.o
LOAD .\CortexM3\ARM_GCC_493\Debug\Cm3Start.o
LOAD .\CortexM3\ARM_GCC_493\Debug\Design01.a
LOAD C:\Program Files (x86)\Cypress\PSoC Creator\3.3\PSoC Creator\psoc\content\cycomponentlibrary\CyComponentLibrary.cylib\CortexM3\ARM_GCC_493\Debug\CyComponentLibrary.a
LOAD c:/program files (x86)/cypress/psoc creator/3.3/psoc creator/import/gnu/arm/4.9.3/bin/../lib/gcc/arm-none-eabi/4.9.3/../../../../arm-none-eabi/lib/armv7-m\libm.a
END GROUP
START GROUP
LOAD c:/program files (x86)/cypress/psoc creator/3.3/psoc creator/import/gnu/arm/4.9.3/bin/../lib/gcc/arm-none-eabi/4.9.3/armv7-m\libgcc.a
LOAD c:/program files (x86)/cypress/psoc creator/3.3/psoc creator/import/gnu/arm/4.9.3/bin/../lib/gcc/arm-none-eabi/4.9.3/../../../../arm-none-eabi/lib/armv7-m\libg_nano.a
LOAD c:/program files (x86)/cypress/psoc creator/3.3/psoc creator/import/gnu/arm/4.9.3/bin/../lib/gcc/arm-none-eabi/4.9.3/../../../../arm-none-eabi/lib/armv7-m\libc_nano.a
END GROUP
START GROUP
LOAD c:/program files (x86)/cypress/psoc creator/3.3/psoc creator/import/gnu/arm/4.9.3/bin/../lib/gcc/arm-none-eabi/4.9.3/armv7-m\libgcc.a
LOAD c:/program files (x86)/cypress/psoc creator/3.3/psoc creator/import/gnu/arm/4.9.3/bin/../lib/gcc/arm-none-eabi/4.9.3/../../../../arm-none-eabi/lib/armv7-m\libc_nano.a
END GROUP
LOAD c:/program files (x86)/cypress/psoc creator/3.3/psoc creator/import/gnu/arm/4.9.3/bin/../lib/gcc/arm-none-eabi/4.9.3/armv7-m/crtend.o
LOAD c:/program files (x86)/cypress/psoc creator/3.3/psoc creator/import/gnu/arm/4.9.3/bin/../lib/gcc/arm-none-eabi/4.9.3/armv7-m/crtn.o
START GROUP
LOAD c:/program files (x86)/cypress/psoc creator/3.3/psoc creator/import/gnu/arm/4.9.3/bin/../lib/gcc/arm-none-eabi/4.9.3/armv7-m\libgcc.a
LOAD c:/program files (x86)/cypress/psoc creator/3.3/psoc creator/import/gnu/arm/4.9.3/bin/../lib/gcc/arm-none-eabi/4.9.3/../../../../arm-none-eabi/lib/armv7-m\libc.a
LOAD c:/program files (x86)/cypress/psoc creator/3.3/psoc creator/import/gnu/arm/4.9.3/bin/../lib/gcc/arm-none-eabi/4.9.3/../../../../arm-none-eabi/lib/armv7-m\libnosys.a
END GROUP
                0x00000000                CY_APPL_ORIGIN = 0x0
                0x00000100                CY_FLASH_ROW_SIZE = 0x100
                0x00000020                CY_ECC_ROW_SIZE = 0x20
                0x00000000                CY_EE_IN_BTLDR = 0x0
                0x00000000                CY_APPL_LOADABLE = 0x0
                0x00000800                CY_EE_SIZE = 0x800
                0x00000001                CY_APPL_NUM = 0x1
                0x00000001                CY_APPL_MAX = 0x1
                0x00000040                CY_METADATA_SIZE = 0x40
                0x00000000                CY_APPL_LOADABLE = 0x0
                0x00000000                CY_CHECKSUM_EXCLUDE_SIZE = ALIGN (0x0, CY_FLASH_ROW_SIZE)
                0x1fff83b0                PROVIDE (__cy_heap_start, _end)
                0x00000001                PROVIDE (__cy_region_num, ((__cy_regions_end - __cy_regions) / 0x10))
                0x20008000                PROVIDE (__cy_stack, (ORIGIN (ram) + 0x10000))
                0x20007800                PROVIDE (__cy_heap_end, (__cy_stack - 0x800))

.cybootloader   0x00000000        0x0
 *(.cybootloader)
                0x00000000                appl1_start = CY_APPL_ORIGIN?CY_APPL_ORIGIN:ALIGN (CY_FLASH_ROW_SIZE)
                0x0001ff00                appl2_start = (appl1_start + ALIGN ((((0x40000 - appl1_start) - (0x2 * CY_FLASH_ROW_SIZE)) / 0x2), CY_FLASH_ROW_SIZE))
                0x00000000                appl_start = (CY_APPL_NUM == 0x1)?appl1_start:appl2_start
                0x00000000                ecc_offset = ((appl_start / CY_FLASH_ROW_SIZE) * CY_ECC_ROW_SIZE)
                0x00000000                ee_offset = (CY_APPL_LOADABLE && ! (CY_EE_IN_BTLDR))?((CY_EE_SIZE / CY_APPL_MAX) * (CY_APPL_NUM - 0x1)):0x0
                0x00000800                ee_size = (CY_APPL_LOADABLE && ! (CY_EE_IN_BTLDR))?(CY_EE_SIZE / CY_APPL_MAX):CY_EE_SIZE
                0x00000000                PROVIDE (CY_ECC_OFFSET, ecc_offset)

.text           0x00000000     0x2d38
 CREATE_OBJECT_SYMBOLS
                0x00000000                PROVIDE (__cy_interrupt_vector, RomVectors)
 *(.romvectors)
 .romvectors    0x00000000       0x10 .\CortexM3\ARM_GCC_493\Debug\Cm3Start.o
                0x00000000                RomVectors
                0x00000001                ASSERT ((. != __cy_interrupt_vector), No interrupt vector)
                0x00000001                ASSERT (CY_APPL_ORIGIN?(SIZEOF (.cybootloader) <= CY_APPL_ORIGIN):0x1, Wrong image location)
                0x00000010                PROVIDE (__cy_reset, Reset)
 *(.text.Reset)
 .text.Reset    0x00000010       0x18 .\CortexM3\ARM_GCC_493\Debug\Cm3Start.o
                0x00000010                Reset
                0x00000001                ASSERT ((. != __cy_reset), No reset code)
 *(.dma_init)
                0x00000001                ASSERT ((((appl_start + .) <= 0x10000) || 0x1), DMA Init must be within the first 64k of flash)
 *(.text .text.* .gnu.linkonce.t.*)
 .text          0x00000028       0x5c c:/program files (x86)/cypress/psoc creator/3.3/psoc creator/import/gnu/arm/4.9.3/bin/../lib/gcc/arm-none-eabi/4.9.3/armv7-m/crtbegin.o
 .text.Timer_1_Int_Handler
                0x00000084       0x58 .\CortexM3\ARM_GCC_493\Debug\main.o
                0x00000084                Timer_1_Int_Handler
 .text.Timer_2_Int_Handler
                0x000000dc       0x2c .\CortexM3\ARM_GCC_493\Debug\main.o
                0x000000dc                Timer_2_Int_Handler
 .text.USBUART_Int_Handler
                0x00000108       0x60 .\CortexM3\ARM_GCC_493\Debug\main.o
                0x00000108                USBUART_Int_Handler
 .text.check_ADC
                0x00000168      0x104 .\CortexM3\ARM_GCC_493\Debug\main.o
                0x00000168                check_ADC
 .text.main     0x0000026c      0x14c .\CortexM3\ARM_GCC_493\Debug\main.o
                0x0000026c                main
 .text.getfirst
                0x000003b8       0x1c .\CortexM3\ARM_GCC_493\Debug\linkedlist.o
                0x000003b8                getfirst
 .text.nodelast
                0x000003d4        0xc .\CortexM3\ARM_GCC_493\Debug\linkedlist.o
                0x000003d4                nodelast
 .text.getlast  0x000003e0       0x20 .\CortexM3\ARM_GCC_493\Debug\linkedlist.o
                0x000003e0                getlast
 .text.setdata  0x00000400       0x18 .\CortexM3\ARM_GCC_493\Debug\linkedlist.o
                0x00000400                setdata
 .text.copydata
                0x00000418       0x2c .\CortexM3\ARM_GCC_493\Debug\linkedlist.o
                0x00000418                copydata
 .text.createlinkedlist
                0x00000444       0x40 .\CortexM3\ARM_GCC_493\Debug\linkedlist.o
                0x00000444                createlinkedlist
 .text.addfirst
                0x00000484       0x3c .\CortexM3\ARM_GCC_493\Debug\linkedlist.o
                0x00000484                addfirst
 .text.addlast  0x000004c0       0x40 .\CortexM3\ARM_GCC_493\Debug\linkedlist.o
                0x000004c0                addlast
 .text.createdata
                0x00000500       0x20 .\CortexM3\ARM_GCC_493\Debug\linkedlist.o
                0x00000500                createdata
 .text.IntDefaultHandler
                0x00000520        0x4 .\CortexM3\ARM_GCC_493\Debug\Cm3Start.o
                0x00000520                IntDefaultHandler
 .text._sbrk    0x00000524       0x30 .\CortexM3\ARM_GCC_493\Debug\Cm3Start.o
                0x00000524                _sbrk
 .text.Start_c  0x00000554       0x4c .\CortexM3\ARM_GCC_493\Debug\Cm3Start.o
                0x00000554                Start_c
 .text.initialize_psoc
                0x000005a0       0x78 .\CortexM3\ARM_GCC_493\Debug\Cm3Start.o
                0x000005a0                initialize_psoc
 .text.CyClockStartupError
                0x00000618        0x4 .\CortexM3\ARM_GCC_493\Debug\Design01.a(cyfitter_cfg.o)
 .text.cfg_write_bytes32
                0x0000061c       0x34 .\CortexM3\ARM_GCC_493\Debug\Design01.a(cyfitter_cfg.o)
 .text.AnalogSetDefault
                0x00000650       0x5c .\CortexM3\ARM_GCC_493\Debug\Design01.a(cyfitter_cfg.o)
 .text.CYMEMZERO
                0x000006ac        0xc .\CortexM3\ARM_GCC_493\Debug\Design01.a(cyfitter_cfg.o)
 .text.ClockSetup
                0x000006b8       0xec .\CortexM3\ARM_GCC_493\Debug\Design01.a(cyfitter_cfg.o)
 .text.CYCONFIGCPY
                0x000007a4        0x8 .\CortexM3\ARM_GCC_493\Debug\Design01.a(cyfitter_cfg.o)
 .text.cyfitter_cfg
                0x000007ac      0x130 .\CortexM3\ARM_GCC_493\Debug\Design01.a(cyfitter_cfg.o)
                0x000007ac                cyfitter_cfg
 *fill*         0x000008dc        0x4 
 .text          0x000008e0       0x20 .\CortexM3\ARM_GCC_493\Debug\Design01.a(CyBootAsmGnu.o)
                0x000008e0                CyDelayCycles
                0x000008f0                CyEnterCriticalSection
                0x000008f8                CyExitCriticalSection
 .text.CyDmacConfigure
                0x00000900       0x34 .\CortexM3\ARM_GCC_493\Debug\Design01.a(CyDmac.o)
                0x00000900                CyDmacConfigure
 .text.CyDmaChEnable
                0x00000934       0x38 .\CortexM3\ARM_GCC_493\Debug\Design01.a(CyDmac.o)
                0x00000934                CyDmaChEnable
 .text.CyDmaClearPendingDrq
                0x0000096c       0x28 .\CortexM3\ARM_GCC_493\Debug\Design01.a(CyDmac.o)
                0x0000096c                CyDmaClearPendingDrq
 .text.CyDmaChPriority
                0x00000994       0x24 .\CortexM3\ARM_GCC_493\Debug\Design01.a(CyDmac.o)
                0x00000994                CyDmaChPriority
 .text.CyDmaChSetExtendedAddress
                0x000009b8       0x34 .\CortexM3\ARM_GCC_493\Debug\Design01.a(CyDmac.o)
                0x000009b8                CyDmaChSetExtendedAddress
 .text.CyDmaChSetInitialTd
                0x000009ec       0x18 .\CortexM3\ARM_GCC_493\Debug\Design01.a(CyDmac.o)
                0x000009ec                CyDmaChSetInitialTd
 .text.CyDmaChSetConfiguration
                0x00000a04       0x48 .\CortexM3\ARM_GCC_493\Debug\Design01.a(CyDmac.o)
                0x00000a04                CyDmaChSetConfiguration
 .text.CyDmaTdAllocate
                0x00000a4c       0x34 .\CortexM3\ARM_GCC_493\Debug\Design01.a(CyDmac.o)
                0x00000a4c                CyDmaTdAllocate
 .text.CyDmaTdSetConfiguration
                0x00000a80       0x28 .\CortexM3\ARM_GCC_493\Debug\Design01.a(CyDmac.o)
                0x00000a80                CyDmaTdSetConfiguration
 .text.CyDmaTdSetAddress
                0x00000aa8       0x1c .\CortexM3\ARM_GCC_493\Debug\Design01.a(CyDmac.o)
                0x00000aa8                CyDmaTdSetAddress
 .text.CyHalt   0x00000ac4        0x4 .\CortexM3\ARM_GCC_493\Debug\Design01.a(CyLib.o)
                0x00000ac4                CyHalt
 .text.CyDelayUs
                0x00000ac8       0x14 .\CortexM3\ARM_GCC_493\Debug\Design01.a(CyLib.o)
                0x00000ac8                CyDelayUs
 .text.CyIntSetVector
                0x00000adc       0x28 .\CortexM3\ARM_GCC_493\Debug\Design01.a(CyLib.o)
                0x00000adc                CyIntSetVector
 .text.CyIntSetPriority
                0x00000b04       0x30 .\CortexM3\ARM_GCC_493\Debug\Design01.a(CyLib.o)
                0x00000b04                CyIntSetPriority
 .text.CyGetUniqueId
                0x00000b34       0x70 .\CortexM3\ARM_GCC_493\Debug\Design01.a(CyLib.o)
                0x00000b34                CyGetUniqueId
 .text.LED_Write
                0x00000ba4       0x18 .\CortexM3\ARM_GCC_493\Debug\Design01.a(LED.o)
                0x00000ba4                LED_Write
 .text.ADC_SAR_1_CalcGain
                0x00000bbc       0x64 .\CortexM3\ARM_GCC_493\Debug\Design01.a(ADC_SAR_1.o)
 .text.ADC_SAR_1_Enable
                0x00000c20       0x98 .\CortexM3\ARM_GCC_493\Debug\Design01.a(ADC_SAR_1.o)
                0x00000c20                ADC_SAR_1_Enable
 .text.ADC_SAR_1_SetResolution
                0x00000cb8       0x38 .\CortexM3\ARM_GCC_493\Debug\Design01.a(ADC_SAR_1.o)
                0x00000cb8                ADC_SAR_1_SetResolution
 .text.ADC_SAR_1_Init
                0x00000cf0       0x3c .\CortexM3\ARM_GCC_493\Debug\Design01.a(ADC_SAR_1.o)
                0x00000cf0                ADC_SAR_1_Init
 .text.ADC_SAR_1_Start
                0x00000d2c       0x1c .\CortexM3\ARM_GCC_493\Debug\Design01.a(ADC_SAR_1.o)
                0x00000d2c                ADC_SAR_1_Start
 .text.ADC_SAR_1_StartConvert
                0x00000d48       0x10 .\CortexM3\ARM_GCC_493\Debug\Design01.a(ADC_SAR_1.o)
                0x00000d48                ADC_SAR_1_StartConvert
 .text.ADC_SAR_1_GetResult16
                0x00000d58       0x18 .\CortexM3\ARM_GCC_493\Debug\Design01.a(ADC_SAR_1.o)
                0x00000d58                ADC_SAR_1_GetResult16
 .text.ADC_SAR_1_CountsTo_mVolts
                0x00000d70       0x54 .\CortexM3\ARM_GCC_493\Debug\Design01.a(ADC_SAR_1.o)
                0x00000d70                ADC_SAR_1_CountsTo_mVolts
 .text.ADC_SAR_1_ISR
                0x00000dc4        0x4 .\CortexM3\ARM_GCC_493\Debug\Design01.a(ADC_SAR_1_INT.o)
                0x00000dc4                ADC_SAR_1_ISR
 .text.ADC_SAR_1_IRQ_Enable
                0x00000dc8        0xc .\CortexM3\ARM_GCC_493\Debug\Design01.a(ADC_SAR_1_IRQ.o)
                0x00000dc8                ADC_SAR_1_IRQ_Enable
 .text.ADC_SAR_1_theACLK_SetModeRegister
                0x00000dd4       0x14 .\CortexM3\ARM_GCC_493\Debug\Design01.a(ADC_SAR_1_theACLK.o)
                0x00000dd4                ADC_SAR_1_theACLK_SetModeRegister
 .text.PWM_1_Enable
                0x00000de8       0x10 .\CortexM3\ARM_GCC_493\Debug\Design01.a(PWM_1.o)
                0x00000de8                PWM_1_Enable
 .text.PWM_1_WriteCounter
                0x00000df8        0xc .\CortexM3\ARM_GCC_493\Debug\Design01.a(PWM_1.o)
                0x00000df8                PWM_1_WriteCounter
 .text.PWM_1_WritePeriod
                0x00000e04        0xc .\CortexM3\ARM_GCC_493\Debug\Design01.a(PWM_1.o)
                0x00000e04                PWM_1_WritePeriod
 .text.PWM_1_WriteCompare1
                0x00000e10        0xc .\CortexM3\ARM_GCC_493\Debug\Design01.a(PWM_1.o)
                0x00000e10                PWM_1_WriteCompare1
 .text.PWM_1_WriteCompare2
                0x00000e1c        0xc .\CortexM3\ARM_GCC_493\Debug\Design01.a(PWM_1.o)
                0x00000e1c                PWM_1_WriteCompare2
 .text.PWM_1_SetInterruptMode
                0x00000e28        0xc .\CortexM3\ARM_GCC_493\Debug\Design01.a(PWM_1.o)
                0x00000e28                PWM_1_SetInterruptMode
 .text.PWM_1_ReadStatusRegister
                0x00000e34        0xc .\CortexM3\ARM_GCC_493\Debug\Design01.a(PWM_1.o)
                0x00000e34                PWM_1_ReadStatusRegister
 .text.PWM_1_ReadCapture
                0x00000e40        0xc .\CortexM3\ARM_GCC_493\Debug\Design01.a(PWM_1.o)
                0x00000e40                PWM_1_ReadCapture
 .text.PWM_1_ClearFIFO
                0x00000e4c       0x14 .\CortexM3\ARM_GCC_493\Debug\Design01.a(PWM_1.o)
                0x00000e4c                PWM_1_ClearFIFO
 .text.PWM_1_Init
                0x00000e60       0x58 .\CortexM3\ARM_GCC_493\Debug\Design01.a(PWM_1.o)
                0x00000e60                PWM_1_Init
 .text.PWM_1_Start
                0x00000eb8       0x1c .\CortexM3\ARM_GCC_493\Debug\Design01.a(PWM_1.o)
                0x00000eb8                PWM_1_Start
 .text.PWM_2_Enable
                0x00000ed4       0x10 .\CortexM3\ARM_GCC_493\Debug\Design01.a(PWM_2.o)
                0x00000ed4                PWM_2_Enable
 .text.PWM_2_WriteCounter
                0x00000ee4        0xc .\CortexM3\ARM_GCC_493\Debug\Design01.a(PWM_2.o)
                0x00000ee4                PWM_2_WriteCounter
 .text.PWM_2_WritePeriod
                0x00000ef0        0xc .\CortexM3\ARM_GCC_493\Debug\Design01.a(PWM_2.o)
                0x00000ef0                PWM_2_WritePeriod
 .text.PWM_2_WriteCompare1
                0x00000efc        0xc .\CortexM3\ARM_GCC_493\Debug\Design01.a(PWM_2.o)
                0x00000efc                PWM_2_WriteCompare1
 .text.PWM_2_WriteCompare2
                0x00000f08        0xc .\CortexM3\ARM_GCC_493\Debug\Design01.a(PWM_2.o)
                0x00000f08                PWM_2_WriteCompare2
 .text.PWM_2_SetInterruptMode
                0x00000f14        0xc .\CortexM3\ARM_GCC_493\Debug\Design01.a(PWM_2.o)
                0x00000f14                PWM_2_SetInterruptMode
 .text.PWM_2_ReadStatusRegister
                0x00000f20        0xc .\CortexM3\ARM_GCC_493\Debug\Design01.a(PWM_2.o)
                0x00000f20                PWM_2_ReadStatusRegister
 .text.PWM_2_ReadCapture
                0x00000f2c        0xc .\CortexM3\ARM_GCC_493\Debug\Design01.a(PWM_2.o)
                0x00000f2c                PWM_2_ReadCapture
 .text.PWM_2_ClearFIFO
                0x00000f38       0x14 .\CortexM3\ARM_GCC_493\Debug\Design01.a(PWM_2.o)
                0x00000f38                PWM_2_ClearFIFO
 .text.PWM_2_Init
                0x00000f4c       0x58 .\CortexM3\ARM_GCC_493\Debug\Design01.a(PWM_2.o)
                0x00000f4c                PWM_2_Init
 .text.PWM_2_Start
                0x00000fa4       0x1c .\CortexM3\ARM_GCC_493\Debug\Design01.a(PWM_2.o)
                0x00000fa4                PWM_2_Start
 .text.Timer_1_Enable
                0x00000fc0       0x10 .\CortexM3\ARM_GCC_493\Debug\Design01.a(Timer_1.o)
                0x00000fc0                Timer_1_Enable
 .text.Timer_1_SetInterruptMode
                0x00000fd0        0xc .\CortexM3\ARM_GCC_493\Debug\Design01.a(Timer_1.o)
                0x00000fd0                Timer_1_SetInterruptMode
 .text.Timer_1_ReadStatusRegister
                0x00000fdc        0xc .\CortexM3\ARM_GCC_493\Debug\Design01.a(Timer_1.o)
                0x00000fdc                Timer_1_ReadStatusRegister
 .text.Timer_1_WritePeriod
                0x00000fe8       0x10 .\CortexM3\ARM_GCC_493\Debug\Design01.a(Timer_1.o)
                0x00000fe8                Timer_1_WritePeriod
 .text.Timer_1_ReadCapture
                0x00000ff8       0x10 .\CortexM3\ARM_GCC_493\Debug\Design01.a(Timer_1.o)
                0x00000ff8                Timer_1_ReadCapture
 .text.Timer_1_WriteCounter
                0x00001008       0x10 .\CortexM3\ARM_GCC_493\Debug\Design01.a(Timer_1.o)
                0x00001008                Timer_1_WriteCounter
 .text.Timer_1_ClearFIFO
                0x00001018       0x14 .\CortexM3\ARM_GCC_493\Debug\Design01.a(Timer_1.o)
                0x00001018                Timer_1_ClearFIFO
 .text.Timer_1_Init
                0x0000102c       0x38 .\CortexM3\ARM_GCC_493\Debug\Design01.a(Timer_1.o)
                0x0000102c                Timer_1_Init
 .text.Timer_1_Start
                0x00001064       0x1c .\CortexM3\ARM_GCC_493\Debug\Design01.a(Timer_1.o)
                0x00001064                Timer_1_Start
 .text.Timer_2_SetInterruptMode
                0x00001080        0xc .\CortexM3\ARM_GCC_493\Debug\Design01.a(Timer_2.o)
                0x00001080                Timer_2_SetInterruptMode
 .text.Timer_2_ReadStatusRegister
                0x0000108c        0xc .\CortexM3\ARM_GCC_493\Debug\Design01.a(Timer_2.o)
                0x0000108c                Timer_2_ReadStatusRegister
 .text.Timer_2_WritePeriod
                0x00001098        0xc .\CortexM3\ARM_GCC_493\Debug\Design01.a(Timer_2.o)
                0x00001098                Timer_2_WritePeriod
 .text.Timer_2_ReadCapture
                0x000010a4        0xc .\CortexM3\ARM_GCC_493\Debug\Design01.a(Timer_2.o)
                0x000010a4                Timer_2_ReadCapture
 .text.Timer_2_WriteCounter
                0x000010b0        0xc .\CortexM3\ARM_GCC_493\Debug\Design01.a(Timer_2.o)
                0x000010b0                Timer_2_WriteCounter
 .text.Timer_2_ClearFIFO
                0x000010bc       0x14 .\CortexM3\ARM_GCC_493\Debug\Design01.a(Timer_2.o)
                0x000010bc                Timer_2_ClearFIFO
 .text.Timer_2_Init
                0x000010d0       0x38 .\CortexM3\ARM_GCC_493\Debug\Design01.a(Timer_2.o)
                0x000010d0                Timer_2_Init
 .text.isr_1_SetVector
                0x00001108        0xc .\CortexM3\ARM_GCC_493\Debug\Design01.a(isr_1.o)
                0x00001108                isr_1_SetVector
 .text.isr_1_SetPriority
                0x00001114       0x10 .\CortexM3\ARM_GCC_493\Debug\Design01.a(isr_1.o)
                0x00001114                isr_1_SetPriority
 .text.isr_1_Enable
                0x00001124        0xc .\CortexM3\ARM_GCC_493\Debug\Design01.a(isr_1.o)
                0x00001124                isr_1_Enable
 .text.isr_1_Disable
                0x00001130        0xc .\CortexM3\ARM_GCC_493\Debug\Design01.a(isr_1.o)
                0x00001130                isr_1_Disable
 .text.isr_1_StartEx
                0x0000113c       0x1c .\CortexM3\ARM_GCC_493\Debug\Design01.a(isr_1.o)
                0x0000113c                isr_1_StartEx
 .text.isr_2_SetVector
                0x00001158        0xc .\CortexM3\ARM_GCC_493\Debug\Design01.a(isr_2.o)
                0x00001158                isr_2_SetVector
 .text.isr_2_SetPriority
                0x00001164       0x10 .\CortexM3\ARM_GCC_493\Debug\Design01.a(isr_2.o)
                0x00001164                isr_2_SetPriority
 .text.isr_2_Enable
                0x00001174        0xc .\CortexM3\ARM_GCC_493\Debug\Design01.a(isr_2.o)
                0x00001174                isr_2_Enable
 .text.isr_2_Disable
                0x00001180        0xc .\CortexM3\ARM_GCC_493\Debug\Design01.a(isr_2.o)
                0x00001180                isr_2_Disable
 .text.isr_2_StartEx
                0x0000118c       0x1c .\CortexM3\ARM_GCC_493\Debug\Design01.a(isr_2.o)
                0x0000118c                isr_2_StartEx
 .text.QuadDec_1_GetCounter
                0x000011a8        0xc .\CortexM3\ARM_GCC_493\Debug\Design01.a(QuadDec_1.o)
                0x000011a8                QuadDec_1_GetCounter
 .text.QuadDec_1_SetCounter
                0x000011b4       0x18 .\CortexM3\ARM_GCC_493\Debug\Design01.a(QuadDec_1.o)
                0x000011b4                QuadDec_1_SetCounter
 .text.QuadDec_1_GetEvents
                0x000011cc       0x10 .\CortexM3\ARM_GCC_493\Debug\Design01.a(QuadDec_1.o)
                0x000011cc                QuadDec_1_GetEvents
 .text.QuadDec_1_SetInterruptMask
                0x000011dc        0xc .\CortexM3\ARM_GCC_493\Debug\Design01.a(QuadDec_1.o)
                0x000011dc                QuadDec_1_SetInterruptMask
 .text.QuadDec_1_Enable
                0x000011e8       0x24 .\CortexM3\ARM_GCC_493\Debug\Design01.a(QuadDec_1.o)
                0x000011e8                QuadDec_1_Enable
 .text.QuadDec_1_Start
                0x0000120c       0x24 .\CortexM3\ARM_GCC_493\Debug\Design01.a(QuadDec_1.o)
                0x0000120c                QuadDec_1_Start
 .text.QuadDec_2_GetCounter
                0x00001230        0xc .\CortexM3\ARM_GCC_493\Debug\Design01.a(QuadDec_2.o)
                0x00001230                QuadDec_2_GetCounter
 .text.QuadDec_2_SetCounter
                0x0000123c       0x18 .\CortexM3\ARM_GCC_493\Debug\Design01.a(QuadDec_2.o)
                0x0000123c                QuadDec_2_SetCounter
 .text.QuadDec_2_GetEvents
                0x00001254       0x10 .\CortexM3\ARM_GCC_493\Debug\Design01.a(QuadDec_2.o)
                0x00001254                QuadDec_2_GetEvents
 .text.QuadDec_2_SetInterruptMask
                0x00001264        0xc .\CortexM3\ARM_GCC_493\Debug\Design01.a(QuadDec_2.o)
                0x00001264                QuadDec_2_SetInterruptMask
 .text.QuadDec_2_Enable
                0x00001270       0x24 .\CortexM3\ARM_GCC_493\Debug\Design01.a(QuadDec_2.o)
                0x00001270                QuadDec_2_Enable
 .text.QuadDec_2_Start
                0x00001294       0x24 .\CortexM3\ARM_GCC_493\Debug\Design01.a(QuadDec_2.o)
                0x00001294                QuadDec_2_Start
 .text.QuadDec_1_Cnt8_Enable
                0x000012b8       0x10 .\CortexM3\ARM_GCC_493\Debug\Design01.a(QuadDec_1_Cnt8.o)
                0x000012b8                QuadDec_1_Cnt8_Enable
 .text.QuadDec_1_Cnt8_SetInterruptMode
                0x000012c8        0xc .\CortexM3\ARM_GCC_493\Debug\Design01.a(QuadDec_1_Cnt8.o)
                0x000012c8                QuadDec_1_Cnt8_SetInterruptMode
 .text.QuadDec_1_Cnt8_ReadStatusRegister
                0x000012d4        0xc .\CortexM3\ARM_GCC_493\Debug\Design01.a(QuadDec_1_Cnt8.o)
                0x000012d4                QuadDec_1_Cnt8_ReadStatusRegister
 .text.QuadDec_1_Cnt8_WriteCounter
                0x000012e0        0xc .\CortexM3\ARM_GCC_493\Debug\Design01.a(QuadDec_1_Cnt8.o)
                0x000012e0                QuadDec_1_Cnt8_WriteCounter
 .text.QuadDec_1_Cnt8_ReadCounter
                0x000012ec       0x14 .\CortexM3\ARM_GCC_493\Debug\Design01.a(QuadDec_1_Cnt8.o)
                0x000012ec                QuadDec_1_Cnt8_ReadCounter
 .text.QuadDec_1_Cnt8_ReadCapture
                0x00001300        0xc .\CortexM3\ARM_GCC_493\Debug\Design01.a(QuadDec_1_Cnt8.o)
                0x00001300                QuadDec_1_Cnt8_ReadCapture
 .text.QuadDec_1_Cnt8_WritePeriod
                0x0000130c        0xc .\CortexM3\ARM_GCC_493\Debug\Design01.a(QuadDec_1_Cnt8.o)
                0x0000130c                QuadDec_1_Cnt8_WritePeriod
 .text.QuadDec_1_Cnt8_WriteCompare
                0x00001318        0xc .\CortexM3\ARM_GCC_493\Debug\Design01.a(QuadDec_1_Cnt8.o)
                0x00001318                QuadDec_1_Cnt8_WriteCompare
 .text.QuadDec_1_Cnt8_ClearFIFO
                0x00001324       0x14 .\CortexM3\ARM_GCC_493\Debug\Design01.a(QuadDec_1_Cnt8.o)
                0x00001324                QuadDec_1_Cnt8_ClearFIFO
 .text.QuadDec_1_Cnt8_Init
                0x00001338       0x50 .\CortexM3\ARM_GCC_493\Debug\Design01.a(QuadDec_1_Cnt8.o)
                0x00001338                QuadDec_1_Cnt8_Init
 .text.QuadDec_1_Cnt8_Start
                0x00001388       0x1c .\CortexM3\ARM_GCC_493\Debug\Design01.a(QuadDec_1_Cnt8.o)
                0x00001388                QuadDec_1_Cnt8_Start
 .text.QuadDec_2_Cnt8_Enable
                0x000013a4       0x10 .\CortexM3\ARM_GCC_493\Debug\Design01.a(QuadDec_2_Cnt8.o)
                0x000013a4                QuadDec_2_Cnt8_Enable
 .text.QuadDec_2_Cnt8_SetInterruptMode
                0x000013b4        0xc .\CortexM3\ARM_GCC_493\Debug\Design01.a(QuadDec_2_Cnt8.o)
                0x000013b4                QuadDec_2_Cnt8_SetInterruptMode
 .text.QuadDec_2_Cnt8_ReadStatusRegister
                0x000013c0        0xc .\CortexM3\ARM_GCC_493\Debug\Design01.a(QuadDec_2_Cnt8.o)
                0x000013c0                QuadDec_2_Cnt8_ReadStatusRegister
 .text.QuadDec_2_Cnt8_WriteCounter
                0x000013cc        0xc .\CortexM3\ARM_GCC_493\Debug\Design01.a(QuadDec_2_Cnt8.o)
                0x000013cc                QuadDec_2_Cnt8_WriteCounter
 .text.QuadDec_2_Cnt8_ReadCounter
                0x000013d8       0x14 .\CortexM3\ARM_GCC_493\Debug\Design01.a(QuadDec_2_Cnt8.o)
                0x000013d8                QuadDec_2_Cnt8_ReadCounter
 .text.QuadDec_2_Cnt8_ReadCapture
                0x000013ec        0xc .\CortexM3\ARM_GCC_493\Debug\Design01.a(QuadDec_2_Cnt8.o)
                0x000013ec                QuadDec_2_Cnt8_ReadCapture
 .text.QuadDec_2_Cnt8_WritePeriod
                0x000013f8        0xc .\CortexM3\ARM_GCC_493\Debug\Design01.a(QuadDec_2_Cnt8.o)
                0x000013f8                QuadDec_2_Cnt8_WritePeriod
 .text.QuadDec_2_Cnt8_WriteCompare
                0x00001404        0xc .\CortexM3\ARM_GCC_493\Debug\Design01.a(QuadDec_2_Cnt8.o)
                0x00001404                QuadDec_2_Cnt8_WriteCompare
 .text.QuadDec_2_Cnt8_ClearFIFO
                0x00001410       0x14 .\CortexM3\ARM_GCC_493\Debug\Design01.a(QuadDec_2_Cnt8.o)
                0x00001410                QuadDec_2_Cnt8_ClearFIFO
 .text.QuadDec_2_Cnt8_Init
                0x00001424       0x50 .\CortexM3\ARM_GCC_493\Debug\Design01.a(QuadDec_2_Cnt8.o)
                0x00001424                QuadDec_2_Cnt8_Init
 .text.QuadDec_2_Cnt8_Start
                0x00001474       0x1c .\CortexM3\ARM_GCC_493\Debug\Design01.a(QuadDec_2_Cnt8.o)
                0x00001474                QuadDec_2_Cnt8_Start
 .text.ADC_SAR_Seq_1_Init
                0x00001490       0x3c .\CortexM3\ARM_GCC_493\Debug\Design01.a(ADC_SAR_Seq_1.o)
                0x00001490                ADC_SAR_Seq_1_Init
 .text.ADC_SAR_Seq_1_Enable
                0x000014cc       0xcc .\CortexM3\ARM_GCC_493\Debug\Design01.a(ADC_SAR_Seq_1.o)
                0x000014cc                ADC_SAR_Seq_1_Enable
 .text.ADC_SAR_Seq_1_Start
                0x00001598       0x28 .\CortexM3\ARM_GCC_493\Debug\Design01.a(ADC_SAR_Seq_1.o)
                0x00001598                ADC_SAR_Seq_1_Start
 .text.ADC_SAR_Seq_1_StartConvert
                0x000015c0        0x8 .\CortexM3\ARM_GCC_493\Debug\Design01.a(ADC_SAR_Seq_1.o)
                0x000015c0                ADC_SAR_Seq_1_StartConvert
 .text.ADC_SAR_Seq_1_GetResult16
                0x000015c8       0x1c .\CortexM3\ARM_GCC_493\Debug\Design01.a(ADC_SAR_Seq_1.o)
                0x000015c8                ADC_SAR_Seq_1_GetResult16
 .text.ADC_SAR_Seq_1_CountsTo_mVolts
                0x000015e4        0x8 .\CortexM3\ARM_GCC_493\Debug\Design01.a(ADC_SAR_Seq_1.o)
                0x000015e4                ADC_SAR_Seq_1_CountsTo_mVolts
 .text.ADC_SAR_Seq_1_ISR
                0x000015ec        0x4 .\CortexM3\ARM_GCC_493\Debug\Design01.a(ADC_SAR_Seq_1_INT.o)
                0x000015ec                ADC_SAR_Seq_1_ISR
 .text.ADC_SAR_Seq_1_SAR_CalcGain
                0x000015f0       0x64 .\CortexM3\ARM_GCC_493\Debug\Design01.a(ADC_SAR_Seq_1_SAR.o)
 .text.ADC_SAR_Seq_1_SAR_Enable
                0x00001654       0x7c .\CortexM3\ARM_GCC_493\Debug\Design01.a(ADC_SAR_Seq_1_SAR.o)
                0x00001654                ADC_SAR_Seq_1_SAR_Enable
 .text.ADC_SAR_Seq_1_SAR_SetResolution
                0x000016d0       0x38 .\CortexM3\ARM_GCC_493\Debug\Design01.a(ADC_SAR_Seq_1_SAR.o)
                0x000016d0                ADC_SAR_Seq_1_SAR_SetResolution
 .text.ADC_SAR_Seq_1_SAR_Init
                0x00001708       0x24 .\CortexM3\ARM_GCC_493\Debug\Design01.a(ADC_SAR_Seq_1_SAR.o)
                0x00001708                ADC_SAR_Seq_1_SAR_Init
 .text.ADC_SAR_Seq_1_SAR_Start
                0x0000172c       0x1c .\CortexM3\ARM_GCC_493\Debug\Design01.a(ADC_SAR_Seq_1_SAR.o)
                0x0000172c                ADC_SAR_Seq_1_SAR_Start
 .text.ADC_SAR_Seq_1_SAR_StartConvert
                0x00001748       0x10 .\CortexM3\ARM_GCC_493\Debug\Design01.a(ADC_SAR_Seq_1_SAR.o)
                0x00001748                ADC_SAR_Seq_1_SAR_StartConvert
 .text.ADC_SAR_Seq_1_SAR_CountsTo_mVolts
                0x00001758       0x54 .\CortexM3\ARM_GCC_493\Debug\Design01.a(ADC_SAR_Seq_1_SAR.o)
                0x00001758                ADC_SAR_Seq_1_SAR_CountsTo_mVolts
 .text.ADC_SAR_Seq_1_TempBuf_DmaInitialize
                0x000017ac       0x40 .\CortexM3\ARM_GCC_493\Debug\Design01.a(ADC_SAR_Seq_1_TempBuf_dma.o)
                0x000017ac                ADC_SAR_Seq_1_TempBuf_DmaInitialize
 .text.ADC_SAR_Seq_1_FinalBuf_DmaInitialize
                0x000017ec       0x3c .\CortexM3\ARM_GCC_493\Debug\Design01.a(ADC_SAR_Seq_1_FinalBuf_dma.o)
                0x000017ec                ADC_SAR_Seq_1_FinalBuf_DmaInitialize
 .text.ADC_SAR_Seq_1_IRQ_SetVector
                0x00001828        0xc .\CortexM3\ARM_GCC_493\Debug\Design01.a(ADC_SAR_Seq_1_IRQ.o)
                0x00001828                ADC_SAR_Seq_1_IRQ_SetVector
 .text.ADC_SAR_Seq_1_IRQ_SetPriority
                0x00001834       0x10 .\CortexM3\ARM_GCC_493\Debug\Design01.a(ADC_SAR_Seq_1_IRQ.o)
                0x00001834                ADC_SAR_Seq_1_IRQ_SetPriority
 .text.ADC_SAR_Seq_1_IRQ_Enable
                0x00001844        0xc .\CortexM3\ARM_GCC_493\Debug\Design01.a(ADC_SAR_Seq_1_IRQ.o)
                0x00001844                ADC_SAR_Seq_1_IRQ_Enable
 .text.UART_1_Init
                0x00001850       0x14 .\CortexM3\ARM_GCC_493\Debug\Design01.a(UART_1.o)
                0x00001850                UART_1_Init
 .text.UART_1_Enable
                0x00001864       0x2c .\CortexM3\ARM_GCC_493\Debug\Design01.a(UART_1.o)
                0x00001864                UART_1_Enable
 .text.UART_1_Start
                0x00001890       0x1c .\CortexM3\ARM_GCC_493\Debug\Design01.a(UART_1.o)
                0x00001890                UART_1_Start
 .text.UART_1_GetChar
                0x000018ac       0x2c .\CortexM3\ARM_GCC_493\Debug\Design01.a(UART_1.o)
                0x000018ac                UART_1_GetChar
 .text.UART_1_IntClock_Start
                0x000018d8       0x1c .\CortexM3\ARM_GCC_493\Debug\Design01.a(UART_1_IntClock.o)
                0x000018d8                UART_1_IntClock_Start
 .text.USBUART_Init
                0x000018f4      0x140 .\CortexM3\ARM_GCC_493\Debug\Design01.a(USBUART.o)
                0x000018f4                USBUART_Init
 .text.USBUART_InitComponent
                0x00001a34       0xb8 .\CortexM3\ARM_GCC_493\Debug\Design01.a(USBUART.o)
                0x00001a34                USBUART_InitComponent
 .text.USBUART_Start
                0x00001aec       0x24 .\CortexM3\ARM_GCC_493\Debug\Design01.a(USBUART.o)
                0x00001aec                USBUART_Start
 .text.USBUART_ReInitComponent
                0x00001b10       0x4c .\CortexM3\ARM_GCC_493\Debug\Design01.a(USBUART.o)
                0x00001b10                USBUART_ReInitComponent
 .text.USBUART_GetInterfaceComPort
                0x00001b5c       0x3c .\CortexM3\ARM_GCC_493\Debug\Design01.a(USBUART_cdc.o)
                0x00001b5c                USBUART_GetInterfaceComPort
 .text.USBUART_DispatchCDCClassRqst
                0x00001b98       0x98 .\CortexM3\ARM_GCC_493\Debug\Design01.a(USBUART_cdc.o)
                0x00001b98                USBUART_DispatchCDCClassRqst
 .text.USBUART_Cdc_EpInit
                0x00001c30       0x50 .\CortexM3\ARM_GCC_493\Debug\Design01.a(USBUART_cdc.o)
                0x00001c30                USBUART_Cdc_EpInit
 .text.USBUART_LoadEP0
                0x00001c80       0x94 .\CortexM3\ARM_GCC_493\Debug\Design01.a(USBUART_drv.o)
                0x00001c80                USBUART_LoadEP0
 .text.USBUART_InitZeroLengthControlTransfer
                0x00001d14       0x34 .\CortexM3\ARM_GCC_493\Debug\Design01.a(USBUART_drv.o)
                0x00001d14                USBUART_InitZeroLengthControlTransfer
 .text.USBUART_ControlReadDataStage
                0x00001d48        0x8 .\CortexM3\ARM_GCC_493\Debug\Design01.a(USBUART_drv.o)
                0x00001d48                USBUART_ControlReadDataStage
 .text.USBUART_ControlWriteDataStage
                0x00001d50       0x80 .\CortexM3\ARM_GCC_493\Debug\Design01.a(USBUART_drv.o)
                0x00001d50                USBUART_ControlWriteDataStage
 .text.USBUART_InitNoDataControlTransfer
                0x00001dd0       0x2c .\CortexM3\ARM_GCC_493\Debug\Design01.a(USBUART_drv.o)
                0x00001dd0                USBUART_InitNoDataControlTransfer
 .text.USBUART_UpdateStatusBlock
                0x00001dfc       0x24 .\CortexM3\ARM_GCC_493\Debug\Design01.a(USBUART_drv.o)
                0x00001dfc                USBUART_UpdateStatusBlock
 .text.USBUART_HandleSetup
                0x00001e20       0x5c .\CortexM3\ARM_GCC_493\Debug\Design01.a(USBUART_drv.o)
                0x00001e20                USBUART_HandleSetup
 .text.USBUART_ControlReadStatusStage
                0x00001e7c       0x34 .\CortexM3\ARM_GCC_493\Debug\Design01.a(USBUART_drv.o)
                0x00001e7c                USBUART_ControlReadStatusStage
 .text.USBUART_HandleOUT
                0x00001eb0       0x38 .\CortexM3\ARM_GCC_493\Debug\Design01.a(USBUART_drv.o)
                0x00001eb0                USBUART_HandleOUT
 .text.USBUART_ControlWriteStatusStage
                0x00001ee8       0x20 .\CortexM3\ARM_GCC_493\Debug\Design01.a(USBUART_drv.o)
                0x00001ee8                USBUART_ControlWriteStatusStage
 .text.USBUART_NoDataControlStatusStage
                0x00001f08       0x40 .\CortexM3\ARM_GCC_493\Debug\Design01.a(USBUART_drv.o)
                0x00001f08                USBUART_NoDataControlStatusStage
 .text.USBUART_HandleIN
                0x00001f48       0x2c .\CortexM3\ARM_GCC_493\Debug\Design01.a(USBUART_drv.o)
                0x00001f48                USBUART_HandleIN
 .text.USBUART_EP_0_ISR
                0x00001f74       0xb8 .\CortexM3\ARM_GCC_493\Debug\Design01.a(USBUART_drv.o)
                0x00001f74                USBUART_EP_0_ISR
 .text.USBUART_InitializeStatusBlock
                0x0000202c       0x24 .\CortexM3\ARM_GCC_493\Debug\Design01.a(USBUART_drv.o)
                0x0000202c                USBUART_InitializeStatusBlock
 .text.USBUART_InitControlRead
                0x00002050       0x50 .\CortexM3\ARM_GCC_493\Debug\Design01.a(USBUART_drv.o)
                0x00002050                USBUART_InitControlRead
 .text.USBUART_InitControlWrite
                0x000020a0       0x48 .\CortexM3\ARM_GCC_493\Debug\Design01.a(USBUART_drv.o)
                0x000020a0                USBUART_InitControlWrite
 .text.USBUART_EP_1_ISR
                0x000020e8       0x38 .\CortexM3\ARM_GCC_493\Debug\Design01.a(USBUART_episr.o)
                0x000020e8                USBUART_EP_1_ISR
 .text.USBUART_EP_2_ISR
                0x00002120       0x3c .\CortexM3\ARM_GCC_493\Debug\Design01.a(USBUART_episr.o)
                0x00002120                USBUART_EP_2_ISR
 .text.USBUART_EP_3_ISR
                0x0000215c       0x44 .\CortexM3\ARM_GCC_493\Debug\Design01.a(USBUART_episr.o)
                0x0000215c                USBUART_EP_3_ISR
 .text.USBUART_SOF_ISR
                0x000021a0        0x4 .\CortexM3\ARM_GCC_493\Debug\Design01.a(USBUART_episr.o)
                0x000021a0                USBUART_SOF_ISR
 .text.USBUART_BUS_RESET_ISR
                0x000021a4        0x8 .\CortexM3\ARM_GCC_493\Debug\Design01.a(USBUART_episr.o)
                0x000021a4                USBUART_BUS_RESET_ISR
 .text.USBUART_DP_ISR
                0x000021ac        0x8 .\CortexM3\ARM_GCC_493\Debug\Design01.a(USBUART_pm.o)
                0x000021ac                USBUART_DP_ISR
 .text.USBUART_ReadDieID
                0x000021b4       0x6c .\CortexM3\ARM_GCC_493\Debug\Design01.a(USBUART_std.o)
                0x000021b4                USBUART_ReadDieID
 .text.USBUART_ConfigReg
                0x00002220       0xa4 .\CortexM3\ARM_GCC_493\Debug\Design01.a(USBUART_std.o)
                0x00002220                USBUART_ConfigReg
 .text.USBUART_GetConfigTablePtr
                0x000022c4       0x28 .\CortexM3\ARM_GCC_493\Debug\Design01.a(USBUART_std.o)
                0x000022c4                USBUART_GetConfigTablePtr
 .text.USBUART_ConfigAltChanged
                0x000022ec      0x11c .\CortexM3\ARM_GCC_493\Debug\Design01.a(USBUART_std.o)
                0x000022ec                USBUART_ConfigAltChanged
 .text.USBUART_GetDeviceTablePtr
                0x00002408       0x18 .\CortexM3\ARM_GCC_493\Debug\Design01.a(USBUART_std.o)
                0x00002408                USBUART_GetDeviceTablePtr
 .text.USBUART_GetInterfaceClassTablePtr
                0x00002420       0x24 .\CortexM3\ARM_GCC_493\Debug\Design01.a(USBUART_std.o)
                0x00002420                USBUART_GetInterfaceClassTablePtr
 .text.USBUART_Config
                0x00002444      0x1dc .\CortexM3\ARM_GCC_493\Debug\Design01.a(USBUART_std.o)
                0x00002444                USBUART_Config
 .text.USBUART_SetEndpointHalt
                0x00002620       0x64 .\CortexM3\ARM_GCC_493\Debug\Design01.a(USBUART_std.o)
                0x00002620                USBUART_SetEndpointHalt
 .text.USBUART_ClearEndpointHalt
                0x00002684       0xa8 .\CortexM3\ARM_GCC_493\Debug\Design01.a(USBUART_std.o)
                0x00002684                USBUART_ClearEndpointHalt
 .text.USBUART_ValidateAlternateSetting
                0x0000272c       0x4c .\CortexM3\ARM_GCC_493\Debug\Design01.a(USBUART_std.o)
                0x0000272c                USBUART_ValidateAlternateSetting
 .text.USBUART_HandleStandardRqst
                0x00002778      0x35c .\CortexM3\ARM_GCC_493\Debug\Design01.a(USBUART_std.o)
                0x00002778                USBUART_HandleStandardRqst
 .text.USBUART_HandleVendorRqst
                0x00002ad4       0x3c .\CortexM3\ARM_GCC_493\Debug\Design01.a(USBUART_vnd.o)
                0x00002ad4                USBUART_HandleVendorRqst
 .text.USBUART_Dp_ClearInterrupt
                0x00002b10       0x10 .\CortexM3\ARM_GCC_493\Debug\Design01.a(USBUART_Dp.o)
                0x00002b10                USBUART_Dp_ClearInterrupt
 .text.isr_3_SetVector
                0x00002b20        0xc .\CortexM3\ARM_GCC_493\Debug\Design01.a(isr_3.o)
                0x00002b20                isr_3_SetVector
 .text.isr_3_SetPriority
                0x00002b2c       0x10 .\CortexM3\ARM_GCC_493\Debug\Design01.a(isr_3.o)
                0x00002b2c                isr_3_SetPriority
 .text.isr_3_Enable
                0x00002b3c        0xc .\CortexM3\ARM_GCC_493\Debug\Design01.a(isr_3.o)
                0x00002b3c                isr_3_Enable
 .text.isr_3_Disable
                0x00002b48        0xc .\CortexM3\ARM_GCC_493\Debug\Design01.a(isr_3.o)
                0x00002b48                isr_3_Disable
 .text.isr_3_StartEx
                0x00002b54       0x1c .\CortexM3\ARM_GCC_493\Debug\Design01.a(isr_3.o)
                0x00002b54                isr_3_StartEx
 .text.CySetReg24
                0x00002b70       0x14 .\CortexM3\ARM_GCC_493\Debug\Design01.a(cyutils.o)
                0x00002b70                CySetReg24
 .text.USBUART_DispatchClassRqst
                0x00002b84       0x58 .\CortexM3\ARM_GCC_493\Debug\Design01.a(USBUART_cls.o)
                0x00002b84                USBUART_DispatchClassRqst
 .text.__errno  0x00002bdc        0xc c:/program files (x86)/cypress/psoc creator/3.3/psoc creator/import/gnu/arm/4.9.3/bin/../lib/gcc/arm-none-eabi/4.9.3/../../../../arm-none-eabi/lib/armv7-m\libg_nano.a(lib_a-errno.o)
                0x00002bdc                __errno
 .text.__libc_init_array
                0x00002be8       0x4c c:/program files (x86)/cypress/psoc creator/3.3/psoc creator/import/gnu/arm/4.9.3/bin/../lib/gcc/arm-none-eabi/4.9.3/../../../../arm-none-eabi/lib/armv7-m\libg_nano.a(lib_a-init.o)
                0x00002be8                __libc_init_array
 .text.malloc   0x00002c34       0x10 c:/program files (x86)/cypress/psoc creator/3.3/psoc creator/import/gnu/arm/4.9.3/bin/../lib/gcc/arm-none-eabi/4.9.3/../../../../arm-none-eabi/lib/armv7-m\libg_nano.a(lib_a-malloc.o)
                0x00002c34                malloc
 .text.memcpy   0x00002c44       0x16 c:/program files (x86)/cypress/psoc creator/3.3/psoc creator/import/gnu/arm/4.9.3/bin/../lib/gcc/arm-none-eabi/4.9.3/../../../../arm-none-eabi/lib/armv7-m\libg_nano.a(lib_a-memcpy.o)
                0x00002c44                memcpy
 .text.memset   0x00002c5a       0x10 c:/program files (x86)/cypress/psoc creator/3.3/psoc creator/import/gnu/arm/4.9.3/bin/../lib/gcc/arm-none-eabi/4.9.3/../../../../arm-none-eabi/lib/armv7-m\libg_nano.a(lib_a-memset.o)
                0x00002c5a                memset
 *fill*         0x00002c6a        0x2 
 .text._malloc_r
                0x00002c6c       0xac c:/program files (x86)/cypress/psoc creator/3.3/psoc creator/import/gnu/arm/4.9.3/bin/../lib/gcc/arm-none-eabi/4.9.3/../../../../arm-none-eabi/lib/armv7-m\libg_nano.a(lib_a-nano-mallocr.o)
                0x00002c6c                _malloc_r
 .text._sbrk_r  0x00002d18       0x20 c:/program files (x86)/cypress/psoc creator/3.3/psoc creator/import/gnu/arm/4.9.3/bin/../lib/gcc/arm-none-eabi/4.9.3/../../../../arm-none-eabi/lib/armv7-m\libg_nano.a(lib_a-sbrkr.o)
                0x00002d18                _sbrk_r
 *(.plt)
 *(.gnu.warning)
 *(.glue_7t)
 .glue_7t       0x00000000        0x0 linker stubs
 *(.glue_7)
 .glue_7        0x00000000        0x0 linker stubs
 *(.vfp11_veneer)
 .vfp11_veneer  0x00000000        0x0 linker stubs
 *(.bootloader)
 *(.ARM.extab* .gnu.linkonce.armextab.*)
 *(.gcc_except_table)

.v4_bx          0x00002d38        0x0
 .v4_bx         0x00000000        0x0 linker stubs

.iplt           0x00002d38        0x0
 .iplt          0x00000000        0x0 c:/program files (x86)/cypress/psoc creator/3.3/psoc creator/import/gnu/arm/4.9.3/bin/../lib/gcc/arm-none-eabi/4.9.3/armv7-m/crtbegin.o

.eh_frame_hdr
 *(.eh_frame_hdr)

.eh_frame       0x00002d38        0x4
 *(.eh_frame)
 .eh_frame      0x00002d38        0x0 c:/program files (x86)/cypress/psoc creator/3.3/psoc creator/import/gnu/arm/4.9.3/bin/../lib/gcc/arm-none-eabi/4.9.3/armv7-m/crtbegin.o
 .eh_frame      0x00002d38        0x4 c:/program files (x86)/cypress/psoc creator/3.3/psoc creator/import/gnu/arm/4.9.3/bin/../lib/gcc/arm-none-eabi/4.9.3/armv7-m/crtend.o
                0x00002d3c                PROVIDE (__exidx_start, .)

.ARM.exidx
 *(.ARM.exidx* .gnu.linkonce.armexidx.*)
                0x00002d3c                __exidx_end = .

.rodata         0x00002d3c      0x274
 *(.rodata .rodata.* .gnu.linkonce.r.*)
 .rodata        0x00002d3c       0x2c .\CortexM3\ARM_GCC_493\Debug\Design01.a(cyfitter_cfg.o)
 .rodata.str1.4
                0x00002d68       0x14 .\CortexM3\ARM_GCC_493\Debug\Design01.a(USBUART_std.o)
 .rodata        0x00002d7c      0x19c .\CortexM3\ARM_GCC_493\Debug\Design01.a(USBUART_descr.o)
                0x00002d7c                USBUART_MSOS_CONFIGURATION_DESCR
                0x00002da4                USBUART_MSOS_DESCRIPTOR
                0x00002db8                USBUART_TABLE
                0x00002dc0                USBUART_DEVICE0_TABLE
                0x00002dd8                USBUART_DEVICE0_CONFIGURATION0_TABLE
                0x00002e00                USBUART_DEVICE0_CONFIGURATION0_INTERFACE_CLASS
                0x00002e04                USBUART_DEVICE0_CONFIGURATION0_EP_SETTINGS_TABLE
                0x00002e1c                USBUART_SN_STRING_DESCRIPTOR
                0x00002e20                USBUART_STRING_DESCRIPTORS
                0x00002ec0                USBUART_DEVICE0_CONFIGURATION0_DESCR
                0x00002f04                USBUART_DEVICE0_DESCR
 .rodata.str1.1
                0x00002f18        0x2 c:/program files (x86)/cypress/psoc creator/3.3/psoc creator/import/gnu/arm/4.9.3/bin/../lib/gcc/arm-none-eabi/4.9.3/../../../../arm-none-eabi/lib/armv7-m\libg_nano.a(lib_a-impure.o)
 *fill*         0x00002f1a        0x2 
 .rodata.__sf_fake_stdin
                0x00002f1c       0x20 c:/program files (x86)/cypress/psoc creator/3.3/psoc creator/import/gnu/arm/4.9.3/bin/../lib/gcc/arm-none-eabi/4.9.3/../../../../arm-none-eabi/lib/armv7-m\libg_nano.a(lib_a-findfp.o)
                0x00002f1c                __sf_fake_stdin
 .rodata.__sf_fake_stdout
                0x00002f3c       0x20 c:/program files (x86)/cypress/psoc creator/3.3/psoc creator/import/gnu/arm/4.9.3/bin/../lib/gcc/arm-none-eabi/4.9.3/../../../../arm-none-eabi/lib/armv7-m\libg_nano.a(lib_a-findfp.o)
                0x00002f3c                __sf_fake_stdout
 .rodata.__sf_fake_stderr
                0x00002f5c       0x20 c:/program files (x86)/cypress/psoc creator/3.3/psoc creator/import/gnu/arm/4.9.3/bin/../lib/gcc/arm-none-eabi/4.9.3/../../../../arm-none-eabi/lib/armv7-m\libg_nano.a(lib_a-findfp.o)
                0x00002f5c                __sf_fake_stderr
                0x00002f7c                . = ALIGN (0x4)
 *(.init)
 .init          0x00002f7c        0x4 c:/program files (x86)/cypress/psoc creator/3.3/psoc creator/import/gnu/arm/4.9.3/bin/../lib/gcc/arm-none-eabi/4.9.3/armv7-m/crti.o
                0x00002f7c                _init
 .init          0x00002f80        0x8 c:/program files (x86)/cypress/psoc creator/3.3/psoc creator/import/gnu/arm/4.9.3/bin/../lib/gcc/arm-none-eabi/4.9.3/armv7-m/crtn.o
                0x00002f88                . = ALIGN (0x4)
                0x00002f88                __preinit_array_start = .
 *(.preinit_array)
                0x00002f88                __preinit_array_end = .
                0x00002f88                . = ALIGN (0x4)
                0x00002f88                __init_array_start = .
 *(SORT(.init_array.*))
 *(.init_array)
 .init_array    0x00002f88        0x4 c:/program files (x86)/cypress/psoc creator/3.3/psoc creator/import/gnu/arm/4.9.3/bin/../lib/gcc/arm-none-eabi/4.9.3/armv7-m/crtbegin.o
 .init_array    0x00002f8c        0x4 .\CortexM3\ARM_GCC_493\Debug\Cm3Start.o
                0x00002f90                __init_array_end = .
                0x00002f90                . = ALIGN (0x4)
 *(.fini)
 .fini          0x00002f90        0x4 c:/program files (x86)/cypress/psoc creator/3.3/psoc creator/import/gnu/arm/4.9.3/bin/../lib/gcc/arm-none-eabi/4.9.3/armv7-m/crti.o
                0x00002f90                _fini
 .fini          0x00002f94        0x8 c:/program files (x86)/cypress/psoc creator/3.3/psoc creator/import/gnu/arm/4.9.3/bin/../lib/gcc/arm-none-eabi/4.9.3/armv7-m/crtn.o
                0x00002f9c                . = ALIGN (0x4)
                0x00002f9c                __fini_array_start = .
 *(.fini_array)
 .fini_array    0x00002f9c        0x4 c:/program files (x86)/cypress/psoc creator/3.3/psoc creator/import/gnu/arm/4.9.3/bin/../lib/gcc/arm-none-eabi/4.9.3/armv7-m/crtbegin.o
 *(SORT(.fini_array.*))
                0x00002fa0                __fini_array_end = .
                0x00002fa0                . = ALIGN (0x4)
 *crtbegin.o(.ctors)
 *(EXCLUDE_FILE(*crtend.o) .ctors)
 *(SORT(.ctors.*))
 *crtend.o(.ctors)
                0x00002fa0                . = ALIGN (0x4)
 *crtbegin.o(.dtors)
 *(EXCLUDE_FILE(*crtend.o) .dtors)
 *(SORT(.dtors.*))
 *crtend.o(.dtors)
                0x00002fa0                . = ALIGN (0x4)
                0x00002fa0                __cy_regions = .
                0x00002fa0        0x4 LONG 0x2fb0 __cy_region_init_ram
                0x00002fa4        0x4 LONG 0x1fff8108 __cy_region_start_data
                0x00002fa8        0x4 LONG 0xb8 __cy_region_init_size_ram
                0x00002fac        0x4 LONG 0x1f0 __cy_region_zero_size_ram
                0x00002fb0                __cy_regions_end = .
                0x00002fb0                . = ALIGN (0x8)
                0x00002fb0                _etext = .

.cy_checksum_exclude
                0x00002fb0        0x0
 *(.cy_checksum_exclude)

.ramvectors     0x1fff8000      0x100
                0x1fff8000                __cy_region_start_ram = .
 *(.ramvectors)
 .ramvectors    0x1fff8000      0x100 .\CortexM3\ARM_GCC_493\Debug\Cm3Start.o
                0x1fff8000                CyRamVectors

.noinit         0x1fff8100        0x5
 *(.noinit)
 .noinit        0x1fff8100        0x4 .\CortexM3\ARM_GCC_493\Debug\Cm3Start.o
 .noinit        0x1fff8104        0x1 .\CortexM3\ARM_GCC_493\Debug\Design01.a(CyLib.o)
                0x1fff8104                CyResetStatus

.data           0x1fff8108       0xb8 load address 0x00002fb0
                0x1fff8108                __cy_region_start_data = .
 *(.jcr)
 .jcr           0x1fff8108        0x0 c:/program files (x86)/cypress/psoc creator/3.3/psoc creator/import/gnu/arm/4.9.3/bin/../lib/gcc/arm-none-eabi/4.9.3/armv7-m/crtbegin.o
 .jcr           0x1fff8108        0x4 c:/program files (x86)/cypress/psoc creator/3.3/psoc creator/import/gnu/arm/4.9.3/bin/../lib/gcc/arm-none-eabi/4.9.3/armv7-m/crtend.o
 *(.got.plt)
 *(.got)
 *(.shdata)
 *(.data .data.* .gnu.linkonce.d.*)
 .data          0x1fff810c        0xe .\CortexM3\ARM_GCC_493\Debug\main.o
                0x1fff810c                Count1
                0x1fff810d                Count2
                0x1fff810e                pwm1_speed4
                0x1fff8110                pwm2_speed4
                0x1fff8112                pwm1_speed
                0x1fff8113                pwm2_speed
                0x1fff8114                robot_xpos
                0x1fff8116                robot_ypos
                0x1fff8118                first_data
 *fill*         0x1fff811a        0x2 
 .data          0x1fff811c        0x4 .\CortexM3\ARM_GCC_493\Debug\Cm3Start.o
 .data          0x1fff8120        0x8 .\CortexM3\ARM_GCC_493\Debug\Design01.a(CyDmac.o)
 .data          0x1fff8128       0x10 .\CortexM3\ARM_GCC_493\Debug\Design01.a(CyLib.o)
                0x1fff8128                cydelay_32k_ms
                0x1fff812c                cydelay_freq_khz
                0x1fff8130                cydelay_freq_mhz
                0x1fff8134                cydelay_freq_hz
 .data          0x1fff8138        0x2 .\CortexM3\ARM_GCC_493\Debug\Design01.a(ADC_SAR_Seq_1.o)
 .data          0x1fff813a        0x1 .\CortexM3\ARM_GCC_493\Debug\Design01.a(ADC_SAR_Seq_1_TempBuf_dma.o)
                0x1fff813a                ADC_SAR_Seq_1_TempBuf_DmaHandle
 .data          0x1fff813b        0x1 .\CortexM3\ARM_GCC_493\Debug\Design01.a(ADC_SAR_Seq_1_FinalBuf_dma.o)
                0x1fff813b                ADC_SAR_Seq_1_FinalBuf_DmaHandle
 .data          0x1fff813c       0x1c .\CortexM3\ARM_GCC_493\Debug\Design01.a(USBUART_cdc.o)
                0x1fff813c                USBUART_linesCoding
 .data.impure_data
                0x1fff8158       0x60 c:/program files (x86)/cypress/psoc creator/3.3/psoc creator/import/gnu/arm/4.9.3/bin/../lib/gcc/arm-none-eabi/4.9.3/../../../../arm-none-eabi/lib/armv7-m\libg_nano.a(lib_a-impure.o)
 .data._impure_ptr
                0x1fff81b8        0x4 c:/program files (x86)/cypress/psoc creator/3.3/psoc creator/import/gnu/arm/4.9.3/bin/../lib/gcc/arm-none-eabi/4.9.3/../../../../arm-none-eabi/lib/armv7-m\libg_nano.a(lib_a-impure.o)
                0x1fff81b8                _impure_ptr
                0x1fff81c0                . = ALIGN (0x8)
 *fill*         0x1fff81bc        0x4 
 *(.ram)
                0x1fff81c0                _edata = .

.igot.plt       0x1fff81c0        0x0 load address 0x00003068
 .igot.plt      0x00000000        0x0 c:/program files (x86)/cypress/psoc creator/3.3/psoc creator/import/gnu/arm/4.9.3/bin/../lib/gcc/arm-none-eabi/4.9.3/armv7-m/crtbegin.o

.bss            0x1fff81c0      0x1f0 load address 0x00003068
                0x1fff81c0                PROVIDE (__bss_start__, .)
 *(.shbss)
 *(.bss .bss.* .gnu.linkonce.b.*)
 .bss           0x1fff81c0       0x1c c:/program files (x86)/cypress/psoc creator/3.3/psoc creator/import/gnu/arm/4.9.3/bin/../lib/gcc/arm-none-eabi/4.9.3/armv7-m/crtbegin.o
 .bss           0x1fff81dc       0x24 .\CortexM3\ARM_GCC_493\Debug\main.o
                0x1fff81dc                int_ready
                0x1fff81de                final_count
                0x1fff81e0                rotateflag
                0x1fff81e2                bytecount_val
                0x1fff81e4                valid_rf
                0x1fff81e6                flag_rx
                0x1fff81e8                UART_index
                0x1fff81e9                UART_startString
                0x1fff81ea                UART_comma
                0x1fff81eb                UART_dataReady
                0x1fff81ec                last_diffy
                0x1fff81ee                last_diffx
                0x1fff81f0                RF_stop
                0x1fff81f2                dy
                0x1fff81f4                dx
                0x1fff81f6                originy
                0x1fff81f8                originx
                0x1fff81fa                reverse2
                0x1fff81fc                reverse1
                0x1fff81fe                led
                0x1fff81ff                disablePWM
 .bss           0x1fff8200        0x1 .\CortexM3\ARM_GCC_493\Debug\Design01.a(ADC_SAR_1.o)
                0x1fff8200                ADC_SAR_1_initVar
 .bss           0x1fff8201        0x1 .\CortexM3\ARM_GCC_493\Debug\Design01.a(PWM_1.o)
                0x1fff8201                PWM_1_initVar
 .bss           0x1fff8202        0x1 .\CortexM3\ARM_GCC_493\Debug\Design01.a(PWM_2.o)
                0x1fff8202                PWM_2_initVar
 .bss           0x1fff8203        0x1 .\CortexM3\ARM_GCC_493\Debug\Design01.a(Timer_1.o)
                0x1fff8203                Timer_1_initVar
 .bss           0x1fff8204        0x1 .\CortexM3\ARM_GCC_493\Debug\Design01.a(QuadDec_1.o)
                0x1fff8204                QuadDec_1_initVar
 .bss           0x1fff8205        0x1 .\CortexM3\ARM_GCC_493\Debug\Design01.a(QuadDec_2.o)
                0x1fff8205                QuadDec_2_initVar
 .bss           0x1fff8206        0x1 .\CortexM3\ARM_GCC_493\Debug\Design01.a(QuadDec_1_Cnt8.o)
                0x1fff8206                QuadDec_1_Cnt8_initVar
 .bss           0x1fff8207        0x1 .\CortexM3\ARM_GCC_493\Debug\Design01.a(QuadDec_2_Cnt8.o)
                0x1fff8207                QuadDec_2_Cnt8_initVar
 .bss           0x1fff8208       0x10 .\CortexM3\ARM_GCC_493\Debug\Design01.a(ADC_SAR_Seq_1.o)
                0x1fff8214                ADC_SAR_Seq_1_initVar
 .bss           0x1fff8218        0x1 .\CortexM3\ARM_GCC_493\Debug\Design01.a(ADC_SAR_Seq_1_SAR.o)
                0x1fff8218                ADC_SAR_Seq_1_SAR_initVar
 .bss           0x1fff8219        0x1 .\CortexM3\ARM_GCC_493\Debug\Design01.a(UART_1.o)
                0x1fff8219                UART_1_initVar
 .bss           0x1fff821a        0x1 .\CortexM3\ARM_GCC_493\Debug\Design01.a(USBUART.o)
                0x1fff821a                USBUART_initVar
 *fill*         0x1fff821b        0x1 
 .bss           0x1fff821c        0x4 .\CortexM3\ARM_GCC_493\Debug\Design01.a(USBUART_std.o)
 .bss.__malloc_sbrk_start
                0x1fff8220        0x4 c:/program files (x86)/cypress/psoc creator/3.3/psoc creator/import/gnu/arm/4.9.3/bin/../lib/gcc/arm-none-eabi/4.9.3/../../../../arm-none-eabi/lib/armv7-m\libg_nano.a(lib_a-nano-mallocr.o)
                0x1fff8220                __malloc_sbrk_start
 .bss.__malloc_free_list
                0x1fff8224        0x4 c:/program files (x86)/cypress/psoc creator/3.3/psoc creator/import/gnu/arm/4.9.3/bin/../lib/gcc/arm-none-eabi/4.9.3/../../../../arm-none-eabi/lib/armv7-m\libg_nano.a(lib_a-nano-mallocr.o)
                0x1fff8224                __malloc_free_list
 *(COMMON)
 COMMON         0x1fff8228       0x87 .\CortexM3\ARM_GCC_493\Debug\main.o
                0x1fff8228                dist_travelledy
                0x1fff822a                sensor3_mv
                0x1fff822c                displaystring
                0x1fff826c                dist_travelled
                0x1fff8270                packet
                0x1fff8274                sensor5_mv
                0x1fff8276                sensor1_mv
                0x1fff8278                adccount
                0x1fff827a                robot_ypos_temp
                0x1fff827c                dist_travelledx
                0x1fff8280                double_dist_travelled
                0x1fff8288                sensor3
                0x1fff828a                sensor2_mv
                0x1fff828c                indexnumber
                0x1fff8290                rssi
                0x1fff8294                batteryVoltage
                0x1fff8296                sensor5
                0x1fff8298                mVolts
                0x1fff829a                sensor4_mv
                0x1fff829c                sensor4
                0x1fff829e                sensor1
                0x1fff82a0                yloc
                0x1fff82a4                robot_xpos_temp
                0x1fff82a6                sensor2
                0x1fff82a8                xloc
                0x1fff82ac                angle10
 *fill*         0x1fff82af        0x1 
 COMMON         0x1fff82b0        0xa .\CortexM3\ARM_GCC_493\Debug\Design01.a(ADC_SAR_1.o)
                0x1fff82b0                ADC_SAR_1_countsPerVolt
                0x1fff82b2                ADC_SAR_1_shift
                0x1fff82b4                ADC_SAR_1_countsPer10Volt
                0x1fff82b8                ADC_SAR_1_offset
 *fill*         0x1fff82ba        0x2 
 COMMON         0x1fff82bc        0x8 .\CortexM3\ARM_GCC_493\Debug\Design01.a(ADC_SAR_Seq_1.o)
                0x1fff82bc                ADC_SAR_Seq_1_finalArray
 COMMON         0x1fff82c4        0xa .\CortexM3\ARM_GCC_493\Debug\Design01.a(ADC_SAR_Seq_1_SAR.o)
                0x1fff82c4                ADC_SAR_Seq_1_SAR_countsPerVolt
                0x1fff82c6                ADC_SAR_Seq_1_SAR_offset
                0x1fff82c8                ADC_SAR_Seq_1_SAR_countsPer10Volt
                0x1fff82cc                ADC_SAR_Seq_1_SAR_shift
 *fill*         0x1fff82ce        0x2 
 COMMON         0x1fff82d0       0x18 .\CortexM3\ARM_GCC_493\Debug\Design01.a(USBUART_cdc.o)
                0x1fff82d0                USBUART_linesChanged
                0x1fff82d4                USBUART_cdcDataInEp
                0x1fff82d8                USBUART_cdcCommInInterruptEp
                0x1fff82dc                USBUART_cdcDataOutEp
                0x1fff82e0                USBUART_serialStateBitmap
                0x1fff82e4                USBUART_linesControlBitmap
 COMMON         0x1fff82e8       0x9a .\CortexM3\ARM_GCC_493\Debug\Design01.a(USBUART_drv.o)
                0x1fff82e8                USBUART_lastPacketSize
                0x1fff82e9                USBUART_device
                0x1fff82ea                USBUART_transferByteCount
                0x1fff82ec                USBUART_transferState
                0x1fff82f0                USBUART_interfaceSettingLast
                0x1fff82f4                USBUART_currentTD
                0x1fff8300                USBUART_interfaceNumber
                0x1fff8304                USBUART_interfaceClass
                0x1fff8308                USBUART_configurationChanged
                0x1fff8309                USBUART_ep0Mode
                0x1fff830a                USBUART_deviceAddress
                0x1fff830b                USBUART_configuration
                0x1fff830c                USBUART_ep0Count
                0x1fff830d                USBUART_deviceStatus
                0x1fff8310                USBUART_EP
                0x1fff837c                USBUART_interfaceSetting
                0x1fff837e                USBUART_ep0Toggle
                0x1fff8380                USBUART_interfaceStatus
 *fill*         0x1fff8382        0x2 
 COMMON         0x1fff8384       0x22 .\CortexM3\ARM_GCC_493\Debug\Design01.a(USBUART_descr.o)
                0x1fff8384                USBUART_idSerialNumberStringDescriptor
 *fill*         0x1fff83a6        0x2 
 COMMON         0x1fff83a8        0x4 c:/program files (x86)/cypress/psoc creator/3.3/psoc creator/import/gnu/arm/4.9.3/bin/../lib/gcc/arm-none-eabi/4.9.3/../../../../arm-none-eabi/lib/armv7-m\libg_nano.a(lib_a-reent.o)
                0x1fff83a8                errno
                0x1fff83b0                . = ALIGN (0x8)
 *fill*         0x1fff83ac        0x4 
 *(.ram.b)
                0x1fff83b0                _end = .
                0x1fff83b0                __end = .
                0x1fff83b0                PROVIDE (end, .)
                0x1fff83b0                PROVIDE (__bss_end__, .)
                0x00002fb0                __cy_region_init_ram = LOADADDR (.data)
                0x000000b8                __cy_region_init_size_ram = (_edata - ADDR (.data))
                0x000001f0                __cy_region_zero_size_ram = (_end - _edata)

.heap           0x1fff83b0       0x80 load address 0x00003068
                0x1fff83b0                . = _end
                0x1fff8430                . = (. + 0x80)
 *fill*         0x1fff83b0       0x80 
                0x1fff8430                __cy_heap_limit = .

.stack          0x20007800      0x800
                0x20007800                __cy_stack_limit = .
                0x20008000                . = (. + 0x800)
 *fill*         0x20007800      0x800 
                0x00000001                ASSERT ((__cy_stack_limit >= __cy_heap_limit), region RAM overflowed with stack)
                0x00000000                cy_checksum_exclude_size = (CY_APPL_LOADABLE == 0x1)?SIZEOF (.cy_checksum_exclude):0x0
                0x00000001                ASSERT ((cy_checksum_exclude_size <= CY_CHECKSUM_EXCLUDE_SIZE), CY_BOOT: Section .cy_checksum_exclude size exceedes specified limit.)

.cyloadermeta
 *(.cyloadermeta)

.cyloadablemeta
 *(.cyloadablemeta)

.cyconfigecc    0x80000000     0x105c
 *(.cyconfigecc)
 .cyconfigecc   0x80000000     0x105c .\CortexM3\ARM_GCC_493\Debug\cymetadata.o
                0x80000000                cy_meta_configecc

.cycustnvl      0x90000000        0x4
 *(.cycustnvl)
 .cycustnvl     0x90000000        0x4 .\CortexM3\ARM_GCC_493\Debug\cymetadata.o
                0x90000000                cy_meta_custnvl

.cywolatch      0x90100000        0x4
 *(.cywolatch)
 .cywolatch     0x90100000        0x4 .\CortexM3\ARM_GCC_493\Debug\cymetadata.o
                0x90100000                cy_meta_wonvl

.cyeeprom       0x90200000        0x0
 *(.cyeeprom)
                0x00000001                ASSERT ((. <= ((0x90200000 + ee_offset) + ee_size)), .cyeeprom data will not fit in EEPROM)

.cyflashprotect
                0x90400000      0x100
 *(.cyflashprotect)
 .cyflashprotect
                0x90400000      0x100 .\CortexM3\ARM_GCC_493\Debug\cymetadata.o
                0x90400000                cy_meta_flashprotect

.cymeta         0x90500000        0xc
 *(.cymeta)
 .cymeta        0x90500000        0xc .\CortexM3\ARM_GCC_493\Debug\cymetadata.o
                0x90500000                cy_metadata

.rel.dyn        0x00003068        0x0 load address 0x9050000c
 .rel.iplt      0x00000000        0x0 c:/program files (x86)/cypress/psoc creator/3.3/psoc creator/import/gnu/arm/4.9.3/bin/../lib/gcc/arm-none-eabi/4.9.3/armv7-m/crtbegin.o

.stab           0x00000000       0x9c
 *(.stab)
 .stab          0x00000000       0x24 c:/program files (x86)/cypress/psoc creator/3.3/psoc creator/import/gnu/arm/4.9.3/bin/../lib/gcc/arm-none-eabi/4.9.3/../../../../arm-none-eabi/lib/armv7-m\libnosys.a(close.o)
 .stab          0x00000024       0x18 c:/program files (x86)/cypress/psoc creator/3.3/psoc creator/import/gnu/arm/4.9.3/bin/../lib/gcc/arm-none-eabi/4.9.3/../../../../arm-none-eabi/lib/armv7-m\libnosys.a(fstat.o)
                                 0x24 (size before relaxing)
 .stab          0x0000003c       0x18 c:/program files (x86)/cypress/psoc creator/3.3/psoc creator/import/gnu/arm/4.9.3/bin/../lib/gcc/arm-none-eabi/4.9.3/../../../../arm-none-eabi/lib/armv7-m\libnosys.a(isatty.o)
                                 0x24 (size before relaxing)
 .stab          0x00000054       0x18 c:/program files (x86)/cypress/psoc creator/3.3/psoc creator/import/gnu/arm/4.9.3/bin/../lib/gcc/arm-none-eabi/4.9.3/../../../../arm-none-eabi/lib/armv7-m\libnosys.a(lseek.o)
                                 0x24 (size before relaxing)
 .stab          0x0000006c       0x18 c:/program files (x86)/cypress/psoc creator/3.3/psoc creator/import/gnu/arm/4.9.3/bin/../lib/gcc/arm-none-eabi/4.9.3/../../../../arm-none-eabi/lib/armv7-m\libnosys.a(read.o)
                                 0x24 (size before relaxing)
 .stab          0x00000084       0x18 c:/program files (x86)/cypress/psoc creator/3.3/psoc creator/import/gnu/arm/4.9.3/bin/../lib/gcc/arm-none-eabi/4.9.3/../../../../arm-none-eabi/lib/armv7-m\libnosys.a(write.o)
                                 0x24 (size before relaxing)

.stabstr        0x00000000      0x14d
 *(.stabstr)
 .stabstr       0x00000000      0x14d c:/program files (x86)/cypress/psoc creator/3.3/psoc creator/import/gnu/arm/4.9.3/bin/../lib/gcc/arm-none-eabi/4.9.3/../../../../arm-none-eabi/lib/armv7-m\libnosys.a(close.o)

.debug
 *(.debug)

.line
 *(.line)

.debug_srcinfo
 *(.debug_srcinfo)

.debug_sfnames
 *(.debug_sfnames)

.debug_aranges  0x00000000     0x1638
 *(.debug_aranges)
 .debug_aranges
                0x00000000       0xb0 .\CortexM3\ARM_GCC_493\Debug\main.o
 .debug_aranges
                0x000000b0       0x98 .\CortexM3\ARM_GCC_493\Debug\linkedlist.o
 .debug_aranges
                0x00000148       0x18 .\CortexM3\ARM_GCC_493\Debug\cymetadata.o
 .debug_aranges
                0x00000160       0x48 .\CortexM3\ARM_GCC_493\Debug\Cm3Start.o
 .debug_aranges
                0x000001a8       0x58 .\CortexM3\ARM_GCC_493\Debug\Design01.a(cyfitter_cfg.o)
 .debug_aranges
                0x00000200       0x20 .\CortexM3\ARM_GCC_493\Debug\Design01.a(CyBootAsmGnu.o)
 .debug_aranges
                0x00000220       0xd8 .\CortexM3\ARM_GCC_493\Debug\Design01.a(CyDmac.o)
 .debug_aranges
                0x000002f8      0x298 .\CortexM3\ARM_GCC_493\Debug\Design01.a(CyLib.o)
 .debug_aranges
                0x00000590       0x98 .\CortexM3\ARM_GCC_493\Debug\Design01.a(cyPm.o)
 .debug_aranges
                0x00000628       0x38 .\CortexM3\ARM_GCC_493\Debug\Design01.a(LED.o)
 .debug_aranges
                0x00000660       0xa8 .\CortexM3\ARM_GCC_493\Debug\Design01.a(ADC_SAR_1.o)
 .debug_aranges
                0x00000708       0x20 .\CortexM3\ARM_GCC_493\Debug\Design01.a(ADC_SAR_1_INT.o)
 .debug_aranges
                0x00000728       0x80 .\CortexM3\ARM_GCC_493\Debug\Design01.a(ADC_SAR_1_IRQ.o)
 .debug_aranges
                0x000007a8       0x70 .\CortexM3\ARM_GCC_493\Debug\Design01.a(ADC_SAR_1_theACLK.o)
 .debug_aranges
                0x00000818       0xa8 .\CortexM3\ARM_GCC_493\Debug\Design01.a(PWM_1.o)
 .debug_aranges
                0x000008c0       0xa8 .\CortexM3\ARM_GCC_493\Debug\Design01.a(PWM_2.o)
 .debug_aranges
                0x00000968       0x90 .\CortexM3\ARM_GCC_493\Debug\Design01.a(Timer_1.o)
 .debug_aranges
                0x000009f8       0x90 .\CortexM3\ARM_GCC_493\Debug\Design01.a(Timer_2.o)
 .debug_aranges
                0x00000a88       0x80 .\CortexM3\ARM_GCC_493\Debug\Design01.a(isr_1.o)
 .debug_aranges
                0x00000b08       0x80 .\CortexM3\ARM_GCC_493\Debug\Design01.a(isr_2.o)
 .debug_aranges
                0x00000b88       0x60 .\CortexM3\ARM_GCC_493\Debug\Design01.a(QuadDec_1.o)
 .debug_aranges
                0x00000be8       0x60 .\CortexM3\ARM_GCC_493\Debug\Design01.a(QuadDec_2.o)
 .debug_aranges
                0x00000c48       0x98 .\CortexM3\ARM_GCC_493\Debug\Design01.a(QuadDec_1_Cnt8.o)
 .debug_aranges
                0x00000ce0       0x98 .\CortexM3\ARM_GCC_493\Debug\Design01.a(QuadDec_2_Cnt8.o)
 .debug_aranges
                0x00000d78       0xa0 .\CortexM3\ARM_GCC_493\Debug\Design01.a(ADC_SAR_Seq_1.o)
 .debug_aranges
                0x00000e18       0x20 .\CortexM3\ARM_GCC_493\Debug\Design01.a(ADC_SAR_Seq_1_INT.o)
 .debug_aranges
                0x00000e38       0xa8 .\CortexM3\ARM_GCC_493\Debug\Design01.a(ADC_SAR_Seq_1_SAR.o)
 .debug_aranges
                0x00000ee0       0x28 .\CortexM3\ARM_GCC_493\Debug\Design01.a(ADC_SAR_Seq_1_TempBuf_dma.o)
 .debug_aranges
                0x00000f08       0x28 .\CortexM3\ARM_GCC_493\Debug\Design01.a(ADC_SAR_Seq_1_FinalBuf_dma.o)
 .debug_aranges
                0x00000f30       0x80 .\CortexM3\ARM_GCC_493\Debug\Design01.a(ADC_SAR_Seq_1_IRQ.o)
 .debug_aranges
                0x00000fb0       0x98 .\CortexM3\ARM_GCC_493\Debug\Design01.a(UART_1.o)
 .debug_aranges
                0x00001048       0x70 .\CortexM3\ARM_GCC_493\Debug\Design01.a(UART_1_IntClock.o)
 .debug_aranges
                0x000010b8       0xc8 .\CortexM3\ARM_GCC_493\Debug\Design01.a(USBUART.o)
 .debug_aranges
                0x00001180       0xe8 .\CortexM3\ARM_GCC_493\Debug\Design01.a(USBUART_cdc.o)
 .debug_aranges
                0x00001268       0x98 .\CortexM3\ARM_GCC_493\Debug\Design01.a(USBUART_drv.o)
 .debug_aranges
                0x00001300       0x40 .\CortexM3\ARM_GCC_493\Debug\Design01.a(USBUART_episr.o)
 .debug_aranges
                0x00001340       0x40 .\CortexM3\ARM_GCC_493\Debug\Design01.a(USBUART_pm.o)
 .debug_aranges
                0x00001380       0x80 .\CortexM3\ARM_GCC_493\Debug\Design01.a(USBUART_std.o)
 .debug_aranges
                0x00001400       0x20 .\CortexM3\ARM_GCC_493\Debug\Design01.a(USBUART_vnd.o)
 .debug_aranges
                0x00001420       0x48 .\CortexM3\ARM_GCC_493\Debug\Design01.a(USBUART_Dp.o)
 .debug_aranges
                0x00001468       0x80 .\CortexM3\ARM_GCC_493\Debug\Design01.a(isr_3.o)
 .debug_aranges
                0x000014e8       0x80 .\CortexM3\ARM_GCC_493\Debug\Design01.a(CyFlash.o)
 .debug_aranges
                0x00001568       0x78 .\CortexM3\ARM_GCC_493\Debug\Design01.a(CySpc.o)
 .debug_aranges
                0x000015e0       0x20 .\CortexM3\ARM_GCC_493\Debug\Design01.a(cyutils.o)
 .debug_aranges
                0x00001600       0x20 .\CortexM3\ARM_GCC_493\Debug\Design01.a(USBUART_cls.o)
 .debug_aranges
                0x00001620       0x18 .\CortexM3\ARM_GCC_493\Debug\Design01.a(USBUART_descr.o)

.debug_pubnames
 *(.debug_pubnames)

.debug_info     0x00000000     0xd3b5
 *(.debug_info .gnu.linkonce.wi.*)
 .debug_info    0x00000000     0x12b0 .\CortexM3\ARM_GCC_493\Debug\main.o
 .debug_info    0x000012b0      0x703 .\CortexM3\ARM_GCC_493\Debug\linkedlist.o
 .debug_info    0x000019b3      0x13f .\CortexM3\ARM_GCC_493\Debug\cymetadata.o
 .debug_info    0x00001af2      0x3af .\CortexM3\ARM_GCC_493\Debug\Cm3Start.o
 .debug_info    0x00001ea1      0x55e .\CortexM3\ARM_GCC_493\Debug\Design01.a(cyfitter_cfg.o)
 .debug_info    0x000023ff       0xa4 .\CortexM3\ARM_GCC_493\Debug\Design01.a(CyBootAsmGnu.o)
 .debug_info    0x000024a3      0x944 .\CortexM3\ARM_GCC_493\Debug\Design01.a(CyDmac.o)
 .debug_info    0x00002de7     0x136f .\CortexM3\ARM_GCC_493\Debug\Design01.a(CyLib.o)
 .debug_info    0x00004156      0xa57 .\CortexM3\ARM_GCC_493\Debug\Design01.a(cyPm.o)
 .debug_info    0x00004bad      0x11f .\CortexM3\ARM_GCC_493\Debug\Design01.a(LED.o)
 .debug_info    0x00004ccc      0x5f8 .\CortexM3\ARM_GCC_493\Debug\Design01.a(ADC_SAR_1.o)
 .debug_info    0x000052c4       0x92 .\CortexM3\ARM_GCC_493\Debug\Design01.a(ADC_SAR_1_INT.o)
 .debug_info    0x00005356      0x2cb .\CortexM3\ARM_GCC_493\Debug\Design01.a(ADC_SAR_1_IRQ.o)
 .debug_info    0x00005621      0x283 .\CortexM3\ARM_GCC_493\Debug\Design01.a(ADC_SAR_1_theACLK.o)
 .debug_info    0x000058a4      0x37c .\CortexM3\ARM_GCC_493\Debug\Design01.a(PWM_1.o)
 .debug_info    0x00005c20      0x37c .\CortexM3\ARM_GCC_493\Debug\Design01.a(PWM_2.o)
 .debug_info    0x00005f9c      0x33e .\CortexM3\ARM_GCC_493\Debug\Design01.a(Timer_1.o)
 .debug_info    0x000062da      0x2e9 .\CortexM3\ARM_GCC_493\Debug\Design01.a(Timer_2.o)
 .debug_info    0x000065c3      0x2cb .\CortexM3\ARM_GCC_493\Debug\Design01.a(isr_1.o)
 .debug_info    0x0000688e      0x2cb .\CortexM3\ARM_GCC_493\Debug\Design01.a(isr_2.o)
 .debug_info    0x00006b59      0x2c4 .\CortexM3\ARM_GCC_493\Debug\Design01.a(QuadDec_1.o)
 .debug_info    0x00006e1d      0x2c4 .\CortexM3\ARM_GCC_493\Debug\Design01.a(QuadDec_2.o)
 .debug_info    0x000070e1      0x323 .\CortexM3\ARM_GCC_493\Debug\Design01.a(QuadDec_1_Cnt8.o)
 .debug_info    0x00007404      0x323 .\CortexM3\ARM_GCC_493\Debug\Design01.a(QuadDec_2_Cnt8.o)
 .debug_info    0x00007727      0x7d5 .\CortexM3\ARM_GCC_493\Debug\Design01.a(ADC_SAR_Seq_1.o)
 .debug_info    0x00007efc       0x99 .\CortexM3\ARM_GCC_493\Debug\Design01.a(ADC_SAR_Seq_1_INT.o)
 .debug_info    0x00007f95      0x549 .\CortexM3\ARM_GCC_493\Debug\Design01.a(ADC_SAR_Seq_1_SAR.o)
 .debug_info    0x000084de      0x1fd .\CortexM3\ARM_GCC_493\Debug\Design01.a(ADC_SAR_Seq_1_TempBuf_dma.o)
 .debug_info    0x000086db      0x1fd .\CortexM3\ARM_GCC_493\Debug\Design01.a(ADC_SAR_Seq_1_FinalBuf_dma.o)
 .debug_info    0x000088d8      0x2cb .\CortexM3\ARM_GCC_493\Debug\Design01.a(ADC_SAR_Seq_1_IRQ.o)
 .debug_info    0x00008ba3      0x39e .\CortexM3\ARM_GCC_493\Debug\Design01.a(UART_1.o)
 .debug_info    0x00008f41      0x283 .\CortexM3\ARM_GCC_493\Debug\Design01.a(UART_1_IntClock.o)
 .debug_info    0x000091c4      0x9ac .\CortexM3\ARM_GCC_493\Debug\Design01.a(USBUART.o)
 .debug_info    0x00009b70      0xb16 .\CortexM3\ARM_GCC_493\Debug\Design01.a(USBUART_cdc.o)
 .debug_info    0x0000a686      0x649 .\CortexM3\ARM_GCC_493\Debug\Design01.a(USBUART_drv.o)
 .debug_info    0x0000accf      0x244 .\CortexM3\ARM_GCC_493\Debug\Design01.a(USBUART_episr.o)
 .debug_info    0x0000af13      0x2ef .\CortexM3\ARM_GCC_493\Debug\Design01.a(USBUART_pm.o)
 .debug_info    0x0000b202      0xb45 .\CortexM3\ARM_GCC_493\Debug\Design01.a(USBUART_std.o)
 .debug_info    0x0000bd47      0x1b2 .\CortexM3\ARM_GCC_493\Debug\Design01.a(USBUART_vnd.o)
 .debug_info    0x0000bef9      0x174 .\CortexM3\ARM_GCC_493\Debug\Design01.a(USBUART_Dp.o)
 .debug_info    0x0000c06d      0x2cb .\CortexM3\ARM_GCC_493\Debug\Design01.a(isr_3.o)
 .debug_info    0x0000c338      0x608 .\CortexM3\ARM_GCC_493\Debug\Design01.a(CyFlash.o)
 .debug_info    0x0000c940      0x4ea .\CortexM3\ARM_GCC_493\Debug\Design01.a(CySpc.o)
 .debug_info    0x0000ce2a       0xee .\CortexM3\ARM_GCC_493\Debug\Design01.a(cyutils.o)
 .debug_info    0x0000cf18      0x1d2 .\CortexM3\ARM_GCC_493\Debug\Design01.a(USBUART_cls.o)
 .debug_info    0x0000d0ea      0x2cb .\CortexM3\ARM_GCC_493\Debug\Design01.a(USBUART_descr.o)

.debug_abbrev   0x00000000     0x3fbe
 *(.debug_abbrev)
 .debug_abbrev  0x00000000      0x2d4 .\CortexM3\ARM_GCC_493\Debug\main.o
 .debug_abbrev  0x000002d4      0x199 .\CortexM3\ARM_GCC_493\Debug\linkedlist.o
 .debug_abbrev  0x0000046d       0x77 .\CortexM3\ARM_GCC_493\Debug\cymetadata.o
 .debug_abbrev  0x000004e4      0x200 .\CortexM3\ARM_GCC_493\Debug\Cm3Start.o
 .debug_abbrev  0x000006e4      0x203 .\CortexM3\ARM_GCC_493\Debug\Design01.a(cyfitter_cfg.o)
 .debug_abbrev  0x000008e7       0x14 .\CortexM3\ARM_GCC_493\Debug\Design01.a(CyBootAsmGnu.o)
 .debug_abbrev  0x000008fb      0x1cc .\CortexM3\ARM_GCC_493\Debug\Design01.a(CyDmac.o)
 .debug_abbrev  0x00000ac7      0x296 .\CortexM3\ARM_GCC_493\Debug\Design01.a(CyLib.o)
 .debug_abbrev  0x00000d5d      0x1ed .\CortexM3\ARM_GCC_493\Debug\Design01.a(cyPm.o)
 .debug_abbrev  0x00000f4a       0x90 .\CortexM3\ARM_GCC_493\Debug\Design01.a(LED.o)
 .debug_abbrev  0x00000fda      0x1eb .\CortexM3\ARM_GCC_493\Debug\Design01.a(ADC_SAR_1.o)
 .debug_abbrev  0x000011c5       0x42 .\CortexM3\ARM_GCC_493\Debug\Design01.a(ADC_SAR_1_INT.o)
 .debug_abbrev  0x00001207      0x173 .\CortexM3\ARM_GCC_493\Debug\Design01.a(ADC_SAR_1_IRQ.o)
 .debug_abbrev  0x0000137a      0x139 .\CortexM3\ARM_GCC_493\Debug\Design01.a(ADC_SAR_1_theACLK.o)
 .debug_abbrev  0x000014b3      0x14d .\CortexM3\ARM_GCC_493\Debug\Design01.a(PWM_1.o)
 .debug_abbrev  0x00001600      0x14d .\CortexM3\ARM_GCC_493\Debug\Design01.a(PWM_2.o)
 .debug_abbrev  0x0000174d      0x170 .\CortexM3\ARM_GCC_493\Debug\Design01.a(Timer_1.o)
 .debug_abbrev  0x000018bd      0x145 .\CortexM3\ARM_GCC_493\Debug\Design01.a(Timer_2.o)
 .debug_abbrev  0x00001a02      0x173 .\CortexM3\ARM_GCC_493\Debug\Design01.a(isr_1.o)
 .debug_abbrev  0x00001b75      0x173 .\CortexM3\ARM_GCC_493\Debug\Design01.a(isr_2.o)
 .debug_abbrev  0x00001ce8      0x17e .\CortexM3\ARM_GCC_493\Debug\Design01.a(QuadDec_1.o)
 .debug_abbrev  0x00001e66      0x17e .\CortexM3\ARM_GCC_493\Debug\Design01.a(QuadDec_2.o)
 .debug_abbrev  0x00001fe4      0x131 .\CortexM3\ARM_GCC_493\Debug\Design01.a(QuadDec_1_Cnt8.o)
 .debug_abbrev  0x00002115      0x131 .\CortexM3\ARM_GCC_493\Debug\Design01.a(QuadDec_2_Cnt8.o)
 .debug_abbrev  0x00002246      0x1a3 .\CortexM3\ARM_GCC_493\Debug\Design01.a(ADC_SAR_Seq_1.o)
 .debug_abbrev  0x000023e9       0x42 .\CortexM3\ARM_GCC_493\Debug\Design01.a(ADC_SAR_Seq_1_INT.o)
 .debug_abbrev  0x0000242b      0x1d9 .\CortexM3\ARM_GCC_493\Debug\Design01.a(ADC_SAR_Seq_1_SAR.o)
 .debug_abbrev  0x00002604       0xeb .\CortexM3\ARM_GCC_493\Debug\Design01.a(ADC_SAR_Seq_1_TempBuf_dma.o)
 .debug_abbrev  0x000026ef       0xeb .\CortexM3\ARM_GCC_493\Debug\Design01.a(ADC_SAR_Seq_1_FinalBuf_dma.o)
 .debug_abbrev  0x000027da      0x173 .\CortexM3\ARM_GCC_493\Debug\Design01.a(ADC_SAR_Seq_1_IRQ.o)
 .debug_abbrev  0x0000294d      0x16d .\CortexM3\ARM_GCC_493\Debug\Design01.a(UART_1.o)
 .debug_abbrev  0x00002aba      0x139 .\CortexM3\ARM_GCC_493\Debug\Design01.a(UART_1_IntClock.o)
 .debug_abbrev  0x00002bf3      0x25e .\CortexM3\ARM_GCC_493\Debug\Design01.a(USBUART.o)
 .debug_abbrev  0x00002e51      0x28b .\CortexM3\ARM_GCC_493\Debug\Design01.a(USBUART_cdc.o)
 .debug_abbrev  0x000030dc      0x18b .\CortexM3\ARM_GCC_493\Debug\Design01.a(USBUART_drv.o)
 .debug_abbrev  0x00003267      0x11b .\CortexM3\ARM_GCC_493\Debug\Design01.a(USBUART_episr.o)
 .debug_abbrev  0x00003382      0x146 .\CortexM3\ARM_GCC_493\Debug\Design01.a(USBUART_pm.o)
 .debug_abbrev  0x000034c8      0x23d .\CortexM3\ARM_GCC_493\Debug\Design01.a(USBUART_std.o)
 .debug_abbrev  0x00003705       0xe3 .\CortexM3\ARM_GCC_493\Debug\Design01.a(USBUART_vnd.o)
 .debug_abbrev  0x000037e8       0x90 .\CortexM3\ARM_GCC_493\Debug\Design01.a(USBUART_Dp.o)
 .debug_abbrev  0x00003878      0x173 .\CortexM3\ARM_GCC_493\Debug\Design01.a(isr_3.o)
 .debug_abbrev  0x000039eb      0x1ed .\CortexM3\ARM_GCC_493\Debug\Design01.a(CyFlash.o)
 .debug_abbrev  0x00003bd8      0x1c1 .\CortexM3\ARM_GCC_493\Debug\Design01.a(CySpc.o)
 .debug_abbrev  0x00003d99       0x8e .\CortexM3\ARM_GCC_493\Debug\Design01.a(cyutils.o)
 .debug_abbrev  0x00003e27       0xe3 .\CortexM3\ARM_GCC_493\Debug\Design01.a(USBUART_cls.o)
 .debug_abbrev  0x00003f0a       0xb4 .\CortexM3\ARM_GCC_493\Debug\Design01.a(USBUART_descr.o)

.debug_line     0x00000000     0x4f9f
 *(.debug_line)
 .debug_line    0x00000000      0x505 .\CortexM3\ARM_GCC_493\Debug\main.o
 .debug_line    0x00000505      0x2a4 .\CortexM3\ARM_GCC_493\Debug\linkedlist.o
 .debug_line    0x000007a9       0x53 .\CortexM3\ARM_GCC_493\Debug\cymetadata.o
 .debug_line    0x000007fc      0x254 .\CortexM3\ARM_GCC_493\Debug\Cm3Start.o
 .debug_line    0x00000a50      0x1f2 .\CortexM3\ARM_GCC_493\Debug\Design01.a(cyfitter_cfg.o)
 .debug_line    0x00000c42       0x68 .\CortexM3\ARM_GCC_493\Debug\Design01.a(CyBootAsmGnu.o)
 .debug_line    0x00000caa      0x2e5 .\CortexM3\ARM_GCC_493\Debug\Design01.a(CyDmac.o)
 .debug_line    0x00000f8f      0x806 .\CortexM3\ARM_GCC_493\Debug\Design01.a(CyLib.o)
 .debug_line    0x00001795      0x366 .\CortexM3\ARM_GCC_493\Debug\Design01.a(cyPm.o)
 .debug_line    0x00001afb       0x92 .\CortexM3\ARM_GCC_493\Debug\Design01.a(LED.o)
 .debug_line    0x00001b8d      0x221 .\CortexM3\ARM_GCC_493\Debug\Design01.a(ADC_SAR_1.o)
 .debug_line    0x00001dae       0x58 .\CortexM3\ARM_GCC_493\Debug\Design01.a(ADC_SAR_1_INT.o)
 .debug_line    0x00001e06      0x153 .\CortexM3\ARM_GCC_493\Debug\Design01.a(ADC_SAR_1_IRQ.o)
 .debug_line    0x00001f59      0x199 .\CortexM3\ARM_GCC_493\Debug\Design01.a(ADC_SAR_1_theACLK.o)
 .debug_line    0x000020f2      0x1ab .\CortexM3\ARM_GCC_493\Debug\Design01.a(PWM_1.o)
 .debug_line    0x0000229d      0x1ab .\CortexM3\ARM_GCC_493\Debug\Design01.a(PWM_2.o)
 .debug_line    0x00002448      0x174 .\CortexM3\ARM_GCC_493\Debug\Design01.a(Timer_1.o)
 .debug_line    0x000025bc      0x174 .\CortexM3\ARM_GCC_493\Debug\Design01.a(Timer_2.o)
 .debug_line    0x00002730      0x14b .\CortexM3\ARM_GCC_493\Debug\Design01.a(isr_1.o)
 .debug_line    0x0000287b      0x14b .\CortexM3\ARM_GCC_493\Debug\Design01.a(isr_2.o)
 .debug_line    0x000029c6      0x11f .\CortexM3\ARM_GCC_493\Debug\Design01.a(QuadDec_1.o)
 .debug_line    0x00002ae5      0x11f .\CortexM3\ARM_GCC_493\Debug\Design01.a(QuadDec_2.o)
 .debug_line    0x00002c04      0x190 .\CortexM3\ARM_GCC_493\Debug\Design01.a(QuadDec_1_Cnt8.o)
 .debug_line    0x00002d94      0x190 .\CortexM3\ARM_GCC_493\Debug\Design01.a(QuadDec_2_Cnt8.o)
 .debug_line    0x00002f24      0x24d .\CortexM3\ARM_GCC_493\Debug\Design01.a(ADC_SAR_Seq_1.o)
 .debug_line    0x00003171       0x5c .\CortexM3\ARM_GCC_493\Debug\Design01.a(ADC_SAR_Seq_1_INT.o)
 .debug_line    0x000031cd      0x20e .\CortexM3\ARM_GCC_493\Debug\Design01.a(ADC_SAR_Seq_1_SAR.o)
 .debug_line    0x000033db       0xab .\CortexM3\ARM_GCC_493\Debug\Design01.a(ADC_SAR_Seq_1_TempBuf_dma.o)
 .debug_line    0x00003486       0xac .\CortexM3\ARM_GCC_493\Debug\Design01.a(ADC_SAR_Seq_1_FinalBuf_dma.o)
 .debug_line    0x00003532      0x157 .\CortexM3\ARM_GCC_493\Debug\Design01.a(ADC_SAR_Seq_1_IRQ.o)
 .debug_line    0x00003689      0x1ae .\CortexM3\ARM_GCC_493\Debug\Design01.a(UART_1.o)
 .debug_line    0x00003837      0x197 .\CortexM3\ARM_GCC_493\Debug\Design01.a(UART_1_IntClock.o)
 .debug_line    0x000039ce      0x2ca .\CortexM3\ARM_GCC_493\Debug\Design01.a(USBUART.o)
 .debug_line    0x00003c98      0x2f4 .\CortexM3\ARM_GCC_493\Debug\Design01.a(USBUART_cdc.o)
 .debug_line    0x00003f8c      0x223 .\CortexM3\ARM_GCC_493\Debug\Design01.a(USBUART_drv.o)
 .debug_line    0x000041af       0xe8 .\CortexM3\ARM_GCC_493\Debug\Design01.a(USBUART_episr.o)
 .debug_line    0x00004297      0x110 .\CortexM3\ARM_GCC_493\Debug\Design01.a(USBUART_pm.o)
 .debug_line    0x000043a7      0x3e0 .\CortexM3\ARM_GCC_493\Debug\Design01.a(USBUART_std.o)
 .debug_line    0x00004787       0x8d .\CortexM3\ARM_GCC_493\Debug\Design01.a(USBUART_vnd.o)
 .debug_line    0x00004814       0xbd .\CortexM3\ARM_GCC_493\Debug\Design01.a(USBUART_Dp.o)
 .debug_line    0x000048d1      0x14b .\CortexM3\ARM_GCC_493\Debug\Design01.a(isr_3.o)
 .debug_line    0x00004a1c      0x1ec .\CortexM3\ARM_GCC_493\Debug\Design01.a(CyFlash.o)
 .debug_line    0x00004c08      0x23e .\CortexM3\ARM_GCC_493\Debug\Design01.a(CySpc.o)
 .debug_line    0x00004e46       0x62 .\CortexM3\ARM_GCC_493\Debug\Design01.a(cyutils.o)
 .debug_line    0x00004ea8       0x94 .\CortexM3\ARM_GCC_493\Debug\Design01.a(USBUART_cls.o)
 .debug_line    0x00004f3c       0x63 .\CortexM3\ARM_GCC_493\Debug\Design01.a(USBUART_descr.o)

.debug_frame    0x00000000     0x3ebc
 *(.debug_frame)
 .debug_frame   0x00000000      0x1f4 .\CortexM3\ARM_GCC_493\Debug\main.o
 .debug_frame   0x000001f4      0x254 .\CortexM3\ARM_GCC_493\Debug\linkedlist.o
 .debug_frame   0x00000448       0xac .\CortexM3\ARM_GCC_493\Debug\Cm3Start.o
 .debug_frame   0x000004f4       0xe4 .\CortexM3\ARM_GCC_493\Debug\Design01.a(cyfitter_cfg.o)
 .debug_frame   0x000005d8      0x1f4 .\CortexM3\ARM_GCC_493\Debug\Design01.a(CyDmac.o)
 .debug_frame   0x000007cc      0x728 .\CortexM3\ARM_GCC_493\Debug\Design01.a(CyLib.o)
 .debug_frame   0x00000ef4      0x1f8 .\CortexM3\ARM_GCC_493\Debug\Design01.a(cyPm.o)
 .debug_frame   0x000010ec       0x50 .\CortexM3\ARM_GCC_493\Debug\Design01.a(LED.o)
 .debug_frame   0x0000113c      0x1a4 .\CortexM3\ARM_GCC_493\Debug\Design01.a(ADC_SAR_1.o)
 .debug_frame   0x000012e0       0x20 .\CortexM3\ARM_GCC_493\Debug\Design01.a(ADC_SAR_1_INT.o)
 .debug_frame   0x00001300      0x104 .\CortexM3\ARM_GCC_493\Debug\Design01.a(ADC_SAR_1_IRQ.o)
 .debug_frame   0x00001404       0xe0 .\CortexM3\ARM_GCC_493\Debug\Design01.a(ADC_SAR_1_theACLK.o)
 .debug_frame   0x000014e4      0x154 .\CortexM3\ARM_GCC_493\Debug\Design01.a(PWM_1.o)
 .debug_frame   0x00001638      0x154 .\CortexM3\ARM_GCC_493\Debug\Design01.a(PWM_2.o)
 .debug_frame   0x0000178c      0x13c .\CortexM3\ARM_GCC_493\Debug\Design01.a(Timer_1.o)
 .debug_frame   0x000018c8      0x124 .\CortexM3\ARM_GCC_493\Debug\Design01.a(Timer_2.o)
 .debug_frame   0x000019ec      0x104 .\CortexM3\ARM_GCC_493\Debug\Design01.a(isr_1.o)
 .debug_frame   0x00001af0      0x104 .\CortexM3\ARM_GCC_493\Debug\Design01.a(isr_2.o)
 .debug_frame   0x00001bf4       0xdc .\CortexM3\ARM_GCC_493\Debug\Design01.a(QuadDec_1.o)
 .debug_frame   0x00001cd0       0xdc .\CortexM3\ARM_GCC_493\Debug\Design01.a(QuadDec_2.o)
 .debug_frame   0x00001dac      0x134 .\CortexM3\ARM_GCC_493\Debug\Design01.a(QuadDec_1_Cnt8.o)
 .debug_frame   0x00001ee0      0x134 .\CortexM3\ARM_GCC_493\Debug\Design01.a(QuadDec_2_Cnt8.o)
 .debug_frame   0x00002014      0x1dc .\CortexM3\ARM_GCC_493\Debug\Design01.a(ADC_SAR_Seq_1.o)
 .debug_frame   0x000021f0       0x20 .\CortexM3\ARM_GCC_493\Debug\Design01.a(ADC_SAR_Seq_1_INT.o)
 .debug_frame   0x00002210      0x1a4 .\CortexM3\ARM_GCC_493\Debug\Design01.a(ADC_SAR_Seq_1_SAR.o)
 .debug_frame   0x000023b4       0x54 .\CortexM3\ARM_GCC_493\Debug\Design01.a(ADC_SAR_Seq_1_TempBuf_dma.o)
 .debug_frame   0x00002408       0x54 .\CortexM3\ARM_GCC_493\Debug\Design01.a(ADC_SAR_Seq_1_FinalBuf_dma.o)
 .debug_frame   0x0000245c      0x104 .\CortexM3\ARM_GCC_493\Debug\Design01.a(ADC_SAR_Seq_1_IRQ.o)
 .debug_frame   0x00002560      0x14c .\CortexM3\ARM_GCC_493\Debug\Design01.a(UART_1.o)
 .debug_frame   0x000026ac       0xe0 .\CortexM3\ARM_GCC_493\Debug\Design01.a(UART_1_IntClock.o)
 .debug_frame   0x0000278c      0x1dc .\CortexM3\ARM_GCC_493\Debug\Design01.a(USBUART.o)
 .debug_frame   0x00002968      0x278 .\CortexM3\ARM_GCC_493\Debug\Design01.a(USBUART_cdc.o)
 .debug_frame   0x00002be0      0x194 .\CortexM3\ARM_GCC_493\Debug\Design01.a(USBUART_drv.o)
 .debug_frame   0x00002d74       0x6c .\CortexM3\ARM_GCC_493\Debug\Design01.a(USBUART_episr.o)
 .debug_frame   0x00002de0       0xa0 .\CortexM3\ARM_GCC_493\Debug\Design01.a(USBUART_pm.o)
 .debug_frame   0x00002e80      0x17c .\CortexM3\ARM_GCC_493\Debug\Design01.a(USBUART_std.o)
 .debug_frame   0x00002ffc       0x2c .\CortexM3\ARM_GCC_493\Debug\Design01.a(USBUART_vnd.o)
 .debug_frame   0x00003028       0x70 .\CortexM3\ARM_GCC_493\Debug\Design01.a(USBUART_Dp.o)
 .debug_frame   0x00003098      0x104 .\CortexM3\ARM_GCC_493\Debug\Design01.a(isr_3.o)
 .debug_frame   0x0000319c      0x174 .\CortexM3\ARM_GCC_493\Debug\Design01.a(CyFlash.o)
 .debug_frame   0x00003310      0x160 .\CortexM3\ARM_GCC_493\Debug\Design01.a(CySpc.o)
 .debug_frame   0x00003470       0x20 .\CortexM3\ARM_GCC_493\Debug\Design01.a(cyutils.o)
 .debug_frame   0x00003490       0x2c .\CortexM3\ARM_GCC_493\Debug\Design01.a(USBUART_cls.o)
 .debug_frame   0x000034bc       0x28 c:/program files (x86)/cypress/psoc creator/3.3/psoc creator/import/gnu/arm/4.9.3/bin/../lib/gcc/arm-none-eabi/4.9.3/armv7-m\libgcc.a(_aeabi_ldivmod.o)
 .debug_frame   0x000034e4       0x54 c:/program files (x86)/cypress/psoc creator/3.3/psoc creator/import/gnu/arm/4.9.3/bin/../lib/gcc/arm-none-eabi/4.9.3/armv7-m\libgcc.a(bpabi.o)
 .debug_frame   0x00003538       0x34 c:/program files (x86)/cypress/psoc creator/3.3/psoc creator/import/gnu/arm/4.9.3/bin/../lib/gcc/arm-none-eabi/4.9.3/armv7-m\libgcc.a(_divdi3.o)
 .debug_frame   0x0000356c       0x34 c:/program files (x86)/cypress/psoc creator/3.3/psoc creator/import/gnu/arm/4.9.3/bin/../lib/gcc/arm-none-eabi/4.9.3/armv7-m\libgcc.a(_udivdi3.o)
 .debug_frame   0x000035a0       0x20 c:/program files (x86)/cypress/psoc creator/3.3/psoc creator/import/gnu/arm/4.9.3/bin/../lib/gcc/arm-none-eabi/4.9.3/../../../../arm-none-eabi/lib/armv7-m\libg_nano.a(lib_a-errno.o)
 .debug_frame   0x000035c0       0x28 c:/program files (x86)/cypress/psoc creator/3.3/psoc creator/import/gnu/arm/4.9.3/bin/../lib/gcc/arm-none-eabi/4.9.3/../../../../arm-none-eabi/lib/armv7-m\libg_nano.a(lib_a-exit.o)
 .debug_frame   0x000035e8       0x2c c:/program files (x86)/cypress/psoc creator/3.3/psoc creator/import/gnu/arm/4.9.3/bin/../lib/gcc/arm-none-eabi/4.9.3/../../../../arm-none-eabi/lib/armv7-m\libg_nano.a(lib_a-init.o)
 .debug_frame   0x00003614       0x30 c:/program files (x86)/cypress/psoc creator/3.3/psoc creator/import/gnu/arm/4.9.3/bin/../lib/gcc/arm-none-eabi/4.9.3/../../../../arm-none-eabi/lib/armv7-m\libg_nano.a(lib_a-malloc.o)
 .debug_frame   0x00003644       0x28 c:/program files (x86)/cypress/psoc creator/3.3/psoc creator/import/gnu/arm/4.9.3/bin/../lib/gcc/arm-none-eabi/4.9.3/../../../../arm-none-eabi/lib/armv7-m\libg_nano.a(lib_a-memcpy.o)
 .debug_frame   0x0000366c       0x20 c:/program files (x86)/cypress/psoc creator/3.3/psoc creator/import/gnu/arm/4.9.3/bin/../lib/gcc/arm-none-eabi/4.9.3/../../../../arm-none-eabi/lib/armv7-m\libg_nano.a(lib_a-memset.o)
 .debug_frame   0x0000368c       0x2c c:/program files (x86)/cypress/psoc creator/3.3/psoc creator/import/gnu/arm/4.9.3/bin/../lib/gcc/arm-none-eabi/4.9.3/../../../../arm-none-eabi/lib/armv7-m\libg_nano.a(lib_a-nano-freer.o)
 .debug_frame   0x000036b8       0x2c c:/program files (x86)/cypress/psoc creator/3.3/psoc creator/import/gnu/arm/4.9.3/bin/../lib/gcc/arm-none-eabi/4.9.3/../../../../arm-none-eabi/lib/armv7-m\libg_nano.a(lib_a-nano-mallocr.o)
 .debug_frame   0x000036e4       0x74 c:/program files (x86)/cypress/psoc creator/3.3/psoc creator/import/gnu/arm/4.9.3/bin/../lib/gcc/arm-none-eabi/4.9.3/../../../../arm-none-eabi/lib/armv7-m\libg_nano.a(lib_a-printf.o)
 .debug_frame   0x00003758       0x2c c:/program files (x86)/cypress/psoc creator/3.3/psoc creator/import/gnu/arm/4.9.3/bin/../lib/gcc/arm-none-eabi/4.9.3/../../../../arm-none-eabi/lib/armv7-m\libg_nano.a(lib_a-sbrkr.o)
 .debug_frame   0x00003784       0x20 c:/program files (x86)/cypress/psoc creator/3.3/psoc creator/import/gnu/arm/4.9.3/bin/../lib/gcc/arm-none-eabi/4.9.3/../../../../arm-none-eabi/lib/armv7-m\libg_nano.a(lib_a-strlen.o)
 .debug_frame   0x000037a4      0x11c c:/program files (x86)/cypress/psoc creator/3.3/psoc creator/import/gnu/arm/4.9.3/bin/../lib/gcc/arm-none-eabi/4.9.3/../../../../arm-none-eabi/lib/armv7-m\libg_nano.a(lib_a-findfp.o)
 .debug_frame   0x000038c0       0x54 c:/program files (x86)/cypress/psoc creator/3.3/psoc creator/import/gnu/arm/4.9.3/bin/../lib/gcc/arm-none-eabi/4.9.3/../../../../arm-none-eabi/lib/armv7-m\libg_nano.a(lib_a-fwalk.o)
 .debug_frame   0x00003914       0xb8 c:/program files (x86)/cypress/psoc creator/3.3/psoc creator/import/gnu/arm/4.9.3/bin/../lib/gcc/arm-none-eabi/4.9.3/../../../../arm-none-eabi/lib/armv7-m\libg_nano.a(lib_a-nano-vfprintf.o)